Archive member included to satisfy reference by file (symbol)

/opt/st/stm32cubeide_1.3.0/plugins/com.st.stm32cube.ide.mcu.externaltools.gnu-tools-for-stm32.7-2018-q2-update.linux64_1.0.0.201904181610/tools/bin/../lib/gcc/arm-none-eabi/7.3.1/../../../../arm-none-eabi/lib/thumb/v7e-m/fpv4-sp/hard/libc_nano.a(lib_a-errno.o)
                              Core/Src/syscalls.o (__errno)
/opt/st/stm32cubeide_1.3.0/plugins/com.st.stm32cube.ide.mcu.externaltools.gnu-tools-for-stm32.7-2018-q2-update.linux64_1.0.0.201904181610/tools/bin/../lib/gcc/arm-none-eabi/7.3.1/../../../../arm-none-eabi/lib/thumb/v7e-m/fpv4-sp/hard/libc_nano.a(lib_a-exit.o)
                              /opt/st/stm32cubeide_1.3.0/plugins/com.st.stm32cube.ide.mcu.externaltools.gnu-tools-for-stm32.7-2018-q2-update.linux64_1.0.0.201904181610/tools/bin/../lib/gcc/arm-none-eabi/7.3.1/../../../../arm-none-eabi/lib/thumb/v7e-m/fpv4-sp/hard/crt0.o (exit)
/opt/st/stm32cubeide_1.3.0/plugins/com.st.stm32cube.ide.mcu.externaltools.gnu-tools-for-stm32.7-2018-q2-update.linux64_1.0.0.201904181610/tools/bin/../lib/gcc/arm-none-eabi/7.3.1/../../../../arm-none-eabi/lib/thumb/v7e-m/fpv4-sp/hard/libc_nano.a(lib_a-impure.o)
                              /opt/st/stm32cubeide_1.3.0/plugins/com.st.stm32cube.ide.mcu.externaltools.gnu-tools-for-stm32.7-2018-q2-update.linux64_1.0.0.201904181610/tools/bin/../lib/gcc/arm-none-eabi/7.3.1/../../../../arm-none-eabi/lib/thumb/v7e-m/fpv4-sp/hard/libc_nano.a(lib_a-exit.o) (_global_impure_ptr)
/opt/st/stm32cubeide_1.3.0/plugins/com.st.stm32cube.ide.mcu.externaltools.gnu-tools-for-stm32.7-2018-q2-update.linux64_1.0.0.201904181610/tools/bin/../lib/gcc/arm-none-eabi/7.3.1/../../../../arm-none-eabi/lib/thumb/v7e-m/fpv4-sp/hard/libc_nano.a(lib_a-init.o)
                              /opt/st/stm32cubeide_1.3.0/plugins/com.st.stm32cube.ide.mcu.externaltools.gnu-tools-for-stm32.7-2018-q2-update.linux64_1.0.0.201904181610/tools/bin/../lib/gcc/arm-none-eabi/7.3.1/../../../../arm-none-eabi/lib/thumb/v7e-m/fpv4-sp/hard/crt0.o (__libc_init_array)
/opt/st/stm32cubeide_1.3.0/plugins/com.st.stm32cube.ide.mcu.externaltools.gnu-tools-for-stm32.7-2018-q2-update.linux64_1.0.0.201904181610/tools/bin/../lib/gcc/arm-none-eabi/7.3.1/../../../../arm-none-eabi/lib/thumb/v7e-m/fpv4-sp/hard/libc_nano.a(lib_a-memcpy-stub.o)
                              Third-Party/FreeRTOS/org/Source/queue.o (memcpy)
/opt/st/stm32cubeide_1.3.0/plugins/com.st.stm32cube.ide.mcu.externaltools.gnu-tools-for-stm32.7-2018-q2-update.linux64_1.0.0.201904181610/tools/bin/../lib/gcc/arm-none-eabi/7.3.1/../../../../arm-none-eabi/lib/thumb/v7e-m/fpv4-sp/hard/libc_nano.a(lib_a-memset.o)
                              /opt/st/stm32cubeide_1.3.0/plugins/com.st.stm32cube.ide.mcu.externaltools.gnu-tools-for-stm32.7-2018-q2-update.linux64_1.0.0.201904181610/tools/bin/../lib/gcc/arm-none-eabi/7.3.1/../../../../arm-none-eabi/lib/thumb/v7e-m/fpv4-sp/hard/crt0.o (memset)
/opt/st/stm32cubeide_1.3.0/plugins/com.st.stm32cube.ide.mcu.externaltools.gnu-tools-for-stm32.7-2018-q2-update.linux64_1.0.0.201904181610/tools/bin/../lib/gcc/arm-none-eabi/7.3.1/thumb/v7e-m/fpv4-sp/hard/libgcc.a(_aeabi_uldivmod.o)
                              Drivers/STM32F4xx_HAL_Driver/Src/stm32f4xx_hal_rcc.o (__aeabi_uldivmod)
/opt/st/stm32cubeide_1.3.0/plugins/com.st.stm32cube.ide.mcu.externaltools.gnu-tools-for-stm32.7-2018-q2-update.linux64_1.0.0.201904181610/tools/bin/../lib/gcc/arm-none-eabi/7.3.1/thumb/v7e-m/fpv4-sp/hard/libgcc.a(_udivmoddi4.o)
                              /opt/st/stm32cubeide_1.3.0/plugins/com.st.stm32cube.ide.mcu.externaltools.gnu-tools-for-stm32.7-2018-q2-update.linux64_1.0.0.201904181610/tools/bin/../lib/gcc/arm-none-eabi/7.3.1/thumb/v7e-m/fpv4-sp/hard/libgcc.a(_aeabi_uldivmod.o) (__udivmoddi4)
/opt/st/stm32cubeide_1.3.0/plugins/com.st.stm32cube.ide.mcu.externaltools.gnu-tools-for-stm32.7-2018-q2-update.linux64_1.0.0.201904181610/tools/bin/../lib/gcc/arm-none-eabi/7.3.1/thumb/v7e-m/fpv4-sp/hard/libgcc.a(_dvmd_tls.o)
                              /opt/st/stm32cubeide_1.3.0/plugins/com.st.stm32cube.ide.mcu.externaltools.gnu-tools-for-stm32.7-2018-q2-update.linux64_1.0.0.201904181610/tools/bin/../lib/gcc/arm-none-eabi/7.3.1/thumb/v7e-m/fpv4-sp/hard/libgcc.a(_aeabi_uldivmod.o) (__aeabi_ldiv0)

Allocating common symbols
Common symbol       size              file

uwTick              0x4               Drivers/STM32F4xx_HAL_Driver/Src/stm32f4xx_hal.o
xQueueRegistry      0x40              Third-Party/FreeRTOS/org/Source/queue.o
pFlash              0x20              Drivers/STM32F4xx_HAL_Driver/Src/stm32f4xx_hal_flash.o
htim2               0x40              Core/Src/stm32f4xx_hal_timebase_tim.o

Discarded input sections

 .text          0x0000000000000000        0x0 /opt/st/stm32cubeide_1.3.0/plugins/com.st.stm32cube.ide.mcu.externaltools.gnu-tools-for-stm32.7-2018-q2-update.linux64_1.0.0.201904181610/tools/bin/../lib/gcc/arm-none-eabi/7.3.1/thumb/v7e-m/fpv4-sp/hard/crti.o
[...]
Memory Configuration

Name             Origin             Length             Attributes
RAM              0x0000000020000000 0x0000000000020000 xrw
FLASH            0x0000000008000000 0x0000000000080000 xr
*default*        0x0000000000000000 0xffffffffffffffff

Linker script and memory map

LOAD /opt/st/stm32cubeide_1.3.0/plugins/com.st.stm32cube.ide.mcu.externaltools.gnu-tools-for-stm32.7-2018-q2-update.linux64_1.0.0.201904181610/tools/bin/../lib/gcc/arm-none-eabi/7.3.1/thumb/v7e-m/fpv4-sp/hard/crti.o
LOAD /opt/st/stm32cubeide_1.3.0/plugins/com.st.stm32cube.ide.mcu.externaltools.gnu-tools-for-stm32.7-2018-q2-update.linux64_1.0.0.201904181610/tools/bin/../lib/gcc/arm-none-eabi/7.3.1/thumb/v7e-m/fpv4-sp/hard/crtbegin.o
LOAD /opt/st/stm32cubeide_1.3.0/plugins/com.st.stm32cube.ide.mcu.externaltools.gnu-tools-for-stm32.7-2018-q2-update.linux64_1.0.0.201904181610/tools/bin/../lib/gcc/arm-none-eabi/7.3.1/../../../../arm-none-eabi/lib/thumb/v7e-m/fpv4-sp/hard/crt0.o
LOAD Core/Src/main.o
LOAD Core/Src/stm32f4xx_hal_msp.o
LOAD Core/Src/stm32f4xx_hal_timebase_tim.o
LOAD Core/Src/stm32f4xx_it.o
LOAD Core/Src/syscalls.o
LOAD Core/Src/sysmem.o
LOAD Core/Src/system_stm32f4xx.o
LOAD Core/Startup/startup_stm32f411retx.o
LOAD Drivers/STM32F4xx_HAL_Driver/Src/stm32f4xx_hal.o
LOAD Drivers/STM32F4xx_HAL_Driver/Src/stm32f4xx_hal_cortex.o
LOAD Drivers/STM32F4xx_HAL_Driver/Src/stm32f4xx_hal_dma.o
LOAD Drivers/STM32F4xx_HAL_Driver/Src/stm32f4xx_hal_dma_ex.o
LOAD Drivers/STM32F4xx_HAL_Driver/Src/stm32f4xx_hal_exti.o
LOAD Drivers/STM32F4xx_HAL_Driver/Src/stm32f4xx_hal_flash.o
LOAD Drivers/STM32F4xx_HAL_Driver/Src/stm32f4xx_hal_flash_ex.o
LOAD Drivers/STM32F4xx_HAL_Driver/Src/stm32f4xx_hal_flash_ramfunc.o
LOAD Drivers/STM32F4xx_HAL_Driver/Src/stm32f4xx_hal_gpio.o
LOAD Drivers/STM32F4xx_HAL_Driver/Src/stm32f4xx_hal_pwr.o
LOAD Drivers/STM32F4xx_HAL_Driver/Src/stm32f4xx_hal_pwr_ex.o
LOAD Drivers/STM32F4xx_HAL_Driver/Src/stm32f4xx_hal_rcc.o
LOAD Drivers/STM32F4xx_HAL_Driver/Src/stm32f4xx_hal_rcc_ex.o
LOAD Drivers/STM32F4xx_HAL_Driver/Src/stm32f4xx_hal_tim.o
LOAD Drivers/STM32F4xx_HAL_Driver/Src/stm32f4xx_hal_tim_ex.o
LOAD Third-Party/FreeRTOS/org/Source/croutine.o
LOAD Third-Party/FreeRTOS/org/Source/event_groups.o
LOAD Third-Party/FreeRTOS/org/Source/list.o
LOAD Third-Party/FreeRTOS/org/Source/queue.o
LOAD Third-Party/FreeRTOS/org/Source/stream_buffer.o
LOAD Third-Party/FreeRTOS/org/Source/tasks.o
LOAD Third-Party/FreeRTOS/org/Source/timers.o
LOAD Third-Party/FreeRTOS/org/Source/portable/GCC/ARM_CM4F/port.o
LOAD Third-Party/FreeRTOS/org/Source/portable/MemMang/heap_4.o
START GROUP
LOAD /opt/st/stm32cubeide_1.3.0/plugins/com.st.stm32cube.ide.mcu.externaltools.gnu-tools-for-stm32.7-2018-q2-update.linux64_1.0.0.201904181610/tools/bin/../lib/gcc/arm-none-eabi/7.3.1/../../../../arm-none-eabi/lib/thumb/v7e-m/fpv4-sp/hard/libc_nano.a
LOAD /opt/st/stm32cubeide_1.3.0/plugins/com.st.stm32cube.ide.mcu.externaltools.gnu-tools-for-stm32.7-2018-q2-update.linux64_1.0.0.201904181610/tools/bin/../lib/gcc/arm-none-eabi/7.3.1/../../../../arm-none-eabi/lib/thumb/v7e-m/fpv4-sp/hard/libm.a
END GROUP
START GROUP
LOAD /opt/st/stm32cubeide_1.3.0/plugins/com.st.stm32cube.ide.mcu.externaltools.gnu-tools-for-stm32.7-2018-q2-update.linux64_1.0.0.201904181610/tools/bin/../lib/gcc/arm-none-eabi/7.3.1/thumb/v7e-m/fpv4-sp/hard/libgcc.a
LOAD /opt/st/stm32cubeide_1.3.0/plugins/com.st.stm32cube.ide.mcu.externaltools.gnu-tools-for-stm32.7-2018-q2-update.linux64_1.0.0.201904181610/tools/bin/../lib/gcc/arm-none-eabi/7.3.1/../../../../arm-none-eabi/lib/thumb/v7e-m/fpv4-sp/hard/libc_nano.a
END GROUP
START GROUP
LOAD /opt/st/stm32cubeide_1.3.0/plugins/com.st.stm32cube.ide.mcu.externaltools.gnu-tools-for-stm32.7-2018-q2-update.linux64_1.0.0.201904181610/tools/bin/../lib/gcc/arm-none-eabi/7.3.1/thumb/v7e-m/fpv4-sp/hard/libgcc.a
LOAD /opt/st/stm32cubeide_1.3.0/plugins/com.st.stm32cube.ide.mcu.externaltools.gnu-tools-for-stm32.7-2018-q2-update.linux64_1.0.0.201904181610/tools/bin/../lib/gcc/arm-none-eabi/7.3.1/../../../../arm-none-eabi/lib/thumb/v7e-m/fpv4-sp/hard/libc_nano.a
LOAD /opt/st/stm32cubeide_1.3.0/plugins/com.st.stm32cube.ide.mcu.externaltools.gnu-tools-for-stm32.7-2018-q2-update.linux64_1.0.0.201904181610/tools/bin/../lib/gcc/arm-none-eabi/7.3.1/../../../../arm-none-eabi/lib/thumb/v7e-m/fpv4-sp/hard/libnosys.a
END GROUP
START GROUP
LOAD /opt/st/stm32cubeide_1.3.0/plugins/com.st.stm32cube.ide.mcu.externaltools.gnu-tools-for-stm32.7-2018-q2-update.linux64_1.0.0.201904181610/tools/bin/../lib/gcc/arm-none-eabi/7.3.1/thumb/v7e-m/fpv4-sp/hard/libgcc.a
LOAD /opt/st/stm32cubeide_1.3.0/plugins/com.st.stm32cube.ide.mcu.externaltools.gnu-tools-for-stm32.7-2018-q2-update.linux64_1.0.0.201904181610/tools/bin/../lib/gcc/arm-none-eabi/7.3.1/../../../../arm-none-eabi/lib/thumb/v7e-m/fpv4-sp/hard/libc_nano.a
LOAD /opt/st/stm32cubeide_1.3.0/plugins/com.st.stm32cube.ide.mcu.externaltools.gnu-tools-for-stm32.7-2018-q2-update.linux64_1.0.0.201904181610/tools/bin/../lib/gcc/arm-none-eabi/7.3.1/../../../../arm-none-eabi/lib/thumb/v7e-m/fpv4-sp/hard/libnosys.a
END GROUP
LOAD /opt/st/stm32cubeide_1.3.0/plugins/com.st.stm32cube.ide.mcu.externaltools.gnu-tools-for-stm32.7-2018-q2-update.linux64_1.0.0.201904181610/tools/bin/../lib/gcc/arm-none-eabi/7.3.1/thumb/v7e-m/fpv4-sp/hard/crtend.o
LOAD /opt/st/stm32cubeide_1.3.0/plugins/com.st.stm32cube.ide.mcu.externaltools.gnu-tools-for-stm32.7-2018-q2-update.linux64_1.0.0.201904181610/tools/bin/../lib/gcc/arm-none-eabi/7.3.1/thumb/v7e-m/fpv4-sp/hard/crtn.o
                0x0000000020020000                _estack = (ORIGIN (RAM) + LENGTH (RAM))
                0x0000000000000200                _Min_Heap_Size = 0x200
                0x0000000000000400                _Min_Stack_Size = 0x400

.isr_vector     0x0000000008000000      0x198
                0x0000000008000000                . = ALIGN (0x4)
 *(.isr_vector)
 .isr_vector    0x0000000008000000      0x198 Core/Startup/startup_stm32f411retx.o
                0x0000000008000000                g_pfnVectors
                0x0000000008000198                . = ALIGN (0x4)

.text           0x00000000080001a0     0x4194
                0x00000000080001a0                . = ALIGN (0x4)
 *(.text)
 .text          0x00000000080001a0       0x40 /opt/st/stm32cubeide_1.3.0/plugins/com.st.stm32cube.ide.mcu.externaltools.gnu-tools-for-stm32.7-2018-q2-update.linux64_1.0.0.201904181610/tools/bin/../lib/gcc/arm-none-eabi/7.3.1/thumb/v7e-m/fpv4-sp/hard/crtbegin.o
 .text          0x00000000080001e0       0x30 /opt/st/stm32cubeide_1.3.0/plugins/com.st.stm32cube.ide.mcu.externaltools.gnu-tools-for-stm32.7-2018-q2-update.linux64_1.0.0.201904181610/tools/bin/../lib/gcc/arm-none-eabi/7.3.1/thumb/v7e-m/fpv4-sp/hard/libgcc.a(_aeabi_uldivmod.o)
                0x00000000080001e0                __aeabi_uldivmod
 .text          0x0000000008000210      0x2cc /opt/st/stm32cubeide_1.3.0/plugins/com.st.stm32cube.ide.mcu.externaltools.gnu-tools-for-stm32.7-2018-q2-update.linux64_1.0.0.201904181610/tools/bin/../lib/gcc/arm-none-eabi/7.3.1/thumb/v7e-m/fpv4-sp/hard/libgcc.a(_udivmoddi4.o)
                0x0000000008000210                __udivmoddi4
 .text          0x00000000080004dc        0x4 /opt/st/stm32cubeide_1.3.0/plugins/com.st.stm32cube.ide.mcu.externaltools.gnu-tools-for-stm32.7-2018-q2-update.linux64_1.0.0.201904181610/tools/bin/../lib/gcc/arm-none-eabi/7.3.1/thumb/v7e-m/fpv4-sp/hard/libgcc.a(_dvmd_tls.o)
                0x00000000080004dc                __aeabi_ldiv0
                0x00000000080004dc                __aeabi_idiv0
 *(.text*)
 .text.main     0x00000000080004e0       0x5c Core/Src/main.o
                0x00000000080004e0                main
 .text.SystemClock_Config
                0x000000000800053c       0xbc Core/Src/main.o
                0x000000000800053c                SystemClock_Config
 .text.MX_GPIO_Init
                0x00000000080005f8       0xb8 Core/Src/main.o
 .text.vTask1_handler
                0x00000000080006b0       0x12 Core/Src/main.o
                0x00000000080006b0                vTask1_handler
 *fill*         0x00000000080006c2        0x2 
 .text.vTask2_handler
                0x00000000080006c4       0x3c Core/Src/main.o
                0x00000000080006c4                vTask2_handler
 .text.toggle_LED
                0x0000000008000700       0x30 Core/Src/main.o
                0x0000000008000700                toggle_LED
 .text.HAL_GPIO_EXTI_Callback
                0x0000000008000730       0x28 Core/Src/main.o
                0x0000000008000730                HAL_GPIO_EXTI_Callback
 .text.HAL_TIM_PeriodElapsedCallback
                0x0000000008000758       0x1e Core/Src/main.o
                0x0000000008000758                HAL_TIM_PeriodElapsedCallback
 .text.Error_Handler
                0x0000000008000776        0xe Core/Src/main.o
                0x0000000008000776                Error_Handler
 .text.HAL_MspInit
                0x0000000008000784       0x50 Core/Src/stm32f4xx_hal_msp.o
                0x0000000008000784                HAL_MspInit
 .text.HAL_InitTick
                0x00000000080007d4       0xb0 Core/Src/stm32f4xx_hal_timebase_tim.o
                0x00000000080007d4                HAL_InitTick
 .text.NMI_Handler
                0x0000000008000884        0xe Core/Src/stm32f4xx_it.o
                0x0000000008000884                NMI_Handler
 .text.HardFault_Handler
                0x0000000008000892        0x6 Core/Src/stm32f4xx_it.o
                0x0000000008000892                HardFault_Handler
 .text.MemManage_Handler
                0x0000000008000898        0x6 Core/Src/stm32f4xx_it.o
                0x0000000008000898                MemManage_Handler
 .text.BusFault_Handler
                0x000000000800089e        0x6 Core/Src/stm32f4xx_it.o
                0x000000000800089e                BusFault_Handler
 .text.UsageFault_Handler
                0x00000000080008a4        0x6 Core/Src/stm32f4xx_it.o
                0x00000000080008a4                UsageFault_Handler
 .text.DebugMon_Handler
                0x00000000080008aa        0xe Core/Src/stm32f4xx_it.o
                0x00000000080008aa                DebugMon_Handler
 .text.TIM2_IRQHandler
                0x00000000080008b8       0x14 Core/Src/stm32f4xx_it.o
                0x00000000080008b8                TIM2_IRQHandler
 .text.EXTI15_10_IRQHandler
                0x00000000080008cc       0x10 Core/Src/stm32f4xx_it.o
                0x00000000080008cc                EXTI15_10_IRQHandler
 .text.SystemInit
                0x00000000080008dc       0x2c Core/Src/system_stm32f4xx.o
                0x00000000080008dc                SystemInit
 .text.Reset_Handler
                0x0000000008000908       0x50 Core/Startup/startup_stm32f411retx.o
                0x0000000008000908                Reset_Handler
 .text.Default_Handler
                0x0000000008000958        0x2 Core/Startup/startup_stm32f411retx.o
                0x0000000008000958                RTC_Alarm_IRQHandler
                0x0000000008000958                EXTI2_IRQHandler
                0x0000000008000958                SPI4_IRQHandler
                0x0000000008000958                TIM1_CC_IRQHandler
                0x0000000008000958                DMA2_Stream5_IRQHandler
                0x0000000008000958                DMA1_Stream5_IRQHandler
                0x0000000008000958                PVD_IRQHandler
                0x0000000008000958                SDIO_IRQHandler
                0x0000000008000958                TAMP_STAMP_IRQHandler
                0x0000000008000958                EXTI3_IRQHandler
                0x0000000008000958                TIM1_UP_TIM10_IRQHandler
                0x0000000008000958                I2C3_ER_IRQHandler
                0x0000000008000958                EXTI0_IRQHandler
                0x0000000008000958                I2C2_EV_IRQHandler
                0x0000000008000958                DMA1_Stream2_IRQHandler
                0x0000000008000958                FPU_IRQHandler
                0x0000000008000958                DMA2_Stream2_IRQHandler
                0x0000000008000958                SPI1_IRQHandler
                0x0000000008000958                TIM1_BRK_TIM9_IRQHandler
                0x0000000008000958                DMA2_Stream3_IRQHandler
                0x0000000008000958                USART6_IRQHandler
                0x0000000008000958                DMA2_Stream0_IRQHandler
                0x0000000008000958                TIM4_IRQHandler
                0x0000000008000958                I2C1_EV_IRQHandler
                0x0000000008000958                DMA1_Stream6_IRQHandler
                0x0000000008000958                DMA1_Stream1_IRQHandler
                0x0000000008000958                TIM3_IRQHandler
                0x0000000008000958                RCC_IRQHandler
                0x0000000008000958                Default_Handler
                0x0000000008000958                ADC_IRQHandler
                0x0000000008000958                DMA1_Stream7_IRQHandler
                0x0000000008000958                SPI5_IRQHandler
                0x0000000008000958                TIM5_IRQHandler
                0x0000000008000958                DMA2_Stream7_IRQHandler
                0x0000000008000958                I2C3_EV_IRQHandler
                0x0000000008000958                EXTI9_5_IRQHandler
                0x0000000008000958                RTC_WKUP_IRQHandler
                0x0000000008000958                SPI2_IRQHandler
                0x0000000008000958                DMA1_Stream0_IRQHandler
                0x0000000008000958                EXTI4_IRQHandler
                0x0000000008000958                WWDG_IRQHandler
                0x0000000008000958                OTG_FS_WKUP_IRQHandler
                0x0000000008000958                TIM1_TRG_COM_TIM11_IRQHandler
                0x0000000008000958                EXTI1_IRQHandler
                0x0000000008000958                USART2_IRQHandler
                0x0000000008000958                I2C2_ER_IRQHandler
                0x0000000008000958                DMA2_Stream1_IRQHandler
                0x0000000008000958                FLASH_IRQHandler
                0x0000000008000958                DMA2_Stream4_IRQHandler
                0x0000000008000958                USART1_IRQHandler
                0x0000000008000958                OTG_FS_IRQHandler
                0x0000000008000958                SPI3_IRQHandler
                0x0000000008000958                DMA1_Stream4_IRQHandler
                0x0000000008000958                I2C1_ER_IRQHandler
                0x0000000008000958                DMA2_Stream6_IRQHandler
                0x0000000008000958                DMA1_Stream3_IRQHandler
 *fill*         0x000000000800095a        0x2 
 .text.HAL_Init
                0x000000000800095c       0x44 Drivers/STM32F4xx_HAL_Driver/Src/stm32f4xx_hal.o
                0x000000000800095c                HAL_Init
 .text.HAL_IncTick
                0x00000000080009a0       0x28 Drivers/STM32F4xx_HAL_Driver/Src/stm32f4xx_hal.o
                0x00000000080009a0                HAL_IncTick
 .text.HAL_GetTick
                0x00000000080009c8       0x18 Drivers/STM32F4xx_HAL_Driver/Src/stm32f4xx_hal.o
                0x00000000080009c8                HAL_GetTick
 .text.__NVIC_SetPriorityGrouping
                0x00000000080009e0       0x48 Drivers/STM32F4xx_HAL_Driver/Src/stm32f4xx_hal_cortex.o
 .text.__NVIC_GetPriorityGrouping
                0x0000000008000a28       0x1c Drivers/STM32F4xx_HAL_Driver/Src/stm32f4xx_hal_cortex.o
 .text.__NVIC_EnableIRQ
                0x0000000008000a44       0x3c Drivers/STM32F4xx_HAL_Driver/Src/stm32f4xx_hal_cortex.o
 .text.__NVIC_SetPriority
                0x0000000008000a80       0x54 Drivers/STM32F4xx_HAL_Driver/Src/stm32f4xx_hal_cortex.o
 .text.NVIC_EncodePriority
                0x0000000008000ad4       0x66 Drivers/STM32F4xx_HAL_Driver/Src/stm32f4xx_hal_cortex.o
 .text.HAL_NVIC_SetPriorityGrouping
                0x0000000008000b3a       0x16 Drivers/STM32F4xx_HAL_Driver/Src/stm32f4xx_hal_cortex.o
                0x0000000008000b3a                HAL_NVIC_SetPriorityGrouping
 .text.HAL_NVIC_SetPriority
                0x0000000008000b50       0x38 Drivers/STM32F4xx_HAL_Driver/Src/stm32f4xx_hal_cortex.o
                0x0000000008000b50                HAL_NVIC_SetPriority
 .text.HAL_NVIC_EnableIRQ
                0x0000000008000b88       0x1c Drivers/STM32F4xx_HAL_Driver/Src/stm32f4xx_hal_cortex.o
                0x0000000008000b88                HAL_NVIC_EnableIRQ
 .text.HAL_GPIO_Init
                0x0000000008000ba4      0x304 Drivers/STM32F4xx_HAL_Driver/Src/stm32f4xx_hal_gpio.o
                0x0000000008000ba4                HAL_GPIO_Init
 .text.HAL_GPIO_ReadPin
                0x0000000008000ea8       0x30 Drivers/STM32F4xx_HAL_Driver/Src/stm32f4xx_hal_gpio.o
                0x0000000008000ea8                HAL_GPIO_ReadPin
 .text.HAL_GPIO_WritePin
                0x0000000008000ed8       0x32 Drivers/STM32F4xx_HAL_Driver/Src/stm32f4xx_hal_gpio.o
                0x0000000008000ed8                HAL_GPIO_WritePin
 *fill*         0x0000000008000f0a        0x2 
 .text.HAL_GPIO_EXTI_IRQHandler
                0x0000000008000f0c       0x30 Drivers/STM32F4xx_HAL_Driver/Src/stm32f4xx_hal_gpio.o
                0x0000000008000f0c                HAL_GPIO_EXTI_IRQHandler
 .text.HAL_RCC_OscConfig
                0x0000000008000f3c      0x4e0 Drivers/STM32F4xx_HAL_Driver/Src/stm32f4xx_hal_rcc.o
                0x0000000008000f3c                HAL_RCC_OscConfig
 .text.HAL_RCC_ClockConfig
                0x000000000800141c      0x1cc Drivers/STM32F4xx_HAL_Driver/Src/stm32f4xx_hal_rcc.o
                0x000000000800141c                HAL_RCC_ClockConfig
 .text.HAL_RCC_GetSysClockFreq
                0x00000000080015e8      0x164 Drivers/STM32F4xx_HAL_Driver/Src/stm32f4xx_hal_rcc.o
                0x00000000080015e8                HAL_RCC_GetSysClockFreq
 .text.HAL_RCC_GetHCLKFreq
                0x000000000800174c       0x18 Drivers/STM32F4xx_HAL_Driver/Src/stm32f4xx_hal_rcc.o
                0x000000000800174c                HAL_RCC_GetHCLKFreq
 .text.HAL_RCC_GetPCLK1Freq
                0x0000000008001764       0x28 Drivers/STM32F4xx_HAL_Driver/Src/stm32f4xx_hal_rcc.o
                0x0000000008001764                HAL_RCC_GetPCLK1Freq
 .text.HAL_RCC_GetClockConfig
                0x000000000800178c       0x64 Drivers/STM32F4xx_HAL_Driver/Src/stm32f4xx_hal_rcc.o
                0x000000000800178c                HAL_RCC_GetClockConfig
 .text.HAL_TIM_Base_Init
                0x00000000080017f0       0x56 Drivers/STM32F4xx_HAL_Driver/Src/stm32f4xx_hal_tim.o
                0x00000000080017f0                HAL_TIM_Base_Init
 .text.HAL_TIM_Base_MspInit
                0x0000000008001846       0x14 Drivers/STM32F4xx_HAL_Driver/Src/stm32f4xx_hal_tim.o
                0x0000000008001846                HAL_TIM_Base_MspInit
 .text.HAL_TIM_Base_Start_IT
                0x000000000800185a       0x48 Drivers/STM32F4xx_HAL_Driver/Src/stm32f4xx_hal_tim.o
                0x000000000800185a                HAL_TIM_Base_Start_IT
 .text.HAL_TIM_IRQHandler
                0x00000000080018a2      0x210 Drivers/STM32F4xx_HAL_Driver/Src/stm32f4xx_hal_tim.o
                0x00000000080018a2                HAL_TIM_IRQHandler
 .text.HAL_TIM_OC_DelayElapsedCallback
                0x0000000008001ab2       0x14 Drivers/STM32F4xx_HAL_Driver/Src/stm32f4xx_hal_tim.o
                0x0000000008001ab2                HAL_TIM_OC_DelayElapsedCallback
 .text.HAL_TIM_IC_CaptureCallback
                0x0000000008001ac6       0x14 Drivers/STM32F4xx_HAL_Driver/Src/stm32f4xx_hal_tim.o
                0x0000000008001ac6                HAL_TIM_IC_CaptureCallback
 .text.HAL_TIM_PWM_PulseFinishedCallback
                0x0000000008001ada       0x14 Drivers/STM32F4xx_HAL_Driver/Src/stm32f4xx_hal_tim.o
                0x0000000008001ada                HAL_TIM_PWM_PulseFinishedCallback
 .text.HAL_TIM_TriggerCallback
                0x0000000008001aee       0x14 Drivers/STM32F4xx_HAL_Driver/Src/stm32f4xx_hal_tim.o
                0x0000000008001aee                HAL_TIM_TriggerCallback
 *fill*         0x0000000008001b02        0x2 
 .text.TIM_Base_SetConfig
                0x0000000008001b04      0x100 Drivers/STM32F4xx_HAL_Driver/Src/stm32f4xx_hal_tim.o
                0x0000000008001b04                TIM_Base_SetConfig
 .text.HAL_TIMEx_CommutCallback
                0x0000000008001c04       0x14 Drivers/STM32F4xx_HAL_Driver/Src/stm32f4xx_hal_tim_ex.o
                0x0000000008001c04                HAL_TIMEx_CommutCallback
 .text.HAL_TIMEx_BreakCallback
                0x0000000008001c18       0x14 Drivers/STM32F4xx_HAL_Driver/Src/stm32f4xx_hal_tim_ex.o
                0x0000000008001c18                HAL_TIMEx_BreakCallback
 .text.vListInitialise
                0x0000000008001c2c       0x40 Third-Party/FreeRTOS/org/Source/list.o
                0x0000000008001c2c                vListInitialise
 .text.vListInitialiseItem
                0x0000000008001c6c       0x1a Third-Party/FreeRTOS/org/Source/list.o
                0x0000000008001c6c                vListInitialiseItem
 .text.vListInsertEnd
                0x0000000008001c86       0x48 Third-Party/FreeRTOS/org/Source/list.o
                0x0000000008001c86                vListInsertEnd
 .text.vListInsert
                0x0000000008001cce       0x72 Third-Party/FreeRTOS/org/Source/list.o
                0x0000000008001cce                vListInsert
 .text.uxListRemove
                0x0000000008001d40       0x54 Third-Party/FreeRTOS/org/Source/list.o
                0x0000000008001d40                uxListRemove
 .text.xQueueGenericReset
                0x0000000008001d94       0xd0 Third-Party/FreeRTOS/org/Source/queue.o
                0x0000000008001d94                xQueueGenericReset
 .text.xQueueGenericCreate
                0x0000000008001e64       0x76 Third-Party/FreeRTOS/org/Source/queue.o
                0x0000000008001e64                xQueueGenericCreate
 .text.prvInitialiseNewQueue
                0x0000000008001eda       0x46 Third-Party/FreeRTOS/org/Source/queue.o
 .text.xQueueGenericSend
                0x0000000008001f20      0x1f4 Third-Party/FreeRTOS/org/Source/queue.o
                0x0000000008001f20                xQueueGenericSend
 .text.xQueueGenericSendFromISR
                0x0000000008002114      0x128 Third-Party/FreeRTOS/org/Source/queue.o
                0x0000000008002114                xQueueGenericSendFromISR
 .text.xQueueReceive
                0x000000000800223c      0x1b8 Third-Party/FreeRTOS/org/Source/queue.o
                0x000000000800223c                xQueueReceive
 .text.prvCopyDataToQueue
                0x00000000080023f4       0xd4 Third-Party/FreeRTOS/org/Source/queue.o
 .text.prvCopyDataFromQueue
                0x00000000080024c8       0x4c Third-Party/FreeRTOS/org/Source/queue.o
 .text.prvUnlockQueue
                0x0000000008002514       0xa4 Third-Party/FreeRTOS/org/Source/queue.o
 .text.prvIsQueueEmpty
                0x00000000080025b8       0x2c Third-Party/FreeRTOS/org/Source/queue.o
 .text.prvIsQueueFull
                0x00000000080025e4       0x30 Third-Party/FreeRTOS/org/Source/queue.o
 .text.vQueueAddToRegistry
                0x0000000008002614       0x50 Third-Party/FreeRTOS/org/Source/queue.o
                0x0000000008002614                vQueueAddToRegistry
 .text.vQueueWaitForMessageRestricted
                0x0000000008002664       0x68 Third-Party/FreeRTOS/org/Source/queue.o
                0x0000000008002664                vQueueWaitForMessageRestricted
 .text.xTaskCreate
                0x00000000080026cc       0x82 Third-Party/FreeRTOS/org/Source/tasks.o
                0x00000000080026cc                xTaskCreate
 .text.prvInitialiseNewTask
                0x000000000800274e      0x126 Third-Party/FreeRTOS/org/Source/tasks.o
 .text.prvAddNewTaskToReadyList
                0x0000000008002874       0xdc Third-Party/FreeRTOS/org/Source/tasks.o
 .text.vTaskDelete
                0x0000000008002950      0x11c Third-Party/FreeRTOS/org/Source/tasks.o
                0x0000000008002950                vTaskDelete
 .text.vTaskDelay
                0x0000000008002a6c       0x68 Third-Party/FreeRTOS/org/Source/tasks.o
                0x0000000008002a6c                vTaskDelay
 .text.vTaskStartScheduler
                0x0000000008002ad4       0x98 Third-Party/FreeRTOS/org/Source/tasks.o
                0x0000000008002ad4                vTaskStartScheduler
 .text.vTaskSuspendAll
                0x0000000008002b6c       0x1c Third-Party/FreeRTOS/org/Source/tasks.o
                0x0000000008002b6c                vTaskSuspendAll
 .text.xTaskResumeAll
                0x0000000008002b88      0x138 Third-Party/FreeRTOS/org/Source/tasks.o
                0x0000000008002b88                xTaskResumeAll
 .text.xTaskGetTickCount
                0x0000000008002cc0       0x20 Third-Party/FreeRTOS/org/Source/tasks.o
                0x0000000008002cc0                xTaskGetTickCount
 .text.xTaskIncrementTick
                0x0000000008002ce0      0x170 Third-Party/FreeRTOS/org/Source/tasks.o
                0x0000000008002ce0                xTaskIncrementTick
 .text.vTaskSwitchContext
                0x0000000008002e50       0xb4 Third-Party/FreeRTOS/org/Source/tasks.o
                0x0000000008002e50                vTaskSwitchContext
 .text.vTaskPlaceOnEventList
                0x0000000008002f04       0x48 Third-Party/FreeRTOS/org/Source/tasks.o
                0x0000000008002f04                vTaskPlaceOnEventList
 .text.vTaskPlaceOnEventListRestricted
                0x0000000008002f4c       0x54 Third-Party/FreeRTOS/org/Source/tasks.o
                0x0000000008002f4c                vTaskPlaceOnEventListRestricted
 .text.xTaskRemoveFromEventList
                0x0000000008002fa0       0xc4 Third-Party/FreeRTOS/org/Source/tasks.o
                0x0000000008002fa0                xTaskRemoveFromEventList
 .text.vTaskInternalSetTimeOutState
                0x0000000008003064       0x2c Third-Party/FreeRTOS/org/Source/tasks.o
                0x0000000008003064                vTaskInternalSetTimeOutState
 .text.xTaskCheckForTimeOut
                0x0000000008003090       0xc0 Third-Party/FreeRTOS/org/Source/tasks.o
                0x0000000008003090                xTaskCheckForTimeOut
 .text.vTaskMissedYield
                0x0000000008003150       0x18 Third-Party/FreeRTOS/org/Source/tasks.o
                0x0000000008003150                vTaskMissedYield
 .text.prvIdleTask
                0x0000000008003168       0x30 Third-Party/FreeRTOS/org/Source/tasks.o
 .text.prvInitialiseTaskLists
                0x0000000008003198       0x80 Third-Party/FreeRTOS/org/Source/tasks.o
 .text.prvCheckTasksWaitingTermination
                0x0000000008003218       0x58 Third-Party/FreeRTOS/org/Source/tasks.o
 .text.prvDeleteTCB
                0x0000000008003270       0x20 Third-Party/FreeRTOS/org/Source/tasks.o
 .text.prvResetNextTaskUnblockTime
                0x0000000008003290       0x40 Third-Party/FreeRTOS/org/Source/tasks.o
 .text.xTaskGetSchedulerState
                0x00000000080032d0       0x3c Third-Party/FreeRTOS/org/Source/tasks.o
                0x00000000080032d0                xTaskGetSchedulerState
 .text.xTaskPriorityDisinherit
                0x000000000800330c      0x108 Third-Party/FreeRTOS/org/Source/tasks.o
                0x000000000800330c                xTaskPriorityDisinherit
 .text.prvAddCurrentTaskToDelayedList
                0x0000000008003414       0xcc Third-Party/FreeRTOS/org/Source/tasks.o
 .text.xTimerCreateTimerTask
                0x00000000080034e0       0x64 Third-Party/FreeRTOS/org/Source/timers.o
                0x00000000080034e0                xTimerCreateTimerTask
 .text.xTimerGenericCommand
                0x0000000008003544       0x98 Third-Party/FreeRTOS/org/Source/timers.o
                0x0000000008003544                xTimerGenericCommand
 .text.prvProcessExpiredTimer
                0x00000000080035dc       0x80 Third-Party/FreeRTOS/org/Source/timers.o
 .text.prvTimerTask
                0x000000000800365c       0x24 Third-Party/FreeRTOS/org/Source/timers.o
 .text.prvProcessTimerOrBlockTask
                0x0000000008003680       0x9c Third-Party/FreeRTOS/org/Source/timers.o
 .text.prvGetNextExpireTime
                0x000000000800371c       0x48 Third-Party/FreeRTOS/org/Source/timers.o
 .text.prvSampleTimeNow
                0x0000000008003764       0x40 Third-Party/FreeRTOS/org/Source/timers.o
 .text.prvInsertTimerInActiveList
                0x00000000080037a4       0x84 Third-Party/FreeRTOS/org/Source/timers.o
 .text.prvProcessReceivedCommands
                0x0000000008003828      0x124 Third-Party/FreeRTOS/org/Source/timers.o
 .text.prvSwitchTimerLists
                0x000000000800394c       0xc0 Third-Party/FreeRTOS/org/Source/timers.o
 .text.prvCheckForValidListAndQueue
                0x0000000008003a0c       0x6c Third-Party/FreeRTOS/org/Source/timers.o
 .text.pxPortInitialiseStack
                0x0000000008003a78       0x68 Third-Party/FreeRTOS/org/Source/portable/GCC/ARM_CM4F/port.o
                0x0000000008003a78                pxPortInitialiseStack
 .text.prvTaskExitError
                0x0000000008003ae0       0x54 Third-Party/FreeRTOS/org/Source/portable/GCC/ARM_CM4F/port.o
 *fill*         0x0000000008003b34        0xc 
 .text.SVC_Handler
                0x0000000008003b40       0x28 Third-Party/FreeRTOS/org/Source/portable/GCC/ARM_CM4F/port.o
                0x0000000008003b40                SVC_Handler
 .text.prvPortStartFirstTask
                0x0000000008003b68       0x28 Third-Party/FreeRTOS/org/Source/portable/GCC/ARM_CM4F/port.o
 .text.xPortStartScheduler
                0x0000000008003b90      0x13c Third-Party/FreeRTOS/org/Source/portable/GCC/ARM_CM4F/port.o
                0x0000000008003b90                xPortStartScheduler
 .text.vPortEnterCritical
                0x0000000008003ccc       0x5c Third-Party/FreeRTOS/org/Source/portable/GCC/ARM_CM4F/port.o
                0x0000000008003ccc                vPortEnterCritical
 .text.vPortExitCritical
                0x0000000008003d28       0x50 Third-Party/FreeRTOS/org/Source/portable/GCC/ARM_CM4F/port.o
                0x0000000008003d28                vPortExitCritical
 *fill*         0x0000000008003d78        0x8 
 .text.PendSV_Handler
                0x0000000008003d80       0x68 Third-Party/FreeRTOS/org/Source/portable/GCC/ARM_CM4F/port.o
                0x0000000008003d80                PendSV_Handler
 .text.SysTick_Handler
                0x0000000008003de8       0x40 Third-Party/FreeRTOS/org/Source/portable/GCC/ARM_CM4F/port.o
                0x0000000008003de8                SysTick_Handler
 .text.vPortSetupTimerInterrupt
                0x0000000008003e28       0x48 Third-Party/FreeRTOS/org/Source/portable/GCC/ARM_CM4F/port.o
                0x0000000008003e28                vPortSetupTimerInterrupt
 .text.vPortEnableVFP
                0x0000000008003e70       0x14 Third-Party/FreeRTOS/org/Source/portable/GCC/ARM_CM4F/port.o
 .text.vPortValidateInterruptPriority
                0x0000000008003e84       0x7c Third-Party/FreeRTOS/org/Source/portable/GCC/ARM_CM4F/port.o
                0x0000000008003e84                vPortValidateInterruptPriority
 .text.pvPortMalloc
                0x0000000008003f00      0x184 Third-Party/FreeRTOS/org/Source/portable/MemMang/heap_4.o
                0x0000000008003f00                pvPortMalloc
 .text.vPortFree
                0x0000000008004084       0xb0 Third-Party/FreeRTOS/org/Source/portable/MemMang/heap_4.o
                0x0000000008004084                vPortFree
 .text.prvHeapInit
                0x0000000008004134       0xc4 Third-Party/FreeRTOS/org/Source/portable/MemMang/heap_4.o
 .text.prvInsertBlockIntoFreeList
                0x00000000080041f8       0xb4 Third-Party/FreeRTOS/org/Source/portable/MemMang/heap_4.o
 .text.__libc_init_array
                0x00000000080042ac       0x48 /opt/st/stm32cubeide_1.3.0/plugins/com.st.stm32cube.ide.mcu.externaltools.gnu-tools-for-stm32.7-2018-q2-update.linux64_1.0.0.201904181610/tools/bin/../lib/gcc/arm-none-eabi/7.3.1/../../../../arm-none-eabi/lib/thumb/v7e-m/fpv4-sp/hard/libc_nano.a(lib_a-init.o)
                0x00000000080042ac                __libc_init_array
 .text.memcpy   0x00000000080042f4       0x16 /opt/st/stm32cubeide_1.3.0/plugins/com.st.stm32cube.ide.mcu.externaltools.gnu-tools-for-stm32.7-2018-q2-update.linux64_1.0.0.201904181610/tools/bin/../lib/gcc/arm-none-eabi/7.3.1/../../../../arm-none-eabi/lib/thumb/v7e-m/fpv4-sp/hard/libc_nano.a(lib_a-memcpy-stub.o)
                0x00000000080042f4                memcpy
 .text.memset   0x000000000800430a       0x10 /opt/st/stm32cubeide_1.3.0/plugins/com.st.stm32cube.ide.mcu.externaltools.gnu-tools-for-stm32.7-2018-q2-update.linux64_1.0.0.201904181610/tools/bin/../lib/gcc/arm-none-eabi/7.3.1/../../../../arm-none-eabi/lib/thumb/v7e-m/fpv4-sp/hard/libc_nano.a(lib_a-memset.o)
                0x000000000800430a                memset
 *(.glue_7)
 .glue_7        0x000000000800431a        0x0 linker stubs
 *(.glue_7t)
 .glue_7t       0x000000000800431a        0x0 linker stubs
 *(.eh_frame)
 *fill*         0x000000000800431a        0x2 
 .eh_frame      0x000000000800431c        0x0 /opt/st/stm32cubeide_1.3.0/plugins/com.st.stm32cube.ide.mcu.externaltools.gnu-tools-for-stm32.7-2018-q2-update.linux64_1.0.0.201904181610/tools/bin/../lib/gcc/arm-none-eabi/7.3.1/thumb/v7e-m/fpv4-sp/hard/crtbegin.o
 *(.init)
 .init          0x000000000800431c        0x4 /opt/st/stm32cubeide_1.3.0/plugins/com.st.stm32cube.ide.mcu.externaltools.gnu-tools-for-stm32.7-2018-q2-update.linux64_1.0.0.201904181610/tools/bin/../lib/gcc/arm-none-eabi/7.3.1/thumb/v7e-m/fpv4-sp/hard/crti.o
                0x000000000800431c                _init
 .init          0x0000000008004320        0x8 /opt/st/stm32cubeide_1.3.0/plugins/com.st.stm32cube.ide.mcu.externaltools.gnu-tools-for-stm32.7-2018-q2-update.linux64_1.0.0.201904181610/tools/bin/../lib/gcc/arm-none-eabi/7.3.1/thumb/v7e-m/fpv4-sp/hard/crtn.o
 *(.fini)
 .fini          0x0000000008004328        0x4 /opt/st/stm32cubeide_1.3.0/plugins/com.st.stm32cube.ide.mcu.externaltools.gnu-tools-for-stm32.7-2018-q2-update.linux64_1.0.0.201904181610/tools/bin/../lib/gcc/arm-none-eabi/7.3.1/thumb/v7e-m/fpv4-sp/hard/crti.o
                0x0000000008004328                _fini
 .fini          0x000000000800432c        0x8 /opt/st/stm32cubeide_1.3.0/plugins/com.st.stm32cube.ide.mcu.externaltools.gnu-tools-for-stm32.7-2018-q2-update.linux64_1.0.0.201904181610/tools/bin/../lib/gcc/arm-none-eabi/7.3.1/thumb/v7e-m/fpv4-sp/hard/crtn.o
                0x0000000008004334                . = ALIGN (0x4)
                0x0000000008004334                _etext = .

.vfp11_veneer   0x0000000008004334        0x0
 .vfp11_veneer  0x0000000008004334        0x0 linker stubs

.v4_bx          0x0000000008004334        0x0
 .v4_bx         0x0000000008004334        0x0 linker stubs

.iplt           0x0000000008004334        0x0
 .iplt          0x0000000008004334        0x0 /opt/st/stm32cubeide_1.3.0/plugins/com.st.stm32cube.ide.mcu.externaltools.gnu-tools-for-stm32.7-2018-q2-update.linux64_1.0.0.201904181610/tools/bin/../lib/gcc/arm-none-eabi/7.3.1/thumb/v7e-m/fpv4-sp/hard/crtbegin.o

.rodata         0x0000000008004334       0x40
                0x0000000008004334                . = ALIGN (0x4)
 *(.rodata)
 .rodata        0x0000000008004334        0xe Core/Src/main.o
 *fill*         0x0000000008004342        0x2 
 .rodata        0x0000000008004344        0x5 Third-Party/FreeRTOS/org/Source/tasks.o
 *fill*         0x0000000008004349        0x3 
 .rodata        0x000000000800434c        0xd Third-Party/FreeRTOS/org/Source/timers.o
 *(.rodata*)
 *fill*         0x0000000008004359        0x3 
 .rodata.AHBPrescTable
                0x000000000800435c       0x10 Core/Src/system_stm32f4xx.o
                0x000000000800435c                AHBPrescTable
 .rodata.APBPrescTable
                0x000000000800436c        0x8 Core/Src/system_stm32f4xx.o
                0x000000000800436c                APBPrescTable
                0x0000000008004374                . = ALIGN (0x4)

.ARM.extab      0x0000000008004374        0x0
                0x0000000008004374                . = ALIGN (0x4)
 *(.ARM.extab* .gnu.linkonce.armextab.*)
                0x0000000008004374                . = ALIGN (0x4)

.ARM            0x0000000008004374        0x8
                0x0000000008004374                . = ALIGN (0x4)
                0x0000000008004374                __exidx_start = .
 *(.ARM.exidx*)
 .ARM.exidx     0x0000000008004374        0x8 /opt/st/stm32cubeide_1.3.0/plugins/com.st.stm32cube.ide.mcu.externaltools.gnu-tools-for-stm32.7-2018-q2-update.linux64_1.0.0.201904181610/tools/bin/../lib/gcc/arm-none-eabi/7.3.1/thumb/v7e-m/fpv4-sp/hard/libgcc.a(_udivmoddi4.o)
                0x000000000800437c                __exidx_end = .
                0x000000000800437c                . = ALIGN (0x4)

.rel.dyn        0x000000000800437c        0x0
 .rel.iplt      0x000000000800437c        0x0 /opt/st/stm32cubeide_1.3.0/plugins/com.st.stm32cube.ide.mcu.externaltools.gnu-tools-for-stm32.7-2018-q2-update.linux64_1.0.0.201904181610/tools/bin/../lib/gcc/arm-none-eabi/7.3.1/thumb/v7e-m/fpv4-sp/hard/crtbegin.o

.preinit_array  0x000000000800437c        0x0
                0x000000000800437c                . = ALIGN (0x4)
                0x000000000800437c                PROVIDE (__preinit_array_start = .)
 *(.preinit_array*)
                0x000000000800437c                PROVIDE (__preinit_array_end = .)
                0x000000000800437c                . = ALIGN (0x4)

.init_array     0x000000000800437c        0x4
                0x000000000800437c                . = ALIGN (0x4)
                0x000000000800437c                PROVIDE (__init_array_start = .)
 *(SORT_BY_NAME(.init_array.*))
 *(.init_array*)
 .init_array    0x000000000800437c        0x4 /opt/st/stm32cubeide_1.3.0/plugins/com.st.stm32cube.ide.mcu.externaltools.gnu-tools-for-stm32.7-2018-q2-update.linux64_1.0.0.201904181610/tools/bin/../lib/gcc/arm-none-eabi/7.3.1/thumb/v7e-m/fpv4-sp/hard/crtbegin.o
                0x0000000008004380                PROVIDE (__init_array_end = .)
                0x0000000008004380                . = ALIGN (0x4)

.fini_array     0x0000000008004380        0x4
                0x0000000008004380                . = ALIGN (0x4)
                [!provide]                        PROVIDE (__fini_array_start = .)
 *(SORT_BY_NAME(.fini_array.*))
 *(.fini_array*)
 .fini_array    0x0000000008004380        0x4 /opt/st/stm32cubeide_1.3.0/plugins/com.st.stm32cube.ide.mcu.externaltools.gnu-tools-for-stm32.7-2018-q2-update.linux64_1.0.0.201904181610/tools/bin/../lib/gcc/arm-none-eabi/7.3.1/thumb/v7e-m/fpv4-sp/hard/crtbegin.o
                [!provide]                        PROVIDE (__fini_array_end = .)
                0x0000000008004384                . = ALIGN (0x4)
                0x0000000008004384                _sidata = LOADADDR (.data)

.data           0x0000000020000000       0x10 load address 0x0000000008004384
                0x0000000020000000                . = ALIGN (0x4)
                0x0000000020000000                _sdata = .
 *(.data)
 *(.data*)
 .data.SystemCoreClock
                0x0000000020000000        0x4 Core/Src/system_stm32f4xx.o
                0x0000000020000000                SystemCoreClock
 .data.uwTickPrio
                0x0000000020000004        0x4 Drivers/STM32F4xx_HAL_Driver/Src/stm32f4xx_hal.o
                0x0000000020000004                uwTickPrio
 .data.uwTickFreq
                0x0000000020000008        0x1 Drivers/STM32F4xx_HAL_Driver/Src/stm32f4xx_hal.o
                0x0000000020000008                uwTickFreq
 *fill*         0x0000000020000009        0x3 
 .data.uxCriticalNesting
                0x000000002000000c        0x4 Third-Party/FreeRTOS/org/Source/portable/GCC/ARM_CM4F/port.o
                0x0000000020000010                . = ALIGN (0x4)
                0x0000000020000010                _edata = .

.igot.plt       0x0000000020000010        0x0 load address 0x0000000008004394
 .igot.plt      0x0000000020000010        0x0 /opt/st/stm32cubeide_1.3.0/plugins/com.st.stm32cube.ide.mcu.externaltools.gnu-tools-for-stm32.7-2018-q2-update.linux64_1.0.0.201904181610/tools/bin/../lib/gcc/arm-none-eabi/7.3.1/thumb/v7e-m/fpv4-sp/hard/crtbegin.o
                0x0000000020000010                . = ALIGN (0x4)

.bss            0x0000000020000010    0x12e0c load address 0x0000000008004394
                0x0000000020000010                _sbss = .
                0x0000000020000010                __bss_start__ = _sbss
 *(.bss)
 .bss           0x0000000020000010       0x1c /opt/st/stm32cubeide_1.3.0/plugins/com.st.stm32cube.ide.mcu.externaltools.gnu-tools-for-stm32.7-2018-q2-update.linux64_1.0.0.201904181610/tools/bin/../lib/gcc/arm-none-eabi/7.3.1/thumb/v7e-m/fpv4-sp/hard/crtbegin.o
 *(.bss*)
 .bss.xTaskHandle_task1
                0x000000002000002c        0x4 Core/Src/main.o
                0x000000002000002c                xTaskHandle_task1
 .bss.xTaskHandle_task2
                0x0000000020000030        0x4 Core/Src/main.o
                0x0000000020000030                xTaskHandle_task2
 .bss.button_status
                0x0000000020000034        0x1 Core/Src/main.o
                0x0000000020000034                button_status
 *fill*         0x0000000020000035        0x3 
 .bss.pxCurrentTCB
                0x0000000020000038        0x4 Third-Party/FreeRTOS/org/Source/tasks.o
                0x0000000020000038                pxCurrentTCB
 .bss.pxReadyTasksLists
                0x000000002000003c       0x64 Third-Party/FreeRTOS/org/Source/tasks.o
 .bss.xDelayedTaskList1
                0x00000000200000a0       0x14 Third-Party/FreeRTOS/org/Source/tasks.o
 .bss.xDelayedTaskList2
                0x00000000200000b4       0x14 Third-Party/FreeRTOS/org/Source/tasks.o
 .bss.pxDelayedTaskList
                0x00000000200000c8        0x4 Third-Party/FreeRTOS/org/Source/tasks.o
 .bss.pxOverflowDelayedTaskList
                0x00000000200000cc        0x4 Third-Party/FreeRTOS/org/Source/tasks.o
 .bss.xPendingReadyList
                0x00000000200000d0       0x14 Third-Party/FreeRTOS/org/Source/tasks.o
 .bss.xTasksWaitingTermination
                0x00000000200000e4       0x14 Third-Party/FreeRTOS/org/Source/tasks.o
 .bss.uxDeletedTasksWaitingCleanUp
                0x00000000200000f8        0x4 Third-Party/FreeRTOS/org/Source/tasks.o
 .bss.xSuspendedTaskList
                0x00000000200000fc       0x14 Third-Party/FreeRTOS/org/Source/tasks.o
 .bss.uxCurrentNumberOfTasks
                0x0000000020000110        0x4 Third-Party/FreeRTOS/org/Source/tasks.o
 .bss.xTickCount
                0x0000000020000114        0x4 Third-Party/FreeRTOS/org/Source/tasks.o
 .bss.uxTopReadyPriority
                0x0000000020000118        0x4 Third-Party/FreeRTOS/org/Source/tasks.o
 .bss.xSchedulerRunning
                0x000000002000011c        0x4 Third-Party/FreeRTOS/org/Source/tasks.o
 .bss.uxPendedTicks
                0x0000000020000120        0x4 Third-Party/FreeRTOS/org/Source/tasks.o
 .bss.xYieldPending
                0x0000000020000124        0x4 Third-Party/FreeRTOS/org/Source/tasks.o
 .bss.xNumOfOverflows
                0x0000000020000128        0x4 Third-Party/FreeRTOS/org/Source/tasks.o
 .bss.uxTaskNumber
                0x000000002000012c        0x4 Third-Party/FreeRTOS/org/Source/tasks.o
 .bss.xNextTaskUnblockTime
                0x0000000020000130        0x4 Third-Party/FreeRTOS/org/Source/tasks.o
 .bss.xIdleTaskHandle
                0x0000000020000134        0x4 Third-Party/FreeRTOS/org/Source/tasks.o
 .bss.uxSchedulerSuspended
                0x0000000020000138        0x4 Third-Party/FreeRTOS/org/Source/tasks.o
 .bss.xActiveTimerList1
                0x000000002000013c       0x14 Third-Party/FreeRTOS/org/Source/timers.o
 .bss.xActiveTimerList2
                0x0000000020000150       0x14 Third-Party/FreeRTOS/org/Source/timers.o
 .bss.pxCurrentTimerList
                0x0000000020000164        0x4 Third-Party/FreeRTOS/org/Source/timers.o
 .bss.pxOverflowTimerList
                0x0000000020000168        0x4 Third-Party/FreeRTOS/org/Source/timers.o
 .bss.xTimerQueue
                0x000000002000016c        0x4 Third-Party/FreeRTOS/org/Source/timers.o
 .bss.xTimerTaskHandle
                0x0000000020000170        0x4 Third-Party/FreeRTOS/org/Source/timers.o
 .bss.xLastTime.6692
                0x0000000020000174        0x4 Third-Party/FreeRTOS/org/Source/timers.o
 .bss.ucMaxSysCallPriority
                0x0000000020000178        0x1 Third-Party/FreeRTOS/org/Source/portable/GCC/ARM_CM4F/port.o
 *fill*         0x0000000020000179        0x3 
 .bss.ulMaxPRIGROUPValue
                0x000000002000017c        0x4 Third-Party/FreeRTOS/org/Source/portable/GCC/ARM_CM4F/port.o
 .bss.ucHeap    0x0000000020000180    0x12c00 Third-Party/FreeRTOS/org/Source/portable/MemMang/heap_4.o
 .bss.xStart    0x0000000020012d80        0x8 Third-Party/FreeRTOS/org/Source/portable/MemMang/heap_4.o
 .bss.pxEnd     0x0000000020012d88        0x4 Third-Party/FreeRTOS/org/Source/portable/MemMang/heap_4.o
 .bss.xFreeBytesRemaining
                0x0000000020012d8c        0x4 Third-Party/FreeRTOS/org/Source/portable/MemMang/heap_4.o
 .bss.xMinimumEverFreeBytesRemaining
                0x0000000020012d90        0x4 Third-Party/FreeRTOS/org/Source/portable/MemMang/heap_4.o
 .bss.xBlockAllocatedBit
                0x0000000020012d94        0x4 Third-Party/FreeRTOS/org/Source/portable/MemMang/heap_4.o
 *(COMMON)
 COMMON         0x0000000020012d98       0x40 Core/Src/stm32f4xx_hal_timebase_tim.o
                0x0000000020012d98                htim2
 COMMON         0x0000000020012dd8        0x4 Drivers/STM32F4xx_HAL_Driver/Src/stm32f4xx_hal.o
                0x0000000020012dd8                uwTick
 COMMON         0x0000000020012ddc       0x40 Third-Party/FreeRTOS/org/Source/queue.o
                0x0000000020012ddc                xQueueRegistry
                0x0000000020012e1c                . = ALIGN (0x4)
                0x0000000020012e1c                _ebss = .
                0x0000000020012e1c                __bss_end__ = _ebss

._user_heap_stack
                0x0000000020012e1c      0x604 load address 0x0000000008004394
                0x0000000020012e20                . = ALIGN (0x8)
 *fill*         0x0000000020012e1c        0x4 
                0x0000000020012e20                PROVIDE (end = .)
                [!provide]                        PROVIDE (_end = .)
                0x0000000020013020                . = (. + _Min_Heap_Size)
 *fill*         0x0000000020012e20      0x200 
                0x0000000020013420                . = (. + _Min_Stack_Size)
 *fill*         0x0000000020013020      0x400 
                0x0000000020013420                . = ALIGN (0x8)

/DISCARD/
 libc.a(*)
 libm.a(*)
 libgcc.a(*)

.ARM.attributes
                0x0000000000000000       0x30
 *(.ARM.attributes)
 .ARM.attributes
                0x0000000000000000       0x22 /opt/st/stm32cubeide_1.3.0/plugins/com.st.stm32cube.ide.mcu.externaltools.gnu-tools-for-stm32.7-2018-q2-update.linux64_1.0.0.201904181610/tools/bin/../lib/gcc/arm-none-eabi/7.3.1/thumb/v7e-m/fpv4-sp/hard/crti.o
 .ARM.attributes
                0x0000000000000022       0x34 /opt/st/stm32cubeide_1.3.0/plugins/com.st.stm32cube.ide.mcu.externaltools.gnu-tools-for-stm32.7-2018-q2-update.linux64_1.0.0.201904181610/tools/bin/../lib/gcc/arm-none-eabi/7.3.1/thumb/v7e-m/fpv4-sp/hard/crtbegin.o
 .ARM.attributes
                0x0000000000000056       0x39 Core/Src/main.o
 .ARM.attributes
                0x000000000000008f       0x39 Core/Src/stm32f4xx_hal_msp.o
 .ARM.attributes
                0x00000000000000c8       0x39 Core/Src/stm32f4xx_hal_timebase_tim.o
 .ARM.attributes
                0x0000000000000101       0x39 Core/Src/stm32f4xx_it.o
 .ARM.attributes
                0x000000000000013a       0x39 Core/Src/system_stm32f4xx.o
 .ARM.attributes
                0x0000000000000173       0x21 Core/Startup/startup_stm32f411retx.o
 .ARM.attributes
                0x0000000000000194       0x39 Drivers/STM32F4xx_HAL_Driver/Src/stm32f4xx_hal.o
 .ARM.attributes
                0x00000000000001cd       0x39 Drivers/STM32F4xx_HAL_Driver/Src/stm32f4xx_hal_cortex.o
 .ARM.attributes
                0x0000000000000206       0x39 Drivers/STM32F4xx_HAL_Driver/Src/stm32f4xx_hal_gpio.o
 .ARM.attributes
                0x000000000000023f       0x39 Drivers/STM32F4xx_HAL_Driver/Src/stm32f4xx_hal_rcc.o
 .ARM.attributes
                0x0000000000000278       0x39 Drivers/STM32F4xx_HAL_Driver/Src/stm32f4xx_hal_tim.o
 .ARM.attributes
                0x00000000000002b1       0x39 Drivers/STM32F4xx_HAL_Driver/Src/stm32f4xx_hal_tim_ex.o
 .ARM.attributes
                0x00000000000002ea       0x39 Third-Party/FreeRTOS/org/Source/list.o
 .ARM.attributes
                0x0000000000000323       0x39 Third-Party/FreeRTOS/org/Source/queue.o
 .ARM.attributes
                0x000000000000035c       0x39 Third-Party/FreeRTOS/org/Source/tasks.o
 .ARM.attributes
                0x0000000000000395       0x39 Third-Party/FreeRTOS/org/Source/timers.o
 .ARM.attributes
                0x00000000000003ce       0x39 Third-Party/FreeRTOS/org/Source/portable/GCC/ARM_CM4F/port.o
 .ARM.attributes
                0x0000000000000407       0x39 Third-Party/FreeRTOS/org/Source/portable/MemMang/heap_4.o
 .ARM.attributes
                0x0000000000000440       0x34 /opt/st/stm32cubeide_1.3.0/plugins/com.st.stm32cube.ide.mcu.externaltools.gnu-tools-for-stm32.7-2018-q2-update.linux64_1.0.0.201904181610/tools/bin/../lib/gcc/arm-none-eabi/7.3.1/../../../../arm-none-eabi/lib/thumb/v7e-m/fpv4-sp/hard/libc_nano.a(lib_a-init.o)
 .ARM.attributes
                0x0000000000000474       0x34 /opt/st/stm32cubeide_1.3.0/plugins/com.st.stm32cube.ide.mcu.externaltools.gnu-tools-for-stm32.7-2018-q2-update.linux64_1.0.0.201904181610/tools/bin/../lib/gcc/arm-none-eabi/7.3.1/../../../../arm-none-eabi/lib/thumb/v7e-m/fpv4-sp/hard/libc_nano.a(lib_a-memcpy-stub.o)
 .ARM.attributes
                0x00000000000004a8       0x34 /opt/st/stm32cubeide_1.3.0/plugins/com.st.stm32cube.ide.mcu.externaltools.gnu-tools-for-stm32.7-2018-q2-update.linux64_1.0.0.201904181610/tools/bin/../lib/gcc/arm-none-eabi/7.3.1/../../../../arm-none-eabi/lib/thumb/v7e-m/fpv4-sp/hard/libc_nano.a(lib_a-memset.o)
 .ARM.attributes
                0x00000000000004dc       0x22 /opt/st/stm32cubeide_1.3.0/plugins/com.st.stm32cube.ide.mcu.externaltools.gnu-tools-for-stm32.7-2018-q2-update.linux64_1.0.0.201904181610/tools/bin/../lib/gcc/arm-none-eabi/7.3.1/thumb/v7e-m/fpv4-sp/hard/libgcc.a(_aeabi_uldivmod.o)
 .ARM.attributes
                0x00000000000004fe       0x34 /opt/st/stm32cubeide_1.3.0/plugins/com.st.stm32cube.ide.mcu.externaltools.gnu-tools-for-stm32.7-2018-q2-update.linux64_1.0.0.201904181610/tools/bin/../lib/gcc/arm-none-eabi/7.3.1/thumb/v7e-m/fpv4-sp/hard/libgcc.a(_udivmoddi4.o)
 .ARM.attributes
                0x0000000000000532       0x22 /opt/st/stm32cubeide_1.3.0/plugins/com.st.stm32cube.ide.mcu.externaltools.gnu-tools-for-stm32.7-2018-q2-update.linux64_1.0.0.201904181610/tools/bin/../lib/gcc/arm-none-eabi/7.3.1/thumb/v7e-m/fpv4-sp/hard/libgcc.a(_dvmd_tls.o)
 .ARM.attributes
                0x0000000000000554       0x22 /opt/st/stm32cubeide_1.3.0/plugins/com.st.stm32cube.ide.mcu.externaltools.gnu-tools-for-stm32.7-2018-q2-update.linux64_1.0.0.201904181610/tools/bin/../lib/gcc/arm-none-eabi/7.3.1/thumb/v7e-m/fpv4-sp/hard/crtn.o
OUTPUT(STM32_FreeRTOS_Task_Delete.elf elf32-littlearm)

.debug_info     0x0000000000000000    0x10537
 .debug_info    0x0000000000000000     0x1604 Core/Src/main.o
 .debug_info    0x0000000000001604      0x38c Core/Src/stm32f4xx_hal_msp.o
 .debug_info    0x0000000000001990      0xabf Core/Src/stm32f4xx_hal_timebase_tim.o
 .debug_info    0x000000000000244f      0x6d7 Core/Src/stm32f4xx_it.o
 .debug_info    0x0000000000002b26      0x57e Core/Src/system_stm32f4xx.o
 .debug_info    0x00000000000030a4       0x22 Core/Startup/startup_stm32f411retx.o
 .debug_info    0x00000000000030c6      0x8d5 Drivers/STM32F4xx_HAL_Driver/Src/stm32f4xx_hal.o
 .debug_info    0x000000000000399b      0xd98 Drivers/STM32F4xx_HAL_Driver/Src/stm32f4xx_hal_cortex.o
 .debug_info    0x0000000000004733      0x7d7 Drivers/STM32F4xx_HAL_Driver/Src/stm32f4xx_hal_gpio.o
 .debug_info    0x0000000000004f0a      0x92a Drivers/STM32F4xx_HAL_Driver/Src/stm32f4xx_hal_rcc.o
 .debug_info    0x0000000000005834     0x24a1 Drivers/STM32F4xx_HAL_Driver/Src/stm32f4xx_hal_tim.o
 .debug_info    0x0000000000007cd5     0x114f Drivers/STM32F4xx_HAL_Driver/Src/stm32f4xx_hal_tim_ex.o
 .debug_info    0x0000000000008e24      0xacb Third-Party/FreeRTOS/org/Source/list.o
 .debug_info    0x00000000000098ef     0x1f26 Third-Party/FreeRTOS/org/Source/queue.o
 .debug_info    0x000000000000b815     0x27b4 Third-Party/FreeRTOS/org/Source/tasks.o
 .debug_info    0x000000000000dfc9     0x13f7 Third-Party/FreeRTOS/org/Source/timers.o
 .debug_info    0x000000000000f3c0      0x58b Third-Party/FreeRTOS/org/Source/portable/GCC/ARM_CM4F/port.o
 .debug_info    0x000000000000f94b      0xbec Third-Party/FreeRTOS/org/Source/portable/MemMang/heap_4.o

.debug_abbrev   0x0000000000000000     0x24fe
 .debug_abbrev  0x0000000000000000      0x27d Core/Src/main.o
 .debug_abbrev  0x000000000000027d      0x109 Core/Src/stm32f4xx_hal_msp.o
 .debug_abbrev  0x0000000000000386      0x1ac Core/Src/stm32f4xx_hal_timebase_tim.o
 .debug_abbrev  0x0000000000000532      0x169 Core/Src/stm32f4xx_it.o
 .debug_abbrev  0x000000000000069b      0x12b Core/Src/system_stm32f4xx.o
 .debug_abbrev  0x00000000000007c6       0x12 Core/Startup/startup_stm32f411retx.o
 .debug_abbrev  0x00000000000007d8      0x1f2 Drivers/STM32F4xx_HAL_Driver/Src/stm32f4xx_hal.o
 .debug_abbrev  0x00000000000009ca      0x2fa Drivers/STM32F4xx_HAL_Driver/Src/stm32f4xx_hal_cortex.o
 .debug_abbrev  0x0000000000000cc4      0x1c9 Drivers/STM32F4xx_HAL_Driver/Src/stm32f4xx_hal_gpio.o
 .debug_abbrev  0x0000000000000e8d      0x245 Drivers/STM32F4xx_HAL_Driver/Src/stm32f4xx_hal_rcc.o
 .debug_abbrev  0x00000000000010d2      0x23f Drivers/STM32F4xx_HAL_Driver/Src/stm32f4xx_hal_tim.o
 .debug_abbrev  0x0000000000001311      0x22d Drivers/STM32F4xx_HAL_Driver/Src/stm32f4xx_hal_tim_ex.o
 .debug_abbrev  0x000000000000153e      0x1cf Third-Party/FreeRTOS/org/Source/list.o
 .debug_abbrev  0x000000000000170d      0x31c Third-Party/FreeRTOS/org/Source/queue.o
 .debug_abbrev  0x0000000000001a29      0x35f Third-Party/FreeRTOS/org/Source/tasks.o
 .debug_abbrev  0x0000000000001d88      0x2c8 Third-Party/FreeRTOS/org/Source/timers.o
 .debug_abbrev  0x0000000000002050      0x210 Third-Party/FreeRTOS/org/Source/portable/GCC/ARM_CM4F/port.o
 .debug_abbrev  0x0000000000002260      0x29e Third-Party/FreeRTOS/org/Source/portable/MemMang/heap_4.o

.debug_aranges  0x0000000000000000      0xe40
 .debug_aranges
                0x0000000000000000       0x60 Core/Src/main.o
 .debug_aranges
                0x0000000000000060       0x20 Core/Src/stm32f4xx_hal_msp.o
 .debug_aranges
                0x0000000000000080       0x30 Core/Src/stm32f4xx_hal_timebase_tim.o
 .debug_aranges
                0x00000000000000b0       0x58 Core/Src/stm32f4xx_it.o
 .debug_aranges
                0x0000000000000108       0x28 Core/Src/system_stm32f4xx.o
 .debug_aranges
                0x0000000000000130       0x28 Core/Startup/startup_stm32f411retx.o
 .debug_aranges
                0x0000000000000158       0xf0 Drivers/STM32F4xx_HAL_Driver/Src/stm32f4xx_hal.o
 .debug_aranges
                0x0000000000000248      0x118 Drivers/STM32F4xx_HAL_Driver/Src/stm32f4xx_hal_cortex.o
 .debug_aranges
                0x0000000000000360       0x58 Drivers/STM32F4xx_HAL_Driver/Src/stm32f4xx_hal_gpio.o
 .debug_aranges
                0x00000000000003b8       0x88 Drivers/STM32F4xx_HAL_Driver/Src/stm32f4xx_hal_rcc.o
 .debug_aranges
                0x0000000000000440      0x3a8 Drivers/STM32F4xx_HAL_Driver/Src/stm32f4xx_hal_tim.o
 .debug_aranges
                0x00000000000007e8      0x150 Drivers/STM32F4xx_HAL_Driver/Src/stm32f4xx_hal_tim_ex.o
 .debug_aranges
                0x0000000000000938       0x40 Third-Party/FreeRTOS/org/Source/list.o
 .debug_aranges
                0x0000000000000978      0x130 Third-Party/FreeRTOS/org/Source/queue.o
 .debug_aranges
                0x0000000000000aa8      0x1f8 Third-Party/FreeRTOS/org/Source/tasks.o
 .debug_aranges
                0x0000000000000ca0       0xc8 Third-Party/FreeRTOS/org/Source/timers.o
 .debug_aranges
                0x0000000000000d68       0x88 Third-Party/FreeRTOS/org/Source/portable/GCC/ARM_CM4F/port.o
 .debug_aranges
                0x0000000000000df0       0x50 Third-Party/FreeRTOS/org/Source/portable/MemMang/heap_4.o

.debug_ranges   0x0000000000000000      0xd28
 .debug_ranges  0x0000000000000000       0x50 Core/Src/main.o
 .debug_ranges  0x0000000000000050       0x10 Core/Src/stm32f4xx_hal_msp.o
 .debug_ranges  0x0000000000000060       0x20 Core/Src/stm32f4xx_hal_timebase_tim.o
 .debug_ranges  0x0000000000000080       0x48 Core/Src/stm32f4xx_it.o
 .debug_ranges  0x00000000000000c8       0x18 Core/Src/system_stm32f4xx.o
 .debug_ranges  0x00000000000000e0       0x20 Core/Startup/startup_stm32f411retx.o
 .debug_ranges  0x0000000000000100       0xe0 Drivers/STM32F4xx_HAL_Driver/Src/stm32f4xx_hal.o
 .debug_ranges  0x00000000000001e0      0x108 Drivers/STM32F4xx_HAL_Driver/Src/stm32f4xx_hal_cortex.o
 .debug_ranges  0x00000000000002e8       0x48 Drivers/STM32F4xx_HAL_Driver/Src/stm32f4xx_hal_gpio.o
 .debug_ranges  0x0000000000000330       0x78 Drivers/STM32F4xx_HAL_Driver/Src/stm32f4xx_hal_rcc.o
 .debug_ranges  0x00000000000003a8      0x398 Drivers/STM32F4xx_HAL_Driver/Src/stm32f4xx_hal_tim.o
 .debug_ranges  0x0000000000000740      0x140 Drivers/STM32F4xx_HAL_Driver/Src/stm32f4xx_hal_tim_ex.o
 .debug_ranges  0x0000000000000880       0x30 Third-Party/FreeRTOS/org/Source/list.o
 .debug_ranges  0x00000000000008b0      0x120 Third-Party/FreeRTOS/org/Source/queue.o
 .debug_ranges  0x00000000000009d0      0x1e8 Third-Party/FreeRTOS/org/Source/tasks.o
 .debug_ranges  0x0000000000000bb8       0xb8 Third-Party/FreeRTOS/org/Source/timers.o
 .debug_ranges  0x0000000000000c70       0x78 Third-Party/FreeRTOS/org/Source/portable/GCC/ARM_CM4F/port.o
 .debug_ranges  0x0000000000000ce8       0x40 Third-Party/FreeRTOS/org/Source/portable/MemMang/heap_4.o

.debug_macro    0x0000000000000000    0x17211
 .debug_macro   0x0000000000000000      0x3c8 Core/Src/main.o
 .debug_macro   0x00000000000003c8      0xa5a Core/Src/main.o
 .debug_macro   0x0000000000000e22      0x184 Core/Src/main.o
 .debug_macro   0x0000000000000fa6       0x2e Core/Src/main.o
 .debug_macro   0x0000000000000fd4       0x28 Core/Src/main.o
 .debug_macro   0x0000000000000ffc       0x22 Core/Src/main.o
 .debug_macro   0x000000000000101e       0x8e Core/Src/main.o
 .debug_macro   0x00000000000010ac       0x51 Core/Src/main.o
 .debug_macro   0x00000000000010fd       0xef Core/Src/main.o
 .debug_macro   0x00000000000011ec       0x6a Core/Src/main.o
 .debug_macro   0x0000000000001256      0x1df Core/Src/main.o
 .debug_macro   0x0000000000001435       0x1c Core/Src/main.o
 .debug_macro   0x0000000000001451       0x22 Core/Src/main.o
 .debug_macro   0x0000000000001473       0xdf Core/Src/main.o
 .debug_macro   0x0000000000001552     0x102d Core/Src/main.o
 .debug_macro   0x000000000000257f      0x11f Core/Src/main.o
 .debug_macro   0x000000000000269e     0xb937 Core/Src/main.o
 .debug_macro   0x000000000000dfd5       0x43 Core/Src/main.o
 .debug_macro   0x000000000000e018     0x3659 Core/Src/main.o
 .debug_macro   0x0000000000011671      0x174 Core/Src/main.o
 .debug_macro   0x00000000000117e5       0x5a Core/Src/main.o
 .debug_macro   0x000000000001183f      0x447 Core/Src/main.o
 .debug_macro   0x0000000000011c86      0x9fe Core/Src/main.o
 .debug_macro   0x0000000000012684      0x15f Core/Src/main.o
 .debug_macro   0x00000000000127e3      0x117 Core/Src/main.o
 .debug_macro   0x00000000000128fa      0x11b Core/Src/main.o
 .debug_macro   0x0000000000012a15       0x27 Core/Src/main.o
 .debug_macro   0x0000000000012a3c      0x287 Core/Src/main.o
 .debug_macro   0x0000000000012cc3       0x5f Core/Src/main.o
 .debug_macro   0x0000000000012d22      0x236 Core/Src/main.o
 .debug_macro   0x0000000000012f58      0x132 Core/Src/main.o
 .debug_macro   0x000000000001308a      0x264 Core/Src/main.o
 .debug_macro   0x00000000000132ee       0x2e Core/Src/main.o
 .debug_macro   0x000000000001331c      0x11a Core/Src/main.o
 .debug_macro   0x0000000000013436       0x85 Core/Src/main.o
 .debug_macro   0x00000000000134bb       0x89 Core/Src/main.o
 .debug_macro   0x0000000000013544      0x8a0 Core/Src/main.o
 .debug_macro   0x0000000000013de4       0x47 Core/Src/main.o
 .debug_macro   0x0000000000013e2b      0x126 Core/Src/main.o
 .debug_macro   0x0000000000013f51      0x115 Core/Src/main.o
 .debug_macro   0x0000000000014066      0x15a Core/Src/main.o
 .debug_macro   0x00000000000141c0       0xdd Core/Src/main.o
 .debug_macro   0x000000000001429d       0x10 Core/Src/main.o
 .debug_macro   0x00000000000142ad       0x1f Core/Src/main.o
 .debug_macro   0x00000000000142cc      0x4cc Core/Src/main.o
 .debug_macro   0x0000000000014798       0xb5 Core/Src/main.o
 .debug_macro   0x000000000001484d       0x8c Core/Src/main.o
 .debug_macro   0x00000000000148d9       0x46 Core/Src/main.o
 .debug_macro   0x000000000001491f       0x18 Core/Src/main.o
 .debug_macro   0x0000000000014937       0x3c Core/Src/main.o
 .debug_macro   0x0000000000014973       0x34 Core/Src/main.o
 .debug_macro   0x00000000000149a7       0x16 Core/Src/main.o
 .debug_macro   0x00000000000149bd       0x35 Core/Src/main.o
 .debug_macro   0x00000000000149f2      0x32a Core/Src/main.o
 .debug_macro   0x0000000000014d1c       0x10 Core/Src/main.o
 .debug_macro   0x0000000000014d2c       0x52 Core/Src/main.o
 .debug_macro   0x0000000000014d7e       0x1f Core/Src/main.o
 .debug_macro   0x0000000000014d9d       0x43 Core/Src/main.o
 .debug_macro   0x0000000000014de0       0x20 Core/Src/main.o
 .debug_macro   0x0000000000014e00      0x1a3 Core/Src/main.o
 .debug_macro   0x0000000000014fa3       0x10 Core/Src/main.o
 .debug_macro   0x0000000000014fb3       0x1c Core/Src/main.o
 .debug_macro   0x0000000000014fcf       0x52 Core/Src/main.o
 .debug_macro   0x0000000000015021       0x40 Core/Src/main.o
 .debug_macro   0x0000000000015061       0x10 Core/Src/main.o
 .debug_macro   0x0000000000015071       0x40 Core/Src/main.o
 .debug_macro   0x00000000000150b1       0xd7 Core/Src/main.o
 .debug_macro   0x0000000000015188       0x1c Core/Src/main.o
 .debug_macro   0x00000000000151a4       0x3d Core/Src/main.o
 .debug_macro   0x00000000000151e1       0x16 Core/Src/main.o
 .debug_macro   0x00000000000151f7      0x145 Core/Src/main.o
 .debug_macro   0x000000000001533c       0x16 Core/Src/main.o
 .debug_macro   0x0000000000015352       0x20 Core/Src/main.o
 .debug_macro   0x0000000000015372      0x1ce Core/Src/stm32f4xx_hal_msp.o
 .debug_macro   0x0000000000015540      0x1c4 Core/Src/stm32f4xx_hal_timebase_tim.o
 .debug_macro   0x0000000000015704      0x1d8 Core/Src/stm32f4xx_it.o
 .debug_macro   0x00000000000158dc      0x1ca Core/Src/system_stm32f4xx.o
 .debug_macro   0x0000000000015aa6      0x224 Drivers/STM32F4xx_HAL_Driver/Src/stm32f4xx_hal.o
 .debug_macro   0x0000000000015cca      0x1c4 Drivers/STM32F4xx_HAL_Driver/Src/stm32f4xx_hal_cortex.o
 .debug_macro   0x0000000000015e8e      0x1fa Drivers/STM32F4xx_HAL_Driver/Src/stm32f4xx_hal_gpio.o
 .debug_macro   0x0000000000016088      0x1e8 Drivers/STM32F4xx_HAL_Driver/Src/stm32f4xx_hal_rcc.o
 .debug_macro   0x0000000000016270      0x1c5 Drivers/STM32F4xx_HAL_Driver/Src/stm32f4xx_hal_tim.o
 .debug_macro   0x0000000000016435      0x1c4 Drivers/STM32F4xx_HAL_Driver/Src/stm32f4xx_hal_tim_ex.o
 .debug_macro   0x00000000000165f9      0x17a Third-Party/FreeRTOS/org/Source/list.o
 .debug_macro   0x0000000000016773      0x209 Third-Party/FreeRTOS/org/Source/queue.o
 .debug_macro   0x000000000001697c       0x80 Third-Party/FreeRTOS/org/Source/queue.o
 .debug_macro   0x00000000000169fc      0x27a Third-Party/FreeRTOS/org/Source/tasks.o
 .debug_macro   0x0000000000016c76       0x10 Third-Party/FreeRTOS/org/Source/tasks.o
 .debug_macro   0x0000000000016c86      0x1bd Third-Party/FreeRTOS/org/Source/timers.o
 .debug_macro   0x0000000000016e43       0x97 Third-Party/FreeRTOS/org/Source/timers.o
 .debug_macro   0x0000000000016eda      0x196 Third-Party/FreeRTOS/org/Source/portable/GCC/ARM_CM4F/port.o
 .debug_macro   0x0000000000017070      0x1a1 Third-Party/FreeRTOS/org/Source/portable/MemMang/heap_4.o

.debug_line     0x0000000000000000     0xb36f
 .debug_line    0x0000000000000000      0xb3d Core/Src/main.o
 .debug_line    0x0000000000000b3d      0x685 Core/Src/stm32f4xx_hal_msp.o
 .debug_line    0x00000000000011c2      0x6b9 Core/Src/stm32f4xx_hal_timebase_tim.o
 .debug_line    0x000000000000187b      0x719 Core/Src/stm32f4xx_it.o
 .debug_line    0x0000000000001f94      0x6a0 Core/Src/system_stm32f4xx.o
 .debug_line    0x0000000000002634       0x85 Core/Startup/startup_stm32f411retx.o
 .debug_line    0x00000000000026b9      0x88a Drivers/STM32F4xx_HAL_Driver/Src/stm32f4xx_hal.o
 .debug_line    0x0000000000002f43      0x9ae Drivers/STM32F4xx_HAL_Driver/Src/stm32f4xx_hal_cortex.o
 .debug_line    0x00000000000038f1      0x82d Drivers/STM32F4xx_HAL_Driver/Src/stm32f4xx_hal_gpio.o
 .debug_line    0x000000000000411e      0x8e2 Drivers/STM32F4xx_HAL_Driver/Src/stm32f4xx_hal_rcc.o
 .debug_line    0x0000000000004a00     0x1747 Drivers/STM32F4xx_HAL_Driver/Src/stm32f4xx_hal_tim.o
 .debug_line    0x0000000000006147      0xc95 Drivers/STM32F4xx_HAL_Driver/Src/stm32f4xx_hal_tim_ex.o
 .debug_line    0x0000000000006ddc      0x721 Third-Party/FreeRTOS/org/Source/list.o
 .debug_line    0x00000000000074fd     0x106e Third-Party/FreeRTOS/org/Source/queue.o
 .debug_line    0x000000000000856b     0x13c3 Third-Party/FreeRTOS/org/Source/tasks.o
 .debug_line    0x000000000000992e      0xa61 Third-Party/FreeRTOS/org/Source/timers.o
 .debug_line    0x000000000000a38f      0x7d7 Third-Party/FreeRTOS/org/Source/portable/GCC/ARM_CM4F/port.o
 .debug_line    0x000000000000ab66      0x809 Third-Party/FreeRTOS/org/Source/portable/MemMang/heap_4.o

.debug_str      0x0000000000000000    0x9190e
 .debug_str     0x0000000000000000    0x8b919 Core/Src/main.o
                                      0x8bcc7 (size before relaxing)
 .debug_str     0x000000000008b919       0x2c Core/Src/stm32f4xx_hal_msp.o
                                      0x834a2 (size before relaxing)
 .debug_str     0x000000000008b945       0xaa Core/Src/stm32f4xx_hal_timebase_tim.o
                                      0x83d47 (size before relaxing)
 .debug_str     0x000000000008b9ef       0xb7 Core/Src/stm32f4xx_it.o
                                      0x83851 (size before relaxing)
 .debug_str     0x000000000008baa6       0xc4 Core/Src/system_stm32f4xx.o
                                      0x83529 (size before relaxing)
 .debug_str     0x000000000008bb6a       0x36 Core/Startup/startup_stm32f411retx.o
                                         0x93 (size before relaxing)
 .debug_str     0x000000000008bba0      0x542 Drivers/STM32F4xx_HAL_Driver/Src/stm32f4xx_hal.o
                                      0x83e9e (size before relaxing)
 .debug_str     0x000000000008c0e2      0x392 Drivers/STM32F4xx_HAL_Driver/Src/stm32f4xx_hal_cortex.o
                                      0x83c7b (size before relaxing)
 .debug_str     0x000000000008c474      0x1ec Drivers/STM32F4xx_HAL_Driver/Src/stm32f4xx_hal_gpio.o
                                      0x83768 (size before relaxing)
 .debug_str     0x000000000008c660      0x24f Drivers/STM32F4xx_HAL_Driver/Src/stm32f4xx_hal_rcc.o
                                      0x83916 (size before relaxing)
 .debug_str     0x000000000008c8af      0xd6f Drivers/STM32F4xx_HAL_Driver/Src/stm32f4xx_hal_tim.o
                                      0x84623 (size before relaxing)
 .debug_str     0x000000000008d61e      0x4ec Drivers/STM32F4xx_HAL_Driver/Src/stm32f4xx_hal_tim_ex.o
                                      0x83e23 (size before relaxing)
 .debug_str     0x000000000008db0a      0x251 Third-Party/FreeRTOS/org/Source/list.o
                                       0xa764 (size before relaxing)
 .debug_str     0x000000000008dd5b     0x1008 Third-Party/FreeRTOS/org/Source/queue.o
                                       0xbd96 (size before relaxing)
 .debug_str     0x000000000008ed63     0x1ce1 Third-Party/FreeRTOS/org/Source/tasks.o
                                       0xcbee (size before relaxing)
 .debug_str     0x0000000000090a44      0x47f Third-Party/FreeRTOS/org/Source/timers.o
                                       0xc102 (size before relaxing)
 .debug_str     0x0000000000090ec3      0x802 Third-Party/FreeRTOS/org/Source/portable/GCC/ARM_CM4F/port.o
                                       0x8477 (size before relaxing)
 .debug_str     0x00000000000916c5      0x249 Third-Party/FreeRTOS/org/Source/portable/MemMang/heap_4.o
                                       0xae87 (size before relaxing)

.comment        0x0000000000000000       0x7b
 .comment       0x0000000000000000       0x7b Core/Src/main.o
                                         0x7c (size before relaxing)
 .comment       0x000000000000007b       0x7c Core/Src/stm32f4xx_hal_msp.o
 .comment       0x000000000000007b       0x7c Core/Src/stm32f4xx_hal_timebase_tim.o
 .comment       0x000000000000007b       0x7c Core/Src/stm32f4xx_it.o
 .comment       0x000000000000007b       0x7c Core/Src/system_stm32f4xx.o
 .comment       0x000000000000007b       0x7c Drivers/STM32F4xx_HAL_Driver/Src/stm32f4xx_hal.o
 .comment       0x000000000000007b       0x7c Drivers/STM32F4xx_HAL_Driver/Src/stm32f4xx_hal_cortex.o
 .comment       0x000000000000007b       0x7c Drivers/STM32F4xx_HAL_Driver/Src/stm32f4xx_hal_gpio.o
 .comment       0x000000000000007b       0x7c Drivers/STM32F4xx_HAL_Driver/Src/stm32f4xx_hal_rcc.o
 .comment       0x000000000000007b       0x7c Drivers/STM32F4xx_HAL_Driver/Src/stm32f4xx_hal_tim.o
 .comment       0x000000000000007b       0x7c Drivers/STM32F4xx_HAL_Driver/Src/stm32f4xx_hal_tim_ex.o
 .comment       0x000000000000007b       0x7c Third-Party/FreeRTOS/org/Source/list.o
 .comment       0x000000000000007b       0x7c Third-Party/FreeRTOS/org/Source/queue.o
 .comment       0x000000000000007b       0x7c Third-Party/FreeRTOS/org/Source/tasks.o
 .comment       0x000000000000007b       0x7c Third-Party/FreeRTOS/org/Source/timers.o
 .comment       0x000000000000007b       0x7c Third-Party/FreeRTOS/org/Source/portable/GCC/ARM_CM4F/port.o
 .comment       0x000000000000007b       0x7c Third-Party/FreeRTOS/org/Source/portable/MemMang/heap_4.o

.debug_frame    0x0000000000000000     0x3aac
 .debug_frame   0x0000000000000000      0x138 Core/Src/main.o
 .debug_frame   0x0000000000000138       0x38 Core/Src/stm32f4xx_hal_msp.o
 .debug_frame   0x0000000000000170       0x74 Core/Src/stm32f4xx_hal_timebase_tim.o
 .debug_frame   0x00000000000001e4       0xe8 Core/Src/stm32f4xx_it.o
 .debug_frame   0x00000000000002cc       0x58 Core/Src/system_stm32f4xx.o
 .debug_frame   0x0000000000000324      0x374 Drivers/STM32F4xx_HAL_Driver/Src/stm32f4xx_hal.o
 .debug_frame   0x0000000000000698      0x498 Drivers/STM32F4xx_HAL_Driver/Src/stm32f4xx_hal_cortex.o
 .debug_frame   0x0000000000000b30      0x14c Drivers/STM32F4xx_HAL_Driver/Src/stm32f4xx_hal_gpio.o
 .debug_frame   0x0000000000000c7c      0x1f0 Drivers/STM32F4xx_HAL_Driver/Src/stm32f4xx_hal_rcc.o
 .debug_frame   0x0000000000000e6c     0x10e8 Drivers/STM32F4xx_HAL_Driver/Src/stm32f4xx_hal_tim.o
 .debug_frame   0x0000000000001f54      0x5c0 Drivers/STM32F4xx_HAL_Driver/Src/stm32f4xx_hal_tim_ex.o
 .debug_frame   0x0000000000002514       0xd8 Third-Party/FreeRTOS/org/Source/list.o
 .debug_frame   0x00000000000025ec      0x530 Third-Party/FreeRTOS/org/Source/queue.o
 .debug_frame   0x0000000000002b1c      0x8a4 Third-Party/FreeRTOS/org/Source/tasks.o
 .debug_frame   0x00000000000033c0      0x340 Third-Party/FreeRTOS/org/Source/timers.o
 .debug_frame   0x0000000000003700      0x1d0 Third-Party/FreeRTOS/org/Source/portable/GCC/ARM_CM4F/port.o
 .debug_frame   0x00000000000038d0      0x108 Third-Party/FreeRTOS/org/Source/portable/MemMang/heap_4.o
 .debug_frame   0x00000000000039d8       0x2c /opt/st/stm32cubeide_1.3.0/plugins/com.st.stm32cube.ide.mcu.externaltools.gnu-tools-for-stm32.7-2018-q2-update.linux64_1.0.0.201904181610/tools/bin/../lib/gcc/arm-none-eabi/7.3.1/../../../../arm-none-eabi/lib/thumb/v7e-m/fpv4-sp/hard/libc_nano.a(lib_a-init.o)
 .debug_frame   0x0000000000003a04       0x28 /opt/st/stm32cubeide_1.3.0/plugins/com.st.stm32cube.ide.mcu.externaltools.gnu-tools-for-stm32.7-2018-q2-update.linux64_1.0.0.201904181610/tools/bin/../lib/gcc/arm-none-eabi/7.3.1/../../../../arm-none-eabi/lib/thumb/v7e-m/fpv4-sp/hard/libc_nano.a(lib_a-memcpy-stub.o)
 .debug_frame   0x0000000000003a2c       0x20 /opt/st/stm32cubeide_1.3.0/plugins/com.st.stm32cube.ide.mcu.externaltools.gnu-tools-for-stm32.7-2018-q2-update.linux64_1.0.0.201904181610/tools/bin/../lib/gcc/arm-none-eabi/7.3.1/../../../../arm-none-eabi/lib/thumb/v7e-m/fpv4-sp/hard/libc_nano.a(lib_a-memset.o)
 .debug_frame   0x0000000000003a4c       0x2c /opt/st/stm32cubeide_1.3.0/plugins/com.st.stm32cube.ide.mcu.externaltools.gnu-tools-for-stm32.7-2018-q2-update.linux64_1.0.0.201904181610/tools/bin/../lib/gcc/arm-none-eabi/7.3.1/thumb/v7e-m/fpv4-sp/hard/libgcc.a(_aeabi_uldivmod.o)
 .debug_frame   0x0000000000003a78       0x34 /opt/st/stm32cubeide_1.3.0/plugins/com.st.stm32cube.ide.mcu.externaltools.gnu-tools-for-stm32.7-2018-q2-update.linux64_1.0.0.201904181610/tools/bin/../lib/gcc/arm-none-eabi/7.3.1/thumb/v7e-m/fpv4-sp/hard/libgcc.a(_udivmoddi4.o)
