Archive member included to satisfy reference by file (symbol)

/opt/st/stm32cubeide_1.3.0/plugins/com.st.stm32cube.ide.mcu.externaltools.gnu-tools-for-stm32.7-2018-q2-update.linux64_1.0.0.201904181610/tools/bin/../lib/gcc/arm-none-eabi/7.3.1/../../../../arm-none-eabi/lib/thumb/v7e-m/fpv4-sp/hard/libc_nano.a(lib_a-errno.o)
                              Core/Src/syscalls.o (__errno)
/opt/st/stm32cubeide_1.3.0/plugins/com.st.stm32cube.ide.mcu.externaltools.gnu-tools-for-stm32.7-2018-q2-update.linux64_1.0.0.201904181610/tools/bin/../lib/gcc/arm-none-eabi/7.3.1/../../../../arm-none-eabi/lib/thumb/v7e-m/fpv4-sp/hard/libc_nano.a(lib_a-exit.o)
                              /opt/st/stm32cubeide_1.3.0/plugins/com.st.stm32cube.ide.mcu.externaltools.gnu-tools-for-stm32.7-2018-q2-update.linux64_1.0.0.201904181610/tools/bin/../lib/gcc/arm-none-eabi/7.3.1/../../../../arm-none-eabi/lib/thumb/v7e-m/fpv4-sp/hard/crt0.o (exit)
/opt/st/stm32cubeide_1.3.0/plugins/com.st.stm32cube.ide.mcu.externaltools.gnu-tools-for-stm32.7-2018-q2-update.linux64_1.0.0.201904181610/tools/bin/../lib/gcc/arm-none-eabi/7.3.1/../../../../arm-none-eabi/lib/thumb/v7e-m/fpv4-sp/hard/libc_nano.a(lib_a-impure.o)
                              /opt/st/stm32cubeide_1.3.0/plugins/com.st.stm32cube.ide.mcu.externaltools.gnu-tools-for-stm32.7-2018-q2-update.linux64_1.0.0.201904181610/tools/bin/../lib/gcc/arm-none-eabi/7.3.1/../../../../arm-none-eabi/lib/thumb/v7e-m/fpv4-sp/hard/libc_nano.a(lib_a-exit.o) (_global_impure_ptr)
/opt/st/stm32cubeide_1.3.0/plugins/com.st.stm32cube.ide.mcu.externaltools.gnu-tools-for-stm32.7-2018-q2-update.linux64_1.0.0.201904181610/tools/bin/../lib/gcc/arm-none-eabi/7.3.1/../../../../arm-none-eabi/lib/thumb/v7e-m/fpv4-sp/hard/libc_nano.a(lib_a-init.o)
                              /opt/st/stm32cubeide_1.3.0/plugins/com.st.stm32cube.ide.mcu.externaltools.gnu-tools-for-stm32.7-2018-q2-update.linux64_1.0.0.201904181610/tools/bin/../lib/gcc/arm-none-eabi/7.3.1/../../../../arm-none-eabi/lib/thumb/v7e-m/fpv4-sp/hard/crt0.o (__libc_init_array)
/opt/st/stm32cubeide_1.3.0/plugins/com.st.stm32cube.ide.mcu.externaltools.gnu-tools-for-stm32.7-2018-q2-update.linux64_1.0.0.201904181610/tools/bin/../lib/gcc/arm-none-eabi/7.3.1/../../../../arm-none-eabi/lib/thumb/v7e-m/fpv4-sp/hard/libc_nano.a(lib_a-memcpy-stub.o)
                              Third-Party/FreeRTOS/org/Source/queue.o (memcpy)
/opt/st/stm32cubeide_1.3.0/plugins/com.st.stm32cube.ide.mcu.externaltools.gnu-tools-for-stm32.7-2018-q2-update.linux64_1.0.0.201904181610/tools/bin/../lib/gcc/arm-none-eabi/7.3.1/../../../../arm-none-eabi/lib/thumb/v7e-m/fpv4-sp/hard/libc_nano.a(lib_a-memset.o)
                              /opt/st/stm32cubeide_1.3.0/plugins/com.st.stm32cube.ide.mcu.externaltools.gnu-tools-for-stm32.7-2018-q2-update.linux64_1.0.0.201904181610/tools/bin/../lib/gcc/arm-none-eabi/7.3.1/../../../../arm-none-eabi/lib/thumb/v7e-m/fpv4-sp/hard/crt0.o (memset)
/opt/st/stm32cubeide_1.3.0/plugins/com.st.stm32cube.ide.mcu.externaltools.gnu-tools-for-stm32.7-2018-q2-update.linux64_1.0.0.201904181610/tools/bin/../lib/gcc/arm-none-eabi/7.3.1/../../../../arm-none-eabi/lib/thumb/v7e-m/fpv4-sp/hard/libc_nano.a(lib_a-sprintf.o)
                              Core/Src/main.o (sprintf)
/opt/st/stm32cubeide_1.3.0/plugins/com.st.stm32cube.ide.mcu.externaltools.gnu-tools-for-stm32.7-2018-q2-update.linux64_1.0.0.201904181610/tools/bin/../lib/gcc/arm-none-eabi/7.3.1/../../../../arm-none-eabi/lib/thumb/v7e-m/fpv4-sp/hard/libc_nano.a(lib_a-strlen.o)
                              Core/Src/main.o (strlen)
/opt/st/stm32cubeide_1.3.0/plugins/com.st.stm32cube.ide.mcu.externaltools.gnu-tools-for-stm32.7-2018-q2-update.linux64_1.0.0.201904181610/tools/bin/../lib/gcc/arm-none-eabi/7.3.1/../../../../arm-none-eabi/lib/thumb/v7e-m/fpv4-sp/hard/libc_nano.a(lib_a-nano-svfprintf.o)
                              /opt/st/stm32cubeide_1.3.0/plugins/com.st.stm32cube.ide.mcu.externaltools.gnu-tools-for-stm32.7-2018-q2-update.linux64_1.0.0.201904181610/tools/bin/../lib/gcc/arm-none-eabi/7.3.1/../../../../arm-none-eabi/lib/thumb/v7e-m/fpv4-sp/hard/libc_nano.a(lib_a-sprintf.o) (_svfprintf_r)
/opt/st/stm32cubeide_1.3.0/plugins/com.st.stm32cube.ide.mcu.externaltools.gnu-tools-for-stm32.7-2018-q2-update.linux64_1.0.0.201904181610/tools/bin/../lib/gcc/arm-none-eabi/7.3.1/../../../../arm-none-eabi/lib/thumb/v7e-m/fpv4-sp/hard/libc_nano.a(lib_a-nano-vfprintf_i.o)
                              /opt/st/stm32cubeide_1.3.0/plugins/com.st.stm32cube.ide.mcu.externaltools.gnu-tools-for-stm32.7-2018-q2-update.linux64_1.0.0.201904181610/tools/bin/../lib/gcc/arm-none-eabi/7.3.1/../../../../arm-none-eabi/lib/thumb/v7e-m/fpv4-sp/hard/libc_nano.a(lib_a-nano-svfprintf.o) (_printf_i)
/opt/st/stm32cubeide_1.3.0/plugins/com.st.stm32cube.ide.mcu.externaltools.gnu-tools-for-stm32.7-2018-q2-update.linux64_1.0.0.201904181610/tools/bin/../lib/gcc/arm-none-eabi/7.3.1/../../../../arm-none-eabi/lib/thumb/v7e-m/fpv4-sp/hard/libc_nano.a(lib_a-memchr.o)
[...]
Memory Configuration

Name             Origin             Length             Attributes
RAM              0x0000000020000000 0x0000000000020000 xrw
FLASH            0x0000000008000000 0x0000000000080000 xr
*default*        0x0000000000000000 0xffffffffffffffff

Linker script and memory map

LOAD /opt/st/stm32cubeide_1.3.0/plugins/com.st.stm32cube.ide.mcu.externaltools.gnu-tools-for-stm32.7-2018-q2-update.linux64_1.0.0.201904181610/tools/bin/../lib/gcc/arm-none-eabi/7.3.1/thumb/v7e-m/fpv4-sp/hard/crti.o
LOAD /opt/st/stm32cubeide_1.3.0/plugins/com.st.stm32cube.ide.mcu.externaltools.gnu-tools-for-stm32.7-2018-q2-update.linux64_1.0.0.201904181610/tools/bin/../lib/gcc/arm-none-eabi/7.3.1/thumb/v7e-m/fpv4-sp/hard/crtbegin.o
LOAD /opt/st/stm32cubeide_1.3.0/plugins/com.st.stm32cube.ide.mcu.externaltools.gnu-tools-for-stm32.7-2018-q2-update.linux64_1.0.0.201904181610/tools/bin/../lib/gcc/arm-none-eabi/7.3.1/../../../../arm-none-eabi/lib/thumb/v7e-m/fpv4-sp/hard/crt0.o
LOAD Core/Src/main.o
LOAD Core/Src/stm32f4xx_hal_msp.o
LOAD Core/Src/stm32f4xx_hal_timebase_tim.o
LOAD Core/Src/stm32f4xx_it.o
LOAD Core/Src/syscalls.o
LOAD Core/Src/sysmem.o
LOAD Core/Src/system_stm32f4xx.o
LOAD Core/Startup/startup_stm32f411retx.o
LOAD Drivers/STM32F4xx_HAL_Driver/Src/stm32f4xx_hal.o
LOAD Drivers/STM32F4xx_HAL_Driver/Src/stm32f4xx_hal_cortex.o
LOAD Drivers/STM32F4xx_HAL_Driver/Src/stm32f4xx_hal_dma.o
LOAD Drivers/STM32F4xx_HAL_Driver/Src/stm32f4xx_hal_dma_ex.o
LOAD Drivers/STM32F4xx_HAL_Driver/Src/stm32f4xx_hal_exti.o
LOAD Drivers/STM32F4xx_HAL_Driver/Src/stm32f4xx_hal_flash.o
LOAD Drivers/STM32F4xx_HAL_Driver/Src/stm32f4xx_hal_flash_ex.o
LOAD Drivers/STM32F4xx_HAL_Driver/Src/stm32f4xx_hal_flash_ramfunc.o
LOAD Drivers/STM32F4xx_HAL_Driver/Src/stm32f4xx_hal_gpio.o
LOAD Drivers/STM32F4xx_HAL_Driver/Src/stm32f4xx_hal_pwr.o
LOAD Drivers/STM32F4xx_HAL_Driver/Src/stm32f4xx_hal_pwr_ex.o
LOAD Drivers/STM32F4xx_HAL_Driver/Src/stm32f4xx_hal_rcc.o
LOAD Drivers/STM32F4xx_HAL_Driver/Src/stm32f4xx_hal_rcc_ex.o
LOAD Drivers/STM32F4xx_HAL_Driver/Src/stm32f4xx_hal_tim.o
LOAD Drivers/STM32F4xx_HAL_Driver/Src/stm32f4xx_hal_tim_ex.o
LOAD Drivers/STM32F4xx_HAL_Driver/Src/stm32f4xx_hal_uart.o
LOAD Third-Party/FreeRTOS/org/Source/croutine.o
LOAD Third-Party/FreeRTOS/org/Source/event_groups.o
LOAD Third-Party/FreeRTOS/org/Source/list.o
LOAD Third-Party/FreeRTOS/org/Source/queue.o
LOAD Third-Party/FreeRTOS/org/Source/stream_buffer.o
LOAD Third-Party/FreeRTOS/org/Source/tasks.o
LOAD Third-Party/FreeRTOS/org/Source/timers.o
LOAD Third-Party/FreeRTOS/org/Source/portable/GCC/ARM_CM4F/port.o
LOAD Third-Party/FreeRTOS/org/Source/portable/MemMang/heap_4.o
START GROUP
LOAD /opt/st/stm32cubeide_1.3.0/plugins/com.st.stm32cube.ide.mcu.externaltools.gnu-tools-for-stm32.7-2018-q2-update.linux64_1.0.0.201904181610/tools/bin/../lib/gcc/arm-none-eabi/7.3.1/../../../../arm-none-eabi/lib/thumb/v7e-m/fpv4-sp/hard/libc_nano.a
LOAD /opt/st/stm32cubeide_1.3.0/plugins/com.st.stm32cube.ide.mcu.externaltools.gnu-tools-for-stm32.7-2018-q2-update.linux64_1.0.0.201904181610/tools/bin/../lib/gcc/arm-none-eabi/7.3.1/../../../../arm-none-eabi/lib/thumb/v7e-m/fpv4-sp/hard/libm.a
END GROUP
START GROUP
LOAD /opt/st/stm32cubeide_1.3.0/plugins/com.st.stm32cube.ide.mcu.externaltools.gnu-tools-for-stm32.7-2018-q2-update.linux64_1.0.0.201904181610/tools/bin/../lib/gcc/arm-none-eabi/7.3.1/thumb/v7e-m/fpv4-sp/hard/libgcc.a
LOAD /opt/st/stm32cubeide_1.3.0/plugins/com.st.stm32cube.ide.mcu.externaltools.gnu-tools-for-stm32.7-2018-q2-update.linux64_1.0.0.201904181610/tools/bin/../lib/gcc/arm-none-eabi/7.3.1/../../../../arm-none-eabi/lib/thumb/v7e-m/fpv4-sp/hard/libc_nano.a
END GROUP
START GROUP
LOAD /opt/st/stm32cubeide_1.3.0/plugins/com.st.stm32cube.ide.mcu.externaltools.gnu-tools-for-stm32.7-2018-q2-update.linux64_1.0.0.201904181610/tools/bin/../lib/gcc/arm-none-eabi/7.3.1/thumb/v7e-m/fpv4-sp/hard/libgcc.a
LOAD /opt/st/stm32cubeide_1.3.0/plugins/com.st.stm32cube.ide.mcu.externaltools.gnu-tools-for-stm32.7-2018-q2-update.linux64_1.0.0.201904181610/tools/bin/../lib/gcc/arm-none-eabi/7.3.1/../../../../arm-none-eabi/lib/thumb/v7e-m/fpv4-sp/hard/libc_nano.a
LOAD /opt/st/stm32cubeide_1.3.0/plugins/com.st.stm32cube.ide.mcu.externaltools.gnu-tools-for-stm32.7-2018-q2-update.linux64_1.0.0.201904181610/tools/bin/../lib/gcc/arm-none-eabi/7.3.1/../../../../arm-none-eabi/lib/thumb/v7e-m/fpv4-sp/hard/libnosys.a
END GROUP
START GROUP
LOAD /opt/st/stm32cubeide_1.3.0/plugins/com.st.stm32cube.ide.mcu.externaltools.gnu-tools-for-stm32.7-2018-q2-update.linux64_1.0.0.201904181610/tools/bin/../lib/gcc/arm-none-eabi/7.3.1/thumb/v7e-m/fpv4-sp/hard/libgcc.a
LOAD /opt/st/stm32cubeide_1.3.0/plugins/com.st.stm32cube.ide.mcu.externaltools.gnu-tools-for-stm32.7-2018-q2-update.linux64_1.0.0.201904181610/tools/bin/../lib/gcc/arm-none-eabi/7.3.1/../../../../arm-none-eabi/lib/thumb/v7e-m/fpv4-sp/hard/libc_nano.a
LOAD /opt/st/stm32cubeide_1.3.0/plugins/com.st.stm32cube.ide.mcu.externaltools.gnu-tools-for-stm32.7-2018-q2-update.linux64_1.0.0.201904181610/tools/bin/../lib/gcc/arm-none-eabi/7.3.1/../../../../arm-none-eabi/lib/thumb/v7e-m/fpv4-sp/hard/libnosys.a
END GROUP
LOAD /opt/st/stm32cubeide_1.3.0/plugins/com.st.stm32cube.ide.mcu.externaltools.gnu-tools-for-stm32.7-2018-q2-update.linux64_1.0.0.201904181610/tools/bin/../lib/gcc/arm-none-eabi/7.3.1/thumb/v7e-m/fpv4-sp/hard/crtend.o
LOAD /opt/st/stm32cubeide_1.3.0/plugins/com.st.stm32cube.ide.mcu.externaltools.gnu-tools-for-stm32.7-2018-q2-update.linux64_1.0.0.201904181610/tools/bin/../lib/gcc/arm-none-eabi/7.3.1/thumb/v7e-m/fpv4-sp/hard/crtn.o
                0x0000000020020000                _estack = (ORIGIN (RAM) + LENGTH (RAM))
                0x0000000000000200                _Min_Heap_Size = 0x200
                0x0000000000000400                _Min_Stack_Size = 0x400

.isr_vector     0x0000000008000000      0x198
                0x0000000008000000                . = ALIGN (0x4)
 *(.isr_vector)
 .isr_vector    0x0000000008000000      0x198 Core/Startup/startup_stm32f411retx.o
                0x0000000008000000                g_pfnVectors
                0x0000000008000198                . = ALIGN (0x4)

.text           0x00000000080001a0     0x5688
                0x00000000080001a0                . = ALIGN (0x4)
 *(.text)
 .text          0x00000000080001a0       0x40 /opt/st/stm32cubeide_1.3.0/plugins/com.st.stm32cube.ide.mcu.externaltools.gnu-tools-for-stm32.7-2018-q2-update.linux64_1.0.0.201904181610/tools/bin/../lib/gcc/arm-none-eabi/7.3.1/thumb/v7e-m/fpv4-sp/hard/crtbegin.o
 .text          0x00000000080001e0       0x10 /opt/st/stm32cubeide_1.3.0/plugins/com.st.stm32cube.ide.mcu.externaltools.gnu-tools-for-stm32.7-2018-q2-update.linux64_1.0.0.201904181610/tools/bin/../lib/gcc/arm-none-eabi/7.3.1/../../../../arm-none-eabi/lib/thumb/v7e-m/fpv4-sp/hard/libc_nano.a(lib_a-strlen.o)
                0x00000000080001e0                strlen
 .text          0x00000000080001f0       0xa0 /opt/st/stm32cubeide_1.3.0/plugins/com.st.stm32cube.ide.mcu.externaltools.gnu-tools-for-stm32.7-2018-q2-update.linux64_1.0.0.201904181610/tools/bin/../lib/gcc/arm-none-eabi/7.3.1/../../../../arm-none-eabi/lib/thumb/v7e-m/fpv4-sp/hard/libc_nano.a(lib_a-memchr.o)
                0x00000000080001f0                memchr
 .text          0x0000000008000290       0x30 /opt/st/stm32cubeide_1.3.0/plugins/com.st.stm32cube.ide.mcu.externaltools.gnu-tools-for-stm32.7-2018-q2-update.linux64_1.0.0.201904181610/tools/bin/../lib/gcc/arm-none-eabi/7.3.1/thumb/v7e-m/fpv4-sp/hard/libgcc.a(_aeabi_uldivmod.o)
                0x0000000008000290                __aeabi_uldivmod
 .text          0x00000000080002c0      0x2cc /opt/st/stm32cubeide_1.3.0/plugins/com.st.stm32cube.ide.mcu.externaltools.gnu-tools-for-stm32.7-2018-q2-update.linux64_1.0.0.201904181610/tools/bin/../lib/gcc/arm-none-eabi/7.3.1/thumb/v7e-m/fpv4-sp/hard/libgcc.a(_udivmoddi4.o)
                0x00000000080002c0                __udivmoddi4
 .text          0x000000000800058c        0x4 /opt/st/stm32cubeide_1.3.0/plugins/com.st.stm32cube.ide.mcu.externaltools.gnu-tools-for-stm32.7-2018-q2-update.linux64_1.0.0.201904181610/tools/bin/../lib/gcc/arm-none-eabi/7.3.1/thumb/v7e-m/fpv4-sp/hard/libgcc.a(_dvmd_tls.o)
                0x000000000800058c                __aeabi_ldiv0
                0x000000000800058c                __aeabi_idiv0
 *(.text*)
 .text.main     0x0000000008000590       0x60 Core/Src/main.o
                0x0000000008000590                main
 .text.SystemClock_Config
                0x00000000080005f0       0xbc Core/Src/main.o
                0x00000000080005f0                SystemClock_Config
 .text.MX_USART2_UART_Init
                0x00000000080006ac       0x54 Core/Src/main.o
 .text.MX_GPIO_Init
                0x0000000008000700       0xb8 Core/Src/main.o
 .text.vLEDTask_handler
                0x00000000080007b8       0x40 Core/Src/main.o
                0x00000000080007b8                vLEDTask_handler
 .text.vButtonTask_handler
                0x00000000080007f8       0x2c Core/Src/main.o
                0x00000000080007f8                vButtonTask_handler
 .text.toggle_LED
                0x0000000008000824       0x30 Core/Src/main.o
                0x0000000008000824                toggle_LED
 .text.HAL_GPIO_EXTI_Callback
                0x0000000008000854       0x2c Core/Src/main.o
                0x0000000008000854                HAL_GPIO_EXTI_Callback
 .text.rtos_delay
                0x0000000008000880       0x40 Core/Src/main.o
                0x0000000008000880                rtos_delay
 .text.printmsg
                0x00000000080008c0       0x38 Core/Src/main.o
                0x00000000080008c0                printmsg
 .text.HAL_TIM_PeriodElapsedCallback
                0x00000000080008f8       0x1e Core/Src/main.o
                0x00000000080008f8                HAL_TIM_PeriodElapsedCallback
 .text.Error_Handler
                0x0000000008000916        0xe Core/Src/main.o
                0x0000000008000916                Error_Handler
 .text.HAL_MspInit
                0x0000000008000924       0x50 Core/Src/stm32f4xx_hal_msp.o
                0x0000000008000924                HAL_MspInit
 .text.HAL_UART_MspInit
                0x0000000008000974       0x90 Core/Src/stm32f4xx_hal_msp.o
                0x0000000008000974                HAL_UART_MspInit
 .text.HAL_InitTick
                0x0000000008000a04       0xb0 Core/Src/stm32f4xx_hal_timebase_tim.o
                0x0000000008000a04                HAL_InitTick
 .text.NMI_Handler
                0x0000000008000ab4        0xe Core/Src/stm32f4xx_it.o
                0x0000000008000ab4                NMI_Handler
 .text.HardFault_Handler
                0x0000000008000ac2        0x6 Core/Src/stm32f4xx_it.o
                0x0000000008000ac2                HardFault_Handler
 .text.MemManage_Handler
                0x0000000008000ac8        0x6 Core/Src/stm32f4xx_it.o
                0x0000000008000ac8                MemManage_Handler
 .text.BusFault_Handler
                0x0000000008000ace        0x6 Core/Src/stm32f4xx_it.o
                0x0000000008000ace                BusFault_Handler
 .text.UsageFault_Handler
                0x0000000008000ad4        0x6 Core/Src/stm32f4xx_it.o
                0x0000000008000ad4                UsageFault_Handler
 .text.DebugMon_Handler
                0x0000000008000ada        0xe Core/Src/stm32f4xx_it.o
                0x0000000008000ada                DebugMon_Handler
 .text.TIM2_IRQHandler
                0x0000000008000ae8       0x14 Core/Src/stm32f4xx_it.o
                0x0000000008000ae8                TIM2_IRQHandler
 .text.EXTI15_10_IRQHandler
                0x0000000008000afc       0x10 Core/Src/stm32f4xx_it.o
                0x0000000008000afc                EXTI15_10_IRQHandler
 .text._sbrk    0x0000000008000b0c       0x58 Core/Src/sysmem.o
                0x0000000008000b0c                _sbrk
 .text.SystemInit
                0x0000000008000b64       0x2c Core/Src/system_stm32f4xx.o
                0x0000000008000b64                SystemInit
 .text.Reset_Handler
                0x0000000008000b90       0x50 Core/Startup/startup_stm32f411retx.o
                0x0000000008000b90                Reset_Handler
 .text.Default_Handler
                0x0000000008000be0        0x2 Core/Startup/startup_stm32f411retx.o
                0x0000000008000be0                RTC_Alarm_IRQHandler
                0x0000000008000be0                EXTI2_IRQHandler
                0x0000000008000be0                SPI4_IRQHandler
                0x0000000008000be0                TIM1_CC_IRQHandler
                0x0000000008000be0                DMA2_Stream5_IRQHandler
                0x0000000008000be0                DMA1_Stream5_IRQHandler
                0x0000000008000be0                PVD_IRQHandler
                0x0000000008000be0                SDIO_IRQHandler
                0x0000000008000be0                TAMP_STAMP_IRQHandler
                0x0000000008000be0                EXTI3_IRQHandler
                0x0000000008000be0                TIM1_UP_TIM10_IRQHandler
                0x0000000008000be0                I2C3_ER_IRQHandler
                0x0000000008000be0                EXTI0_IRQHandler
                0x0000000008000be0                I2C2_EV_IRQHandler
                0x0000000008000be0                DMA1_Stream2_IRQHandler
                0x0000000008000be0                FPU_IRQHandler
                0x0000000008000be0                DMA2_Stream2_IRQHandler
                0x0000000008000be0                SPI1_IRQHandler
                0x0000000008000be0                TIM1_BRK_TIM9_IRQHandler
                0x0000000008000be0                DMA2_Stream3_IRQHandler
                0x0000000008000be0                USART6_IRQHandler
                0x0000000008000be0                DMA2_Stream0_IRQHandler
                0x0000000008000be0                TIM4_IRQHandler
                0x0000000008000be0                I2C1_EV_IRQHandler
                0x0000000008000be0                DMA1_Stream6_IRQHandler
                0x0000000008000be0                DMA1_Stream1_IRQHandler
                0x0000000008000be0                TIM3_IRQHandler
                0x0000000008000be0                RCC_IRQHandler
                0x0000000008000be0                Default_Handler
                0x0000000008000be0                ADC_IRQHandler
                0x0000000008000be0                DMA1_Stream7_IRQHandler
                0x0000000008000be0                SPI5_IRQHandler
                0x0000000008000be0                TIM5_IRQHandler
                0x0000000008000be0                DMA2_Stream7_IRQHandler
                0x0000000008000be0                I2C3_EV_IRQHandler
                0x0000000008000be0                EXTI9_5_IRQHandler
                0x0000000008000be0                RTC_WKUP_IRQHandler
                0x0000000008000be0                SPI2_IRQHandler
                0x0000000008000be0                DMA1_Stream0_IRQHandler
                0x0000000008000be0                EXTI4_IRQHandler
                0x0000000008000be0                WWDG_IRQHandler
                0x0000000008000be0                OTG_FS_WKUP_IRQHandler
                0x0000000008000be0                TIM1_TRG_COM_TIM11_IRQHandler
                0x0000000008000be0                EXTI1_IRQHandler
                0x0000000008000be0                USART2_IRQHandler
                0x0000000008000be0                I2C2_ER_IRQHandler
                0x0000000008000be0                DMA2_Stream1_IRQHandler
                0x0000000008000be0                FLASH_IRQHandler
                0x0000000008000be0                DMA2_Stream4_IRQHandler
                0x0000000008000be0                USART1_IRQHandler
                0x0000000008000be0                OTG_FS_IRQHandler
                0x0000000008000be0                SPI3_IRQHandler
                0x0000000008000be0                DMA1_Stream4_IRQHandler
                0x0000000008000be0                I2C1_ER_IRQHandler
                0x0000000008000be0                DMA2_Stream6_IRQHandler
                0x0000000008000be0                DMA1_Stream3_IRQHandler
 *fill*         0x0000000008000be2        0x2 
 .text.HAL_Init
                0x0000000008000be4       0x44 Drivers/STM32F4xx_HAL_Driver/Src/stm32f4xx_hal.o
                0x0000000008000be4                HAL_Init
 .text.HAL_IncTick
                0x0000000008000c28       0x28 Drivers/STM32F4xx_HAL_Driver/Src/stm32f4xx_hal.o
                0x0000000008000c28                HAL_IncTick
 .text.HAL_GetTick
                0x0000000008000c50       0x18 Drivers/STM32F4xx_HAL_Driver/Src/stm32f4xx_hal.o
                0x0000000008000c50                HAL_GetTick
 .text.__NVIC_SetPriorityGrouping
                0x0000000008000c68       0x48 Drivers/STM32F4xx_HAL_Driver/Src/stm32f4xx_hal_cortex.o
 .text.__NVIC_GetPriorityGrouping
                0x0000000008000cb0       0x1c Drivers/STM32F4xx_HAL_Driver/Src/stm32f4xx_hal_cortex.o
 .text.__NVIC_EnableIRQ
                0x0000000008000ccc       0x3c Drivers/STM32F4xx_HAL_Driver/Src/stm32f4xx_hal_cortex.o
 .text.__NVIC_SetPriority
                0x0000000008000d08       0x54 Drivers/STM32F4xx_HAL_Driver/Src/stm32f4xx_hal_cortex.o
 .text.NVIC_EncodePriority
                0x0000000008000d5c       0x66 Drivers/STM32F4xx_HAL_Driver/Src/stm32f4xx_hal_cortex.o
 .text.HAL_NVIC_SetPriorityGrouping
                0x0000000008000dc2       0x16 Drivers/STM32F4xx_HAL_Driver/Src/stm32f4xx_hal_cortex.o
                0x0000000008000dc2                HAL_NVIC_SetPriorityGrouping
 .text.HAL_NVIC_SetPriority
                0x0000000008000dd8       0x38 Drivers/STM32F4xx_HAL_Driver/Src/stm32f4xx_hal_cortex.o
                0x0000000008000dd8                HAL_NVIC_SetPriority
 .text.HAL_NVIC_EnableIRQ
                0x0000000008000e10       0x1c Drivers/STM32F4xx_HAL_Driver/Src/stm32f4xx_hal_cortex.o
                0x0000000008000e10                HAL_NVIC_EnableIRQ
 .text.HAL_GPIO_Init
                0x0000000008000e2c      0x304 Drivers/STM32F4xx_HAL_Driver/Src/stm32f4xx_hal_gpio.o
                0x0000000008000e2c                HAL_GPIO_Init
 .text.HAL_GPIO_ReadPin
                0x0000000008001130       0x30 Drivers/STM32F4xx_HAL_Driver/Src/stm32f4xx_hal_gpio.o
                0x0000000008001130                HAL_GPIO_ReadPin
 .text.HAL_GPIO_WritePin
                0x0000000008001160       0x32 Drivers/STM32F4xx_HAL_Driver/Src/stm32f4xx_hal_gpio.o
                0x0000000008001160                HAL_GPIO_WritePin
 *fill*         0x0000000008001192        0x2 
 .text.HAL_GPIO_EXTI_IRQHandler
                0x0000000008001194       0x30 Drivers/STM32F4xx_HAL_Driver/Src/stm32f4xx_hal_gpio.o
                0x0000000008001194                HAL_GPIO_EXTI_IRQHandler
 .text.HAL_RCC_OscConfig
                0x00000000080011c4      0x4e0 Drivers/STM32F4xx_HAL_Driver/Src/stm32f4xx_hal_rcc.o
                0x00000000080011c4                HAL_RCC_OscConfig
 .text.HAL_RCC_ClockConfig
                0x00000000080016a4      0x1cc Drivers/STM32F4xx_HAL_Driver/Src/stm32f4xx_hal_rcc.o
                0x00000000080016a4                HAL_RCC_ClockConfig
 .text.HAL_RCC_GetSysClockFreq
                0x0000000008001870      0x164 Drivers/STM32F4xx_HAL_Driver/Src/stm32f4xx_hal_rcc.o
                0x0000000008001870                HAL_RCC_GetSysClockFreq
 .text.HAL_RCC_GetHCLKFreq
                0x00000000080019d4       0x18 Drivers/STM32F4xx_HAL_Driver/Src/stm32f4xx_hal_rcc.o
                0x00000000080019d4                HAL_RCC_GetHCLKFreq
 .text.HAL_RCC_GetPCLK1Freq
                0x00000000080019ec       0x28 Drivers/STM32F4xx_HAL_Driver/Src/stm32f4xx_hal_rcc.o
                0x00000000080019ec                HAL_RCC_GetPCLK1Freq
 .text.HAL_RCC_GetPCLK2Freq
                0x0000000008001a14       0x28 Drivers/STM32F4xx_HAL_Driver/Src/stm32f4xx_hal_rcc.o
                0x0000000008001a14                HAL_RCC_GetPCLK2Freq
 .text.HAL_RCC_GetClockConfig
                0x0000000008001a3c       0x64 Drivers/STM32F4xx_HAL_Driver/Src/stm32f4xx_hal_rcc.o
                0x0000000008001a3c                HAL_RCC_GetClockConfig
 .text.HAL_TIM_Base_Init
                0x0000000008001aa0       0x56 Drivers/STM32F4xx_HAL_Driver/Src/stm32f4xx_hal_tim.o
                0x0000000008001aa0                HAL_TIM_Base_Init
 .text.HAL_TIM_Base_MspInit
                0x0000000008001af6       0x14 Drivers/STM32F4xx_HAL_Driver/Src/stm32f4xx_hal_tim.o
                0x0000000008001af6                HAL_TIM_Base_MspInit
 .text.HAL_TIM_Base_Start_IT
                0x0000000008001b0a       0x48 Drivers/STM32F4xx_HAL_Driver/Src/stm32f4xx_hal_tim.o
                0x0000000008001b0a                HAL_TIM_Base_Start_IT
 .text.HAL_TIM_IRQHandler
                0x0000000008001b52      0x210 Drivers/STM32F4xx_HAL_Driver/Src/stm32f4xx_hal_tim.o
                0x0000000008001b52                HAL_TIM_IRQHandler
 .text.HAL_TIM_OC_DelayElapsedCallback
                0x0000000008001d62       0x14 Drivers/STM32F4xx_HAL_Driver/Src/stm32f4xx_hal_tim.o
                0x0000000008001d62                HAL_TIM_OC_DelayElapsedCallback
 .text.HAL_TIM_IC_CaptureCallback
                0x0000000008001d76       0x14 Drivers/STM32F4xx_HAL_Driver/Src/stm32f4xx_hal_tim.o
                0x0000000008001d76                HAL_TIM_IC_CaptureCallback
 .text.HAL_TIM_PWM_PulseFinishedCallback
                0x0000000008001d8a       0x14 Drivers/STM32F4xx_HAL_Driver/Src/stm32f4xx_hal_tim.o
                0x0000000008001d8a                HAL_TIM_PWM_PulseFinishedCallback
 .text.HAL_TIM_TriggerCallback
                0x0000000008001d9e       0x14 Drivers/STM32F4xx_HAL_Driver/Src/stm32f4xx_hal_tim.o
                0x0000000008001d9e                HAL_TIM_TriggerCallback
 *fill*         0x0000000008001db2        0x2 
 .text.TIM_Base_SetConfig
                0x0000000008001db4      0x100 Drivers/STM32F4xx_HAL_Driver/Src/stm32f4xx_hal_tim.o
                0x0000000008001db4                TIM_Base_SetConfig
 .text.HAL_TIMEx_CommutCallback
                0x0000000008001eb4       0x14 Drivers/STM32F4xx_HAL_Driver/Src/stm32f4xx_hal_tim_ex.o
                0x0000000008001eb4                HAL_TIMEx_CommutCallback
 .text.HAL_TIMEx_BreakCallback
                0x0000000008001ec8       0x14 Drivers/STM32F4xx_HAL_Driver/Src/stm32f4xx_hal_tim_ex.o
                0x0000000008001ec8                HAL_TIMEx_BreakCallback
 .text.HAL_UART_Init
                0x0000000008001edc       0x9a Drivers/STM32F4xx_HAL_Driver/Src/stm32f4xx_hal_uart.o
                0x0000000008001edc                HAL_UART_Init
 .text.HAL_UART_Transmit
                0x0000000008001f76      0x132 Drivers/STM32F4xx_HAL_Driver/Src/stm32f4xx_hal_uart.o
                0x0000000008001f76                HAL_UART_Transmit
 .text.HAL_UART_GetState
                0x00000000080020a8       0x3c Drivers/STM32F4xx_HAL_Driver/Src/stm32f4xx_hal_uart.o
                0x00000000080020a8                HAL_UART_GetState
 .text.UART_WaitOnFlagUntilTimeout
                0x00000000080020e4       0x94 Drivers/STM32F4xx_HAL_Driver/Src/stm32f4xx_hal_uart.o
 .text.UART_SetConfig
                0x0000000008002178      0x6f8 Drivers/STM32F4xx_HAL_Driver/Src/stm32f4xx_hal_uart.o
 .text.vListInitialise
                0x0000000008002870       0x40 Third-Party/FreeRTOS/org/Source/list.o
                0x0000000008002870                vListInitialise
 .text.vListInitialiseItem
                0x00000000080028b0       0x1a Third-Party/FreeRTOS/org/Source/list.o
                0x00000000080028b0                vListInitialiseItem
 .text.vListInsertEnd
                0x00000000080028ca       0x48 Third-Party/FreeRTOS/org/Source/list.o
                0x00000000080028ca                vListInsertEnd
 .text.vListInsert
                0x0000000008002912       0x72 Third-Party/FreeRTOS/org/Source/list.o
                0x0000000008002912                vListInsert
 .text.uxListRemove
                0x0000000008002984       0x54 Third-Party/FreeRTOS/org/Source/list.o
                0x0000000008002984                uxListRemove
 .text.xQueueGenericReset
                0x00000000080029d8       0xd0 Third-Party/FreeRTOS/org/Source/queue.o
                0x00000000080029d8                xQueueGenericReset
 .text.xQueueGenericCreate
                0x0000000008002aa8       0x76 Third-Party/FreeRTOS/org/Source/queue.o
                0x0000000008002aa8                xQueueGenericCreate
 .text.prvInitialiseNewQueue
                0x0000000008002b1e       0x46 Third-Party/FreeRTOS/org/Source/queue.o
 .text.xQueueGenericSend
                0x0000000008002b64      0x1f4 Third-Party/FreeRTOS/org/Source/queue.o
                0x0000000008002b64                xQueueGenericSend
 .text.xQueueGenericSendFromISR
                0x0000000008002d58      0x128 Third-Party/FreeRTOS/org/Source/queue.o
                0x0000000008002d58                xQueueGenericSendFromISR
 .text.xQueueReceive
                0x0000000008002e80      0x1b8 Third-Party/FreeRTOS/org/Source/queue.o
                0x0000000008002e80                xQueueReceive
 .text.prvCopyDataToQueue
                0x0000000008003038       0xd4 Third-Party/FreeRTOS/org/Source/queue.o
 .text.prvCopyDataFromQueue
                0x000000000800310c       0x4c Third-Party/FreeRTOS/org/Source/queue.o
 .text.prvUnlockQueue
                0x0000000008003158       0xa4 Third-Party/FreeRTOS/org/Source/queue.o
 .text.prvIsQueueEmpty
                0x00000000080031fc       0x2c Third-Party/FreeRTOS/org/Source/queue.o
 .text.prvIsQueueFull
                0x0000000008003228       0x30 Third-Party/FreeRTOS/org/Source/queue.o
 .text.vQueueAddToRegistry
                0x0000000008003258       0x50 Third-Party/FreeRTOS/org/Source/queue.o
                0x0000000008003258                vQueueAddToRegistry
 .text.vQueueWaitForMessageRestricted
                0x00000000080032a8       0x68 Third-Party/FreeRTOS/org/Source/queue.o
                0x00000000080032a8                vQueueWaitForMessageRestricted
 .text.xTaskCreate
                0x0000000008003310       0x82 Third-Party/FreeRTOS/org/Source/tasks.o
                0x0000000008003310                xTaskCreate
 .text.prvInitialiseNewTask
                0x0000000008003392      0x126 Third-Party/FreeRTOS/org/Source/tasks.o
 .text.prvAddNewTaskToReadyList
                0x00000000080034b8       0xdc Third-Party/FreeRTOS/org/Source/tasks.o
 .text.vTaskStartScheduler
                0x0000000008003594       0x98 Third-Party/FreeRTOS/org/Source/tasks.o
                0x0000000008003594                vTaskStartScheduler
 .text.vTaskSuspendAll
                0x000000000800362c       0x1c Third-Party/FreeRTOS/org/Source/tasks.o
                0x000000000800362c                vTaskSuspendAll
 .text.xTaskResumeAll
                0x0000000008003648      0x138 Third-Party/FreeRTOS/org/Source/tasks.o
                0x0000000008003648                xTaskResumeAll
 .text.xTaskGetTickCount
                0x0000000008003780       0x20 Third-Party/FreeRTOS/org/Source/tasks.o
                0x0000000008003780                xTaskGetTickCount
 .text.xTaskGetTickCountFromISR
                0x00000000080037a0       0x24 Third-Party/FreeRTOS/org/Source/tasks.o
                0x00000000080037a0                xTaskGetTickCountFromISR
 .text.xTaskIncrementTick
                0x00000000080037c4      0x170 Third-Party/FreeRTOS/org/Source/tasks.o
                0x00000000080037c4                xTaskIncrementTick
 .text.vTaskSwitchContext
                0x0000000008003934       0xb4 Third-Party/FreeRTOS/org/Source/tasks.o
                0x0000000008003934                vTaskSwitchContext
 .text.vTaskPlaceOnEventList
                0x00000000080039e8       0x48 Third-Party/FreeRTOS/org/Source/tasks.o
                0x00000000080039e8                vTaskPlaceOnEventList
 .text.vTaskPlaceOnEventListRestricted
                0x0000000008003a30       0x54 Third-Party/FreeRTOS/org/Source/tasks.o
                0x0000000008003a30                vTaskPlaceOnEventListRestricted
 .text.xTaskRemoveFromEventList
                0x0000000008003a84       0xc4 Third-Party/FreeRTOS/org/Source/tasks.o
                0x0000000008003a84                xTaskRemoveFromEventList
 .text.vTaskInternalSetTimeOutState
                0x0000000008003b48       0x2c Third-Party/FreeRTOS/org/Source/tasks.o
                0x0000000008003b48                vTaskInternalSetTimeOutState
 .text.xTaskCheckForTimeOut
                0x0000000008003b74       0xc0 Third-Party/FreeRTOS/org/Source/tasks.o
                0x0000000008003b74                xTaskCheckForTimeOut
 .text.vTaskMissedYield
                0x0000000008003c34       0x18 Third-Party/FreeRTOS/org/Source/tasks.o
                0x0000000008003c34                vTaskMissedYield
 .text.prvIdleTask
                0x0000000008003c4c       0x30 Third-Party/FreeRTOS/org/Source/tasks.o
 .text.prvInitialiseTaskLists
                0x0000000008003c7c       0x80 Third-Party/FreeRTOS/org/Source/tasks.o
 .text.prvCheckTasksWaitingTermination
                0x0000000008003cfc       0x58 Third-Party/FreeRTOS/org/Source/tasks.o
 .text.prvDeleteTCB
                0x0000000008003d54       0x20 Third-Party/FreeRTOS/org/Source/tasks.o
 .text.prvResetNextTaskUnblockTime
                0x0000000008003d74       0x40 Third-Party/FreeRTOS/org/Source/tasks.o
 .text.xTaskGetSchedulerState
                0x0000000008003db4       0x3c Third-Party/FreeRTOS/org/Source/tasks.o
                0x0000000008003db4                xTaskGetSchedulerState
 .text.xTaskPriorityDisinherit
                0x0000000008003df0      0x108 Third-Party/FreeRTOS/org/Source/tasks.o
                0x0000000008003df0                xTaskPriorityDisinherit
 .text.xTaskNotifyWait
                0x0000000008003ef8       0xb4 Third-Party/FreeRTOS/org/Source/tasks.o
                0x0000000008003ef8                xTaskNotifyWait
 .text.xTaskGenericNotify
                0x0000000008003fac      0x164 Third-Party/FreeRTOS/org/Source/tasks.o
                0x0000000008003fac                xTaskGenericNotify
 .text.prvAddCurrentTaskToDelayedList
                0x0000000008004110       0xcc Third-Party/FreeRTOS/org/Source/tasks.o
 .text.xTimerCreateTimerTask
                0x00000000080041dc       0x64 Third-Party/FreeRTOS/org/Source/timers.o
                0x00000000080041dc                xTimerCreateTimerTask
 .text.xTimerGenericCommand
                0x0000000008004240       0x98 Third-Party/FreeRTOS/org/Source/timers.o
                0x0000000008004240                xTimerGenericCommand
 .text.prvProcessExpiredTimer
                0x00000000080042d8       0x80 Third-Party/FreeRTOS/org/Source/timers.o
 .text.prvTimerTask
                0x0000000008004358       0x24 Third-Party/FreeRTOS/org/Source/timers.o
 .text.prvProcessTimerOrBlockTask
                0x000000000800437c       0x9c Third-Party/FreeRTOS/org/Source/timers.o
 .text.prvGetNextExpireTime
                0x0000000008004418       0x48 Third-Party/FreeRTOS/org/Source/timers.o
 .text.prvSampleTimeNow
                0x0000000008004460       0x40 Third-Party/FreeRTOS/org/Source/timers.o
 .text.prvInsertTimerInActiveList
                0x00000000080044a0       0x84 Third-Party/FreeRTOS/org/Source/timers.o
 .text.prvProcessReceivedCommands
                0x0000000008004524      0x124 Third-Party/FreeRTOS/org/Source/timers.o
 .text.prvSwitchTimerLists
                0x0000000008004648       0xc0 Third-Party/FreeRTOS/org/Source/timers.o
 .text.prvCheckForValidListAndQueue
                0x0000000008004708       0x6c Third-Party/FreeRTOS/org/Source/timers.o
 .text.pxPortInitialiseStack
                0x0000000008004774       0x68 Third-Party/FreeRTOS/org/Source/portable/GCC/ARM_CM4F/port.o
                0x0000000008004774                pxPortInitialiseStack
 .text.prvTaskExitError
                0x00000000080047dc       0x54 Third-Party/FreeRTOS/org/Source/portable/GCC/ARM_CM4F/port.o
 .text.SVC_Handler
                0x0000000008004830       0x28 Third-Party/FreeRTOS/org/Source/portable/GCC/ARM_CM4F/port.o
                0x0000000008004830                SVC_Handler
 .text.prvPortStartFirstTask
                0x0000000008004858       0x28 Third-Party/FreeRTOS/org/Source/portable/GCC/ARM_CM4F/port.o
 .text.xPortStartScheduler
                0x0000000008004880      0x13c Third-Party/FreeRTOS/org/Source/portable/GCC/ARM_CM4F/port.o
                0x0000000008004880                xPortStartScheduler
 .text.vPortEnterCritical
                0x00000000080049bc       0x5c Third-Party/FreeRTOS/org/Source/portable/GCC/ARM_CM4F/port.o
                0x00000000080049bc                vPortEnterCritical
 .text.vPortExitCritical
                0x0000000008004a18       0x50 Third-Party/FreeRTOS/org/Source/portable/GCC/ARM_CM4F/port.o
                0x0000000008004a18                vPortExitCritical
 *fill*         0x0000000008004a68        0x8 
 .text.PendSV_Handler
                0x0000000008004a70       0x68 Third-Party/FreeRTOS/org/Source/portable/GCC/ARM_CM4F/port.o
                0x0000000008004a70                PendSV_Handler
 .text.SysTick_Handler
                0x0000000008004ad8       0x40 Third-Party/FreeRTOS/org/Source/portable/GCC/ARM_CM4F/port.o
                0x0000000008004ad8                SysTick_Handler
 .text.vPortSetupTimerInterrupt
                0x0000000008004b18       0x48 Third-Party/FreeRTOS/org/Source/portable/GCC/ARM_CM4F/port.o
                0x0000000008004b18                vPortSetupTimerInterrupt
 .text.vPortEnableVFP
                0x0000000008004b60       0x14 Third-Party/FreeRTOS/org/Source/portable/GCC/ARM_CM4F/port.o
 .text.vPortValidateInterruptPriority
                0x0000000008004b74       0x7c Third-Party/FreeRTOS/org/Source/portable/GCC/ARM_CM4F/port.o
                0x0000000008004b74                vPortValidateInterruptPriority
 .text.pvPortMalloc
                0x0000000008004bf0      0x184 Third-Party/FreeRTOS/org/Source/portable/MemMang/heap_4.o
                0x0000000008004bf0                pvPortMalloc
 .text.vPortFree
                0x0000000008004d74       0xb0 Third-Party/FreeRTOS/org/Source/portable/MemMang/heap_4.o
                0x0000000008004d74                vPortFree
 .text.prvHeapInit
                0x0000000008004e24       0xc4 Third-Party/FreeRTOS/org/Source/portable/MemMang/heap_4.o
 .text.prvInsertBlockIntoFreeList
                0x0000000008004ee8       0xb4 Third-Party/FreeRTOS/org/Source/portable/MemMang/heap_4.o
 .text.__errno  0x0000000008004f9c        0xc /opt/st/stm32cubeide_1.3.0/plugins/com.st.stm32cube.ide.mcu.externaltools.gnu-tools-for-stm32.7-2018-q2-update.linux64_1.0.0.201904181610/tools/bin/../lib/gcc/arm-none-eabi/7.3.1/../../../../arm-none-eabi/lib/thumb/v7e-m/fpv4-sp/hard/libc_nano.a(lib_a-errno.o)
                0x0000000008004f9c                __errno
 .text.__libc_init_array
                0x0000000008004fa8       0x48 /opt/st/stm32cubeide_1.3.0/plugins/com.st.stm32cube.ide.mcu.externaltools.gnu-tools-for-stm32.7-2018-q2-update.linux64_1.0.0.201904181610/tools/bin/../lib/gcc/arm-none-eabi/7.3.1/../../../../arm-none-eabi/lib/thumb/v7e-m/fpv4-sp/hard/libc_nano.a(lib_a-init.o)
                0x0000000008004fa8                __libc_init_array
 .text.memcpy   0x0000000008004ff0       0x16 /opt/st/stm32cubeide_1.3.0/plugins/com.st.stm32cube.ide.mcu.externaltools.gnu-tools-for-stm32.7-2018-q2-update.linux64_1.0.0.201904181610/tools/bin/../lib/gcc/arm-none-eabi/7.3.1/../../../../arm-none-eabi/lib/thumb/v7e-m/fpv4-sp/hard/libc_nano.a(lib_a-memcpy-stub.o)
                0x0000000008004ff0                memcpy
 .text.memset   0x0000000008005006       0x10 /opt/st/stm32cubeide_1.3.0/plugins/com.st.stm32cube.ide.mcu.externaltools.gnu-tools-for-stm32.7-2018-q2-update.linux64_1.0.0.201904181610/tools/bin/../lib/gcc/arm-none-eabi/7.3.1/../../../../arm-none-eabi/lib/thumb/v7e-m/fpv4-sp/hard/libc_nano.a(lib_a-memset.o)
                0x0000000008005006                memset
 *fill*         0x0000000008005016        0x2 
 .text.sprintf  0x0000000008005018       0x40 /opt/st/stm32cubeide_1.3.0/plugins/com.st.stm32cube.ide.mcu.externaltools.gnu-tools-for-stm32.7-2018-q2-update.linux64_1.0.0.201904181610/tools/bin/../lib/gcc/arm-none-eabi/7.3.1/../../../../arm-none-eabi/lib/thumb/v7e-m/fpv4-sp/hard/libc_nano.a(lib_a-sprintf.o)
                0x0000000008005018                sprintf
                0x0000000008005018                siprintf
 .text.__ssputs_r
                0x0000000008005058       0xb4 /opt/st/stm32cubeide_1.3.0/plugins/com.st.stm32cube.ide.mcu.externaltools.gnu-tools-for-stm32.7-2018-q2-update.linux64_1.0.0.201904181610/tools/bin/../lib/gcc/arm-none-eabi/7.3.1/../../../../arm-none-eabi/lib/thumb/v7e-m/fpv4-sp/hard/libc_nano.a(lib_a-nano-svfprintf.o)
                0x0000000008005058                __ssputs_r
 .text._svfprintf_r
                0x000000000800510c      0x1f0 /opt/st/stm32cubeide_1.3.0/plugins/com.st.stm32cube.ide.mcu.externaltools.gnu-tools-for-stm32.7-2018-q2-update.linux64_1.0.0.201904181610/tools/bin/../lib/gcc/arm-none-eabi/7.3.1/../../../../arm-none-eabi/lib/thumb/v7e-m/fpv4-sp/hard/libc_nano.a(lib_a-nano-svfprintf.o)
                0x000000000800510c                _svfprintf_r
                0x000000000800510c                _svfiprintf_r
 .text._printf_common
                0x00000000080052fc       0xea /opt/st/stm32cubeide_1.3.0/plugins/com.st.stm32cube.ide.mcu.externaltools.gnu-tools-for-stm32.7-2018-q2-update.linux64_1.0.0.201904181610/tools/bin/../lib/gcc/arm-none-eabi/7.3.1/../../../../arm-none-eabi/lib/thumb/v7e-m/fpv4-sp/hard/libc_nano.a(lib_a-nano-vfprintf_i.o)
                0x00000000080052fc                _printf_common
 *fill*         0x00000000080053e6        0x2 
 .text._printf_i
                0x00000000080053e8      0x224 /opt/st/stm32cubeide_1.3.0/plugins/com.st.stm32cube.ide.mcu.externaltools.gnu-tools-for-stm32.7-2018-q2-update.linux64_1.0.0.201904181610/tools/bin/../lib/gcc/arm-none-eabi/7.3.1/../../../../arm-none-eabi/lib/thumb/v7e-m/fpv4-sp/hard/libc_nano.a(lib_a-nano-vfprintf_i.o)
                0x00000000080053e8                _printf_i
 .text.memmove  0x000000000800560c       0x32 /opt/st/stm32cubeide_1.3.0/plugins/com.st.stm32cube.ide.mcu.externaltools.gnu-tools-for-stm32.7-2018-q2-update.linux64_1.0.0.201904181610/tools/bin/../lib/gcc/arm-none-eabi/7.3.1/../../../../arm-none-eabi/lib/thumb/v7e-m/fpv4-sp/hard/libc_nano.a(lib_a-memmove.o)
                0x000000000800560c                memmove
 *fill*         0x000000000800563e        0x2 
 .text._free_r  0x0000000008005640       0x9c /opt/st/stm32cubeide_1.3.0/plugins/com.st.stm32cube.ide.mcu.externaltools.gnu-tools-for-stm32.7-2018-q2-update.linux64_1.0.0.201904181610/tools/bin/../lib/gcc/arm-none-eabi/7.3.1/../../../../arm-none-eabi/lib/thumb/v7e-m/fpv4-sp/hard/libc_nano.a(lib_a-nano-freer.o)
                0x0000000008005640                _free_r
 .text._malloc_r
                0x00000000080056dc       0xb4 /opt/st/stm32cubeide_1.3.0/plugins/com.st.stm32cube.ide.mcu.externaltools.gnu-tools-for-stm32.7-2018-q2-update.linux64_1.0.0.201904181610/tools/bin/../lib/gcc/arm-none-eabi/7.3.1/../../../../arm-none-eabi/lib/thumb/v7e-m/fpv4-sp/hard/libc_nano.a(lib_a-nano-mallocr.o)
                0x00000000080056dc                _malloc_r
 .text._realloc_r
                0x0000000008005790       0x4c /opt/st/stm32cubeide_1.3.0/plugins/com.st.stm32cube.ide.mcu.externaltools.gnu-tools-for-stm32.7-2018-q2-update.linux64_1.0.0.201904181610/tools/bin/../lib/gcc/arm-none-eabi/7.3.1/../../../../arm-none-eabi/lib/thumb/v7e-m/fpv4-sp/hard/libc_nano.a(lib_a-nano-reallocr.o)
                0x0000000008005790                _realloc_r
 .text._sbrk_r  0x00000000080057dc       0x20 /opt/st/stm32cubeide_1.3.0/plugins/com.st.stm32cube.ide.mcu.externaltools.gnu-tools-for-stm32.7-2018-q2-update.linux64_1.0.0.201904181610/tools/bin/../lib/gcc/arm-none-eabi/7.3.1/../../../../arm-none-eabi/lib/thumb/v7e-m/fpv4-sp/hard/libc_nano.a(lib_a-sbrkr.o)
                0x00000000080057dc                _sbrk_r
 .text.__malloc_lock
                0x00000000080057fc        0x2 /opt/st/stm32cubeide_1.3.0/plugins/com.st.stm32cube.ide.mcu.externaltools.gnu-tools-for-stm32.7-2018-q2-update.linux64_1.0.0.201904181610/tools/bin/../lib/gcc/arm-none-eabi/7.3.1/../../../../arm-none-eabi/lib/thumb/v7e-m/fpv4-sp/hard/libc_nano.a(lib_a-mlock.o)
                0x00000000080057fc                __malloc_lock
 .text.__malloc_unlock
                0x00000000080057fe        0x2 /opt/st/stm32cubeide_1.3.0/plugins/com.st.stm32cube.ide.mcu.externaltools.gnu-tools-for-stm32.7-2018-q2-update.linux64_1.0.0.201904181610/tools/bin/../lib/gcc/arm-none-eabi/7.3.1/../../../../arm-none-eabi/lib/thumb/v7e-m/fpv4-sp/hard/libc_nano.a(lib_a-mlock.o)
                0x00000000080057fe                __malloc_unlock
 .text._malloc_usable_size_r
                0x0000000008005800       0x10 /opt/st/stm32cubeide_1.3.0/plugins/com.st.stm32cube.ide.mcu.externaltools.gnu-tools-for-stm32.7-2018-q2-update.linux64_1.0.0.201904181610/tools/bin/../lib/gcc/arm-none-eabi/7.3.1/../../../../arm-none-eabi/lib/thumb/v7e-m/fpv4-sp/hard/libc_nano.a(lib_a-nano-msizer.o)
                0x0000000008005800                _malloc_usable_size_r
 *(.glue_7)
 .glue_7        0x0000000008005810        0x0 linker stubs
 *(.glue_7t)
 .glue_7t       0x0000000008005810        0x0 linker stubs
 *(.eh_frame)
 .eh_frame      0x0000000008005810        0x0 /opt/st/stm32cubeide_1.3.0/plugins/com.st.stm32cube.ide.mcu.externaltools.gnu-tools-for-stm32.7-2018-q2-update.linux64_1.0.0.201904181610/tools/bin/../lib/gcc/arm-none-eabi/7.3.1/thumb/v7e-m/fpv4-sp/hard/crtbegin.o
 *(.init)
 .init          0x0000000008005810        0x4 /opt/st/stm32cubeide_1.3.0/plugins/com.st.stm32cube.ide.mcu.externaltools.gnu-tools-for-stm32.7-2018-q2-update.linux64_1.0.0.201904181610/tools/bin/../lib/gcc/arm-none-eabi/7.3.1/thumb/v7e-m/fpv4-sp/hard/crti.o
                0x0000000008005810                _init
 .init          0x0000000008005814        0x8 /opt/st/stm32cubeide_1.3.0/plugins/com.st.stm32cube.ide.mcu.externaltools.gnu-tools-for-stm32.7-2018-q2-update.linux64_1.0.0.201904181610/tools/bin/../lib/gcc/arm-none-eabi/7.3.1/thumb/v7e-m/fpv4-sp/hard/crtn.o
 *(.fini)
 .fini          0x000000000800581c        0x4 /opt/st/stm32cubeide_1.3.0/plugins/com.st.stm32cube.ide.mcu.externaltools.gnu-tools-for-stm32.7-2018-q2-update.linux64_1.0.0.201904181610/tools/bin/../lib/gcc/arm-none-eabi/7.3.1/thumb/v7e-m/fpv4-sp/hard/crti.o
                0x000000000800581c                _fini
 .fini          0x0000000008005820        0x8 /opt/st/stm32cubeide_1.3.0/plugins/com.st.stm32cube.ide.mcu.externaltools.gnu-tools-for-stm32.7-2018-q2-update.linux64_1.0.0.201904181610/tools/bin/../lib/gcc/arm-none-eabi/7.3.1/thumb/v7e-m/fpv4-sp/hard/crtn.o
                0x0000000008005828                . = ALIGN (0x4)
                0x0000000008005828                _etext = .

.vfp11_veneer   0x0000000008005828        0x0
 .vfp11_veneer  0x0000000008005828        0x0 linker stubs

.v4_bx          0x0000000008005828        0x0
 .v4_bx         0x0000000008005828        0x0 linker stubs

.iplt           0x0000000008005828        0x0
 .iplt          0x0000000008005828        0x0 /opt/st/stm32cubeide_1.3.0/plugins/com.st.stm32cube.ide.mcu.externaltools.gnu-tools-for-stm32.7-2018-q2-update.linux64_1.0.0.201904181610/tools/bin/../lib/gcc/arm-none-eabi/7.3.1/thumb/v7e-m/fpv4-sp/hard/crtbegin.o

.rodata         0x0000000008005828       0xb0
                0x0000000008005828                . = ALIGN (0x4)
 *(.rodata)
 .rodata        0x0000000008005828       0x4b Core/Src/main.o
 *fill*         0x0000000008005873        0x1 
 .rodata        0x0000000008005874        0x5 Third-Party/FreeRTOS/org/Source/tasks.o
 *fill*         0x0000000008005879        0x3 
 .rodata        0x000000000800587c        0xd Third-Party/FreeRTOS/org/Source/timers.o
 *(.rodata*)
 *fill*         0x0000000008005889        0x3 
 .rodata.AHBPrescTable
                0x000000000800588c       0x10 Core/Src/system_stm32f4xx.o
                0x000000000800588c                AHBPrescTable
 .rodata.APBPrescTable
                0x000000000800589c        0x8 Core/Src/system_stm32f4xx.o
                0x000000000800589c                APBPrescTable
 .rodata._svfprintf_r.str1.1
                0x00000000080058a4       0x11 /opt/st/stm32cubeide_1.3.0/plugins/com.st.stm32cube.ide.mcu.externaltools.gnu-tools-for-stm32.7-2018-q2-update.linux64_1.0.0.201904181610/tools/bin/../lib/gcc/arm-none-eabi/7.3.1/../../../../arm-none-eabi/lib/thumb/v7e-m/fpv4-sp/hard/libc_nano.a(lib_a-nano-svfprintf.o)
 .rodata._printf_i.str1.1
                0x00000000080058b5       0x22 /opt/st/stm32cubeide_1.3.0/plugins/com.st.stm32cube.ide.mcu.externaltools.gnu-tools-for-stm32.7-2018-q2-update.linux64_1.0.0.201904181610/tools/bin/../lib/gcc/arm-none-eabi/7.3.1/../../../../arm-none-eabi/lib/thumb/v7e-m/fpv4-sp/hard/libc_nano.a(lib_a-nano-vfprintf_i.o)
                0x00000000080058d8                . = ALIGN (0x4)
 *fill*         0x00000000080058d7        0x1 

.ARM.extab      0x00000000080058d8        0x0
                0x00000000080058d8                . = ALIGN (0x4)
 *(.ARM.extab* .gnu.linkonce.armextab.*)
                0x00000000080058d8                . = ALIGN (0x4)

.ARM            0x00000000080058d8        0x8
                0x00000000080058d8                . = ALIGN (0x4)
                0x00000000080058d8                __exidx_start = .
 *(.ARM.exidx*)
 .ARM.exidx     0x00000000080058d8        0x8 /opt/st/stm32cubeide_1.3.0/plugins/com.st.stm32cube.ide.mcu.externaltools.gnu-tools-for-stm32.7-2018-q2-update.linux64_1.0.0.201904181610/tools/bin/../lib/gcc/arm-none-eabi/7.3.1/thumb/v7e-m/fpv4-sp/hard/libgcc.a(_udivmoddi4.o)
                0x00000000080058e0                __exidx_end = .
                0x00000000080058e0                . = ALIGN (0x4)

.rel.dyn        0x00000000080058e0        0x0
 .rel.iplt      0x00000000080058e0        0x0 /opt/st/stm32cubeide_1.3.0/plugins/com.st.stm32cube.ide.mcu.externaltools.gnu-tools-for-stm32.7-2018-q2-update.linux64_1.0.0.201904181610/tools/bin/../lib/gcc/arm-none-eabi/7.3.1/thumb/v7e-m/fpv4-sp/hard/crtbegin.o

.preinit_array  0x00000000080058e0        0x0
                0x00000000080058e0                . = ALIGN (0x4)
                0x00000000080058e0                PROVIDE (__preinit_array_start = .)
 *(.preinit_array*)
                0x00000000080058e0                PROVIDE (__preinit_array_end = .)
                0x00000000080058e0                . = ALIGN (0x4)

.init_array     0x00000000080058e0        0x4
                0x00000000080058e0                . = ALIGN (0x4)
                0x00000000080058e0                PROVIDE (__init_array_start = .)
 *(SORT_BY_NAME(.init_array.*))
 *(.init_array*)
 .init_array    0x00000000080058e0        0x4 /opt/st/stm32cubeide_1.3.0/plugins/com.st.stm32cube.ide.mcu.externaltools.gnu-tools-for-stm32.7-2018-q2-update.linux64_1.0.0.201904181610/tools/bin/../lib/gcc/arm-none-eabi/7.3.1/thumb/v7e-m/fpv4-sp/hard/crtbegin.o
                0x00000000080058e4                PROVIDE (__init_array_end = .)
                0x00000000080058e4                . = ALIGN (0x4)

.fini_array     0x00000000080058e4        0x4
                0x00000000080058e4                . = ALIGN (0x4)
                [!provide]                        PROVIDE (__fini_array_start = .)
 *(SORT_BY_NAME(.fini_array.*))
 *(.fini_array*)
 .fini_array    0x00000000080058e4        0x4 /opt/st/stm32cubeide_1.3.0/plugins/com.st.stm32cube.ide.mcu.externaltools.gnu-tools-for-stm32.7-2018-q2-update.linux64_1.0.0.201904181610/tools/bin/../lib/gcc/arm-none-eabi/7.3.1/thumb/v7e-m/fpv4-sp/hard/crtbegin.o
                [!provide]                        PROVIDE (__fini_array_end = .)
                0x00000000080058e8                . = ALIGN (0x4)
                0x00000000080058e8                _sidata = LOADADDR (.data)

.data           0x0000000020000000       0x74 load address 0x00000000080058e8
                0x0000000020000000                . = ALIGN (0x4)
                0x0000000020000000                _sdata = .
 *(.data)
 *(.data*)
 .data.SystemCoreClock
                0x0000000020000000        0x4 Core/Src/system_stm32f4xx.o
                0x0000000020000000                SystemCoreClock
 .data.uwTickPrio
                0x0000000020000004        0x4 Drivers/STM32F4xx_HAL_Driver/Src/stm32f4xx_hal.o
                0x0000000020000004                uwTickPrio
 .data.uwTickFreq
                0x0000000020000008        0x1 Drivers/STM32F4xx_HAL_Driver/Src/stm32f4xx_hal.o
                0x0000000020000008                uwTickFreq
 *fill*         0x0000000020000009        0x3 
 .data.uxCriticalNesting
                0x000000002000000c        0x4 Third-Party/FreeRTOS/org/Source/portable/GCC/ARM_CM4F/port.o
 .data._impure_ptr
                0x0000000020000010        0x4 /opt/st/stm32cubeide_1.3.0/plugins/com.st.stm32cube.ide.mcu.externaltools.gnu-tools-for-stm32.7-2018-q2-update.linux64_1.0.0.201904181610/tools/bin/../lib/gcc/arm-none-eabi/7.3.1/../../../../arm-none-eabi/lib/thumb/v7e-m/fpv4-sp/hard/libc_nano.a(lib_a-impure.o)
                0x0000000020000010                _impure_ptr
 .data.impure_data
                0x0000000020000014       0x60 /opt/st/stm32cubeide_1.3.0/plugins/com.st.stm32cube.ide.mcu.externaltools.gnu-tools-for-stm32.7-2018-q2-update.linux64_1.0.0.201904181610/tools/bin/../lib/gcc/arm-none-eabi/7.3.1/../../../../arm-none-eabi/lib/thumb/v7e-m/fpv4-sp/hard/libc_nano.a(lib_a-impure.o)
                0x0000000020000074                . = ALIGN (0x4)
                0x0000000020000074                _edata = .

.igot.plt       0x0000000020000074        0x0 load address 0x000000000800595c
 .igot.plt      0x0000000020000074        0x0 /opt/st/stm32cubeide_1.3.0/plugins/com.st.stm32cube.ide.mcu.externaltools.gnu-tools-for-stm32.7-2018-q2-update.linux64_1.0.0.201904181610/tools/bin/../lib/gcc/arm-none-eabi/7.3.1/thumb/v7e-m/fpv4-sp/hard/crtbegin.o
                0x0000000020000074                . = ALIGN (0x4)

.bss            0x0000000020000074    0x12e90 load address 0x000000000800595c
                0x0000000020000074                _sbss = .
                0x0000000020000074                __bss_start__ = _sbss
 *(.bss)
 .bss           0x0000000020000074       0x1c /opt/st/stm32cubeide_1.3.0/plugins/com.st.stm32cube.ide.mcu.externaltools.gnu-tools-for-stm32.7-2018-q2-update.linux64_1.0.0.201904181610/tools/bin/../lib/gcc/arm-none-eabi/7.3.1/thumb/v7e-m/fpv4-sp/hard/crtbegin.o
 *(.bss*)
 .bss.xTaskHandle_button
                0x0000000020000090        0x4 Core/Src/main.o
                0x0000000020000090                xTaskHandle_button
 .bss.xTaskHandle_led
                0x0000000020000094        0x4 Core/Src/main.o
                0x0000000020000094                xTaskHandle_led
 .bss.button_status
                0x0000000020000098        0x1 Core/Src/main.o
                0x0000000020000098                button_status
 *fill*         0x0000000020000099        0x3 
 .bss.heap_end.6424
                0x000000002000009c        0x4 Core/Src/sysmem.o
 .bss.pxCurrentTCB
                0x00000000200000a0        0x4 Third-Party/FreeRTOS/org/Source/tasks.o
                0x00000000200000a0                pxCurrentTCB
 .bss.pxReadyTasksLists
                0x00000000200000a4       0x64 Third-Party/FreeRTOS/org/Source/tasks.o
 .bss.xDelayedTaskList1
                0x0000000020000108       0x14 Third-Party/FreeRTOS/org/Source/tasks.o
 .bss.xDelayedTaskList2
                0x000000002000011c       0x14 Third-Party/FreeRTOS/org/Source/tasks.o
 .bss.pxDelayedTaskList
                0x0000000020000130        0x4 Third-Party/FreeRTOS/org/Source/tasks.o
 .bss.pxOverflowDelayedTaskList
                0x0000000020000134        0x4 Third-Party/FreeRTOS/org/Source/tasks.o
 .bss.xPendingReadyList
                0x0000000020000138       0x14 Third-Party/FreeRTOS/org/Source/tasks.o
 .bss.xTasksWaitingTermination
                0x000000002000014c       0x14 Third-Party/FreeRTOS/org/Source/tasks.o
 .bss.uxDeletedTasksWaitingCleanUp
                0x0000000020000160        0x4 Third-Party/FreeRTOS/org/Source/tasks.o
 .bss.xSuspendedTaskList
                0x0000000020000164       0x14 Third-Party/FreeRTOS/org/Source/tasks.o
 .bss.uxCurrentNumberOfTasks
                0x0000000020000178        0x4 Third-Party/FreeRTOS/org/Source/tasks.o
 .bss.xTickCount
                0x000000002000017c        0x4 Third-Party/FreeRTOS/org/Source/tasks.o
 .bss.uxTopReadyPriority
                0x0000000020000180        0x4 Third-Party/FreeRTOS/org/Source/tasks.o
 .bss.xSchedulerRunning
                0x0000000020000184        0x4 Third-Party/FreeRTOS/org/Source/tasks.o
 .bss.uxPendedTicks
                0x0000000020000188        0x4 Third-Party/FreeRTOS/org/Source/tasks.o
 .bss.xYieldPending
                0x000000002000018c        0x4 Third-Party/FreeRTOS/org/Source/tasks.o
 .bss.xNumOfOverflows
                0x0000000020000190        0x4 Third-Party/FreeRTOS/org/Source/tasks.o
 .bss.uxTaskNumber
                0x0000000020000194        0x4 Third-Party/FreeRTOS/org/Source/tasks.o
 .bss.xNextTaskUnblockTime
                0x0000000020000198        0x4 Third-Party/FreeRTOS/org/Source/tasks.o
 .bss.xIdleTaskHandle
                0x000000002000019c        0x4 Third-Party/FreeRTOS/org/Source/tasks.o
 .bss.uxSchedulerSuspended
                0x00000000200001a0        0x4 Third-Party/FreeRTOS/org/Source/tasks.o
 .bss.xActiveTimerList1
                0x00000000200001a4       0x14 Third-Party/FreeRTOS/org/Source/timers.o
 .bss.xActiveTimerList2
                0x00000000200001b8       0x14 Third-Party/FreeRTOS/org/Source/timers.o
 .bss.pxCurrentTimerList
                0x00000000200001cc        0x4 Third-Party/FreeRTOS/org/Source/timers.o
 .bss.pxOverflowTimerList
                0x00000000200001d0        0x4 Third-Party/FreeRTOS/org/Source/timers.o
 .bss.xTimerQueue
                0x00000000200001d4        0x4 Third-Party/FreeRTOS/org/Source/timers.o
 .bss.xTimerTaskHandle
                0x00000000200001d8        0x4 Third-Party/FreeRTOS/org/Source/timers.o
 .bss.xLastTime.6692
                0x00000000200001dc        0x4 Third-Party/FreeRTOS/org/Source/timers.o
 .bss.ucMaxSysCallPriority
                0x00000000200001e0        0x1 Third-Party/FreeRTOS/org/Source/portable/GCC/ARM_CM4F/port.o
 *fill*         0x00000000200001e1        0x3 
 .bss.ulMaxPRIGROUPValue
                0x00000000200001e4        0x4 Third-Party/FreeRTOS/org/Source/portable/GCC/ARM_CM4F/port.o
 .bss.ucHeap    0x00000000200001e8    0x12c00 Third-Party/FreeRTOS/org/Source/portable/MemMang/heap_4.o
 .bss.xStart    0x0000000020012de8        0x8 Third-Party/FreeRTOS/org/Source/portable/MemMang/heap_4.o
 .bss.pxEnd     0x0000000020012df0        0x4 Third-Party/FreeRTOS/org/Source/portable/MemMang/heap_4.o
 .bss.xFreeBytesRemaining
                0x0000000020012df4        0x4 Third-Party/FreeRTOS/org/Source/portable/MemMang/heap_4.o
 .bss.xMinimumEverFreeBytesRemaining
                0x0000000020012df8        0x4 Third-Party/FreeRTOS/org/Source/portable/MemMang/heap_4.o
 .bss.xBlockAllocatedBit
                0x0000000020012dfc        0x4 Third-Party/FreeRTOS/org/Source/portable/MemMang/heap_4.o
 .bss.__malloc_free_list
                0x0000000020012e00        0x4 /opt/st/stm32cubeide_1.3.0/plugins/com.st.stm32cube.ide.mcu.externaltools.gnu-tools-for-stm32.7-2018-q2-update.linux64_1.0.0.201904181610/tools/bin/../lib/gcc/arm-none-eabi/7.3.1/../../../../arm-none-eabi/lib/thumb/v7e-m/fpv4-sp/hard/libc_nano.a(lib_a-nano-mallocr.o)
                0x0000000020012e00                __malloc_free_list
 .bss.__malloc_sbrk_start
                0x0000000020012e04        0x4 /opt/st/stm32cubeide_1.3.0/plugins/com.st.stm32cube.ide.mcu.externaltools.gnu-tools-for-stm32.7-2018-q2-update.linux64_1.0.0.201904181610/tools/bin/../lib/gcc/arm-none-eabi/7.3.1/../../../../arm-none-eabi/lib/thumb/v7e-m/fpv4-sp/hard/libc_nano.a(lib_a-nano-mallocr.o)
                0x0000000020012e04                __malloc_sbrk_start
 *(COMMON)
 COMMON         0x0000000020012e08       0x74 Core/Src/main.o
                0x0000000020012e08                usr_msg
                0x0000000020012e3c                huart2
 COMMON         0x0000000020012e7c       0x40 Core/Src/stm32f4xx_hal_timebase_tim.o
                0x0000000020012e7c                htim2
 COMMON         0x0000000020012ebc        0x4 Drivers/STM32F4xx_HAL_Driver/Src/stm32f4xx_hal.o
                0x0000000020012ebc                uwTick
 COMMON         0x0000000020012ec0       0x40 Third-Party/FreeRTOS/org/Source/queue.o
                0x0000000020012ec0                xQueueRegistry
 COMMON         0x0000000020012f00        0x4 /opt/st/stm32cubeide_1.3.0/plugins/com.st.stm32cube.ide.mcu.externaltools.gnu-tools-for-stm32.7-2018-q2-update.linux64_1.0.0.201904181610/tools/bin/../lib/gcc/arm-none-eabi/7.3.1/../../../../arm-none-eabi/lib/thumb/v7e-m/fpv4-sp/hard/libc_nano.a(lib_a-reent.o)
                0x0000000020012f00                errno
                0x0000000020012f04                . = ALIGN (0x4)
                0x0000000020012f04                _ebss = .
                0x0000000020012f04                __bss_end__ = _ebss

._user_heap_stack
                0x0000000020012f04      0x604 load address 0x000000000800595c
                0x0000000020012f08                . = ALIGN (0x8)
 *fill*         0x0000000020012f04        0x4 
                0x0000000020012f08                PROVIDE (end = .)
                [!provide]                        PROVIDE (_end = .)
                0x0000000020013108                . = (. + _Min_Heap_Size)
 *fill*         0x0000000020012f08      0x200 
                0x0000000020013508                . = (. + _Min_Stack_Size)
 *fill*         0x0000000020013108      0x400 
                0x0000000020013508                . = ALIGN (0x8)

/DISCARD/
 libc.a(*)
 libm.a(*)
 libgcc.a(*)

.ARM.attributes
                0x0000000000000000       0x30
 *(.ARM.attributes)
 .ARM.attributes
                0x0000000000000000       0x22 /opt/st/stm32cubeide_1.3.0/plugins/com.st.stm32cube.ide.mcu.externaltools.gnu-tools-for-stm32.7-2018-q2-update.linux64_1.0.0.201904181610/tools/bin/../lib/gcc/arm-none-eabi/7.3.1/thumb/v7e-m/fpv4-sp/hard/crti.o
 .ARM.attributes
                0x0000000000000022       0x34 /opt/st/stm32cubeide_1.3.0/plugins/com.st.stm32cube.ide.mcu.externaltools.gnu-tools-for-stm32.7-2018-q2-update.linux64_1.0.0.201904181610/tools/bin/../lib/gcc/arm-none-eabi/7.3.1/thumb/v7e-m/fpv4-sp/hard/crtbegin.o
 .ARM.attributes
                0x0000000000000056       0x39 Core/Src/main.o
 .ARM.attributes
                0x000000000000008f       0x39 Core/Src/stm32f4xx_hal_msp.o
 .ARM.attributes
                0x00000000000000c8       0x39 Core/Src/stm32f4xx_hal_timebase_tim.o
 .ARM.attributes
                0x0000000000000101       0x39 Core/Src/stm32f4xx_it.o
 .ARM.attributes
                0x000000000000013a       0x39 Core/Src/sysmem.o
 .ARM.attributes
                0x0000000000000173       0x39 Core/Src/system_stm32f4xx.o
 .ARM.attributes
                0x00000000000001ac       0x21 Core/Startup/startup_stm32f411retx.o
 .ARM.attributes
                0x00000000000001cd       0x39 Drivers/STM32F4xx_HAL_Driver/Src/stm32f4xx_hal.o
 .ARM.attributes
                0x0000000000000206       0x39 Drivers/STM32F4xx_HAL_Driver/Src/stm32f4xx_hal_cortex.o
 .ARM.attributes
                0x000000000000023f       0x39 Drivers/STM32F4xx_HAL_Driver/Src/stm32f4xx_hal_gpio.o
 .ARM.attributes
                0x0000000000000278       0x39 Drivers/STM32F4xx_HAL_Driver/Src/stm32f4xx_hal_rcc.o
 .ARM.attributes
                0x00000000000002b1       0x39 Drivers/STM32F4xx_HAL_Driver/Src/stm32f4xx_hal_tim.o
 .ARM.attributes
                0x00000000000002ea       0x39 Drivers/STM32F4xx_HAL_Driver/Src/stm32f4xx_hal_tim_ex.o
 .ARM.attributes
                0x0000000000000323       0x39 Drivers/STM32F4xx_HAL_Driver/Src/stm32f4xx_hal_uart.o
 .ARM.attributes
                0x000000000000035c       0x39 Third-Party/FreeRTOS/org/Source/list.o
 .ARM.attributes
                0x0000000000000395       0x39 Third-Party/FreeRTOS/org/Source/queue.o
 .ARM.attributes
                0x00000000000003ce       0x39 Third-Party/FreeRTOS/org/Source/tasks.o
 .ARM.attributes
                0x0000000000000407       0x39 Third-Party/FreeRTOS/org/Source/timers.o
 .ARM.attributes
                0x0000000000000440       0x39 Third-Party/FreeRTOS/org/Source/portable/GCC/ARM_CM4F/port.o
 .ARM.attributes
                0x0000000000000479       0x39 Third-Party/FreeRTOS/org/Source/portable/MemMang/heap_4.o
 .ARM.attributes
                0x00000000000004b2       0x34 /opt/st/stm32cubeide_1.3.0/plugins/com.st.stm32cube.ide.mcu.externaltools.gnu-tools-for-stm32.7-2018-q2-update.linux64_1.0.0.201904181610/tools/bin/../lib/gcc/arm-none-eabi/7.3.1/../../../../arm-none-eabi/lib/thumb/v7e-m/fpv4-sp/hard/libc_nano.a(lib_a-errno.o)
 .ARM.attributes
                0x00000000000004e6       0x34 /opt/st/stm32cubeide_1.3.0/plugins/com.st.stm32cube.ide.mcu.externaltools.gnu-tools-for-stm32.7-2018-q2-update.linux64_1.0.0.201904181610/tools/bin/../lib/gcc/arm-none-eabi/7.3.1/../../../../arm-none-eabi/lib/thumb/v7e-m/fpv4-sp/hard/libc_nano.a(lib_a-impure.o)
 .ARM.attributes
                0x000000000000051a       0x34 /opt/st/stm32cubeide_1.3.0/plugins/com.st.stm32cube.ide.mcu.externaltools.gnu-tools-for-stm32.7-2018-q2-update.linux64_1.0.0.201904181610/tools/bin/../lib/gcc/arm-none-eabi/7.3.1/../../../../arm-none-eabi/lib/thumb/v7e-m/fpv4-sp/hard/libc_nano.a(lib_a-init.o)
 .ARM.attributes
                0x000000000000054e       0x34 /opt/st/stm32cubeide_1.3.0/plugins/com.st.stm32cube.ide.mcu.externaltools.gnu-tools-for-stm32.7-2018-q2-update.linux64_1.0.0.201904181610/tools/bin/../lib/gcc/arm-none-eabi/7.3.1/../../../../arm-none-eabi/lib/thumb/v7e-m/fpv4-sp/hard/libc_nano.a(lib_a-memcpy-stub.o)
 .ARM.attributes
                0x0000000000000582       0x34 /opt/st/stm32cubeide_1.3.0/plugins/com.st.stm32cube.ide.mcu.externaltools.gnu-tools-for-stm32.7-2018-q2-update.linux64_1.0.0.201904181610/tools/bin/../lib/gcc/arm-none-eabi/7.3.1/../../../../arm-none-eabi/lib/thumb/v7e-m/fpv4-sp/hard/libc_nano.a(lib_a-memset.o)
 .ARM.attributes
                0x00000000000005b6       0x34 /opt/st/stm32cubeide_1.3.0/plugins/com.st.stm32cube.ide.mcu.externaltools.gnu-tools-for-stm32.7-2018-q2-update.linux64_1.0.0.201904181610/tools/bin/../lib/gcc/arm-none-eabi/7.3.1/../../../../arm-none-eabi/lib/thumb/v7e-m/fpv4-sp/hard/libc_nano.a(lib_a-sprintf.o)
 .ARM.attributes
                0x00000000000005ea       0x1b /opt/st/stm32cubeide_1.3.0/plugins/com.st.stm32cube.ide.mcu.externaltools.gnu-tools-for-stm32.7-2018-q2-update.linux64_1.0.0.201904181610/tools/bin/../lib/gcc/arm-none-eabi/7.3.1/../../../../arm-none-eabi/lib/thumb/v7e-m/fpv4-sp/hard/libc_nano.a(lib_a-strlen.o)
 .ARM.attributes
                0x0000000000000605       0x34 /opt/st/stm32cubeide_1.3.0/plugins/com.st.stm32cube.ide.mcu.externaltools.gnu-tools-for-stm32.7-2018-q2-update.linux64_1.0.0.201904181610/tools/bin/../lib/gcc/arm-none-eabi/7.3.1/../../../../arm-none-eabi/lib/thumb/v7e-m/fpv4-sp/hard/libc_nano.a(lib_a-nano-svfprintf.o)
 .ARM.attributes
                0x0000000000000639       0x34 /opt/st/stm32cubeide_1.3.0/plugins/com.st.stm32cube.ide.mcu.externaltools.gnu-tools-for-stm32.7-2018-q2-update.linux64_1.0.0.201904181610/tools/bin/../lib/gcc/arm-none-eabi/7.3.1/../../../../arm-none-eabi/lib/thumb/v7e-m/fpv4-sp/hard/libc_nano.a(lib_a-nano-vfprintf_i.o)
 .ARM.attributes
                0x000000000000066d       0x20 /opt/st/stm32cubeide_1.3.0/plugins/com.st.stm32cube.ide.mcu.externaltools.gnu-tools-for-stm32.7-2018-q2-update.linux64_1.0.0.201904181610/tools/bin/../lib/gcc/arm-none-eabi/7.3.1/../../../../arm-none-eabi/lib/thumb/v7e-m/fpv4-sp/hard/libc_nano.a(lib_a-memchr.o)
 .ARM.attributes
                0x000000000000068d       0x34 /opt/st/stm32cubeide_1.3.0/plugins/com.st.stm32cube.ide.mcu.externaltools.gnu-tools-for-stm32.7-2018-q2-update.linux64_1.0.0.201904181610/tools/bin/../lib/gcc/arm-none-eabi/7.3.1/../../../../arm-none-eabi/lib/thumb/v7e-m/fpv4-sp/hard/libc_nano.a(lib_a-memmove.o)
 .ARM.attributes
                0x00000000000006c1       0x34 /opt/st/stm32cubeide_1.3.0/plugins/com.st.stm32cube.ide.mcu.externaltools.gnu-tools-for-stm32.7-2018-q2-update.linux64_1.0.0.201904181610/tools/bin/../lib/gcc/arm-none-eabi/7.3.1/../../../../arm-none-eabi/lib/thumb/v7e-m/fpv4-sp/hard/libc_nano.a(lib_a-nano-freer.o)
 .ARM.attributes
                0x00000000000006f5       0x34 /opt/st/stm32cubeide_1.3.0/plugins/com.st.stm32cube.ide.mcu.externaltools.gnu-tools-for-stm32.7-2018-q2-update.linux64_1.0.0.201904181610/tools/bin/../lib/gcc/arm-none-eabi/7.3.1/../../../../arm-none-eabi/lib/thumb/v7e-m/fpv4-sp/hard/libc_nano.a(lib_a-nano-mallocr.o)
 .ARM.attributes
                0x0000000000000729       0x34 /opt/st/stm32cubeide_1.3.0/plugins/com.st.stm32cube.ide.mcu.externaltools.gnu-tools-for-stm32.7-2018-q2-update.linux64_1.0.0.201904181610/tools/bin/../lib/gcc/arm-none-eabi/7.3.1/../../../../arm-none-eabi/lib/thumb/v7e-m/fpv4-sp/hard/libc_nano.a(lib_a-nano-reallocr.o)
 .ARM.attributes
                0x000000000000075d       0x34 /opt/st/stm32cubeide_1.3.0/plugins/com.st.stm32cube.ide.mcu.externaltools.gnu-tools-for-stm32.7-2018-q2-update.linux64_1.0.0.201904181610/tools/bin/../lib/gcc/arm-none-eabi/7.3.1/../../../../arm-none-eabi/lib/thumb/v7e-m/fpv4-sp/hard/libc_nano.a(lib_a-sbrkr.o)
 .ARM.attributes
                0x0000000000000791       0x34 /opt/st/stm32cubeide_1.3.0/plugins/com.st.stm32cube.ide.mcu.externaltools.gnu-tools-for-stm32.7-2018-q2-update.linux64_1.0.0.201904181610/tools/bin/../lib/gcc/arm-none-eabi/7.3.1/../../../../arm-none-eabi/lib/thumb/v7e-m/fpv4-sp/hard/libc_nano.a(lib_a-mlock.o)
 .ARM.attributes
                0x00000000000007c5       0x34 /opt/st/stm32cubeide_1.3.0/plugins/com.st.stm32cube.ide.mcu.externaltools.gnu-tools-for-stm32.7-2018-q2-update.linux64_1.0.0.201904181610/tools/bin/../lib/gcc/arm-none-eabi/7.3.1/../../../../arm-none-eabi/lib/thumb/v7e-m/fpv4-sp/hard/libc_nano.a(lib_a-nano-msizer.o)
 .ARM.attributes
                0x00000000000007f9       0x34 /opt/st/stm32cubeide_1.3.0/plugins/com.st.stm32cube.ide.mcu.externaltools.gnu-tools-for-stm32.7-2018-q2-update.linux64_1.0.0.201904181610/tools/bin/../lib/gcc/arm-none-eabi/7.3.1/../../../../arm-none-eabi/lib/thumb/v7e-m/fpv4-sp/hard/libc_nano.a(lib_a-reent.o)
 .ARM.attributes
                0x000000000000082d       0x22 /opt/st/stm32cubeide_1.3.0/plugins/com.st.stm32cube.ide.mcu.externaltools.gnu-tools-for-stm32.7-2018-q2-update.linux64_1.0.0.201904181610/tools/bin/../lib/gcc/arm-none-eabi/7.3.1/thumb/v7e-m/fpv4-sp/hard/libgcc.a(_aeabi_uldivmod.o)
 .ARM.attributes
                0x000000000000084f       0x34 /opt/st/stm32cubeide_1.3.0/plugins/com.st.stm32cube.ide.mcu.externaltools.gnu-tools-for-stm32.7-2018-q2-update.linux64_1.0.0.201904181610/tools/bin/../lib/gcc/arm-none-eabi/7.3.1/thumb/v7e-m/fpv4-sp/hard/libgcc.a(_udivmoddi4.o)
 .ARM.attributes
                0x0000000000000883       0x22 /opt/st/stm32cubeide_1.3.0/plugins/com.st.stm32cube.ide.mcu.externaltools.gnu-tools-for-stm32.7-2018-q2-update.linux64_1.0.0.201904181610/tools/bin/../lib/gcc/arm-none-eabi/7.3.1/thumb/v7e-m/fpv4-sp/hard/libgcc.a(_dvmd_tls.o)
 .ARM.attributes
                0x00000000000008a5       0x22 /opt/st/stm32cubeide_1.3.0/plugins/com.st.stm32cube.ide.mcu.externaltools.gnu-tools-for-stm32.7-2018-q2-update.linux64_1.0.0.201904181610/tools/bin/../lib/gcc/arm-none-eabi/7.3.1/thumb/v7e-m/fpv4-sp/hard/crtn.o
OUTPUT(STM32_FreeRTOS_TaskNotify.elf elf32-littlearm)

.debug_info     0x0000000000000000    0x1296b
 .debug_info    0x0000000000000000     0x1901 Core/Src/main.o
 .debug_info    0x0000000000001901      0x963 Core/Src/stm32f4xx_hal_msp.o
 .debug_info    0x0000000000002264      0xabf Core/Src/stm32f4xx_hal_timebase_tim.o
 .debug_info    0x0000000000002d23      0x6d7 Core/Src/stm32f4xx_it.o
 .debug_info    0x00000000000033fa      0x91c Core/Src/sysmem.o
 .debug_info    0x0000000000003d16      0x57e Core/Src/system_stm32f4xx.o
 .debug_info    0x0000000000004294       0x22 Core/Startup/startup_stm32f411retx.o
 .debug_info    0x00000000000042b6      0x8d5 Drivers/STM32F4xx_HAL_Driver/Src/stm32f4xx_hal.o
 .debug_info    0x0000000000004b8b      0xd98 Drivers/STM32F4xx_HAL_Driver/Src/stm32f4xx_hal_cortex.o
 .debug_info    0x0000000000005923      0x7d7 Drivers/STM32F4xx_HAL_Driver/Src/stm32f4xx_hal_gpio.o
 .debug_info    0x00000000000060fa      0x92a Drivers/STM32F4xx_HAL_Driver/Src/stm32f4xx_hal_rcc.o
 .debug_info    0x0000000000006a24     0x24a1 Drivers/STM32F4xx_HAL_Driver/Src/stm32f4xx_hal_tim.o
 .debug_info    0x0000000000008ec5     0x114f Drivers/STM32F4xx_HAL_Driver/Src/stm32f4xx_hal_tim_ex.o
 .debug_info    0x000000000000a014     0x1244 Drivers/STM32F4xx_HAL_Driver/Src/stm32f4xx_hal_uart.o
 .debug_info    0x000000000000b258      0xacb Third-Party/FreeRTOS/org/Source/list.o
 .debug_info    0x000000000000bd23     0x1f26 Third-Party/FreeRTOS/org/Source/queue.o
 .debug_info    0x000000000000dc49     0x27b4 Third-Party/FreeRTOS/org/Source/tasks.o
 .debug_info    0x00000000000103fd     0x13f7 Third-Party/FreeRTOS/org/Source/timers.o
 .debug_info    0x00000000000117f4      0x58b Third-Party/FreeRTOS/org/Source/portable/GCC/ARM_CM4F/port.o
 .debug_info    0x0000000000011d7f      0xbec Third-Party/FreeRTOS/org/Source/portable/MemMang/heap_4.o

.debug_abbrev   0x0000000000000000     0x29c1
 .debug_abbrev  0x0000000000000000      0x2b1 Core/Src/main.o
 .debug_abbrev  0x00000000000002b1      0x18c Core/Src/stm32f4xx_hal_msp.o
 .debug_abbrev  0x000000000000043d      0x1ac Core/Src/stm32f4xx_hal_timebase_tim.o
 .debug_abbrev  0x00000000000005e9      0x169 Core/Src/stm32f4xx_it.o
 .debug_abbrev  0x0000000000000752      0x1bb Core/Src/sysmem.o
 .debug_abbrev  0x000000000000090d      0x12b Core/Src/system_stm32f4xx.o
 .debug_abbrev  0x0000000000000a38       0x12 Core/Startup/startup_stm32f411retx.o
 .debug_abbrev  0x0000000000000a4a      0x1f2 Drivers/STM32F4xx_HAL_Driver/Src/stm32f4xx_hal.o
 .debug_abbrev  0x0000000000000c3c      0x2fa Drivers/STM32F4xx_HAL_Driver/Src/stm32f4xx_hal_cortex.o
 .debug_abbrev  0x0000000000000f36      0x1c9 Drivers/STM32F4xx_HAL_Driver/Src/stm32f4xx_hal_gpio.o
 .debug_abbrev  0x00000000000010ff      0x245 Drivers/STM32F4xx_HAL_Driver/Src/stm32f4xx_hal_rcc.o
 .debug_abbrev  0x0000000000001344      0x23f Drivers/STM32F4xx_HAL_Driver/Src/stm32f4xx_hal_tim.o
 .debug_abbrev  0x0000000000001583      0x22d Drivers/STM32F4xx_HAL_Driver/Src/stm32f4xx_hal_tim_ex.o
 .debug_abbrev  0x00000000000017b0      0x251 Drivers/STM32F4xx_HAL_Driver/Src/stm32f4xx_hal_uart.o
 .debug_abbrev  0x0000000000001a01      0x1cf Third-Party/FreeRTOS/org/Source/list.o
 .debug_abbrev  0x0000000000001bd0      0x31c Third-Party/FreeRTOS/org/Source/queue.o
 .debug_abbrev  0x0000000000001eec      0x35f Third-Party/FreeRTOS/org/Source/tasks.o
 .debug_abbrev  0x000000000000224b      0x2c8 Third-Party/FreeRTOS/org/Source/timers.o
 .debug_abbrev  0x0000000000002513      0x210 Third-Party/FreeRTOS/org/Source/portable/GCC/ARM_CM4F/port.o
 .debug_abbrev  0x0000000000002723      0x29e Third-Party/FreeRTOS/org/Source/portable/MemMang/heap_4.o

.debug_aranges  0x0000000000000000     0x1058
 .debug_aranges
                0x0000000000000000       0x78 Core/Src/main.o
 .debug_aranges
                0x0000000000000078       0x30 Core/Src/stm32f4xx_hal_msp.o
 .debug_aranges
                0x00000000000000a8       0x30 Core/Src/stm32f4xx_hal_timebase_tim.o
 .debug_aranges
                0x00000000000000d8       0x58 Core/Src/stm32f4xx_it.o
 .debug_aranges
                0x0000000000000130       0x20 Core/Src/sysmem.o
 .debug_aranges
                0x0000000000000150       0x28 Core/Src/system_stm32f4xx.o
 .debug_aranges
                0x0000000000000178       0x28 Core/Startup/startup_stm32f411retx.o
 .debug_aranges
                0x00000000000001a0       0xf0 Drivers/STM32F4xx_HAL_Driver/Src/stm32f4xx_hal.o
 .debug_aranges
                0x0000000000000290      0x118 Drivers/STM32F4xx_HAL_Driver/Src/stm32f4xx_hal_cortex.o
 .debug_aranges
                0x00000000000003a8       0x58 Drivers/STM32F4xx_HAL_Driver/Src/stm32f4xx_hal_gpio.o
 .debug_aranges
                0x0000000000000400       0x88 Drivers/STM32F4xx_HAL_Driver/Src/stm32f4xx_hal_rcc.o
 .debug_aranges
                0x0000000000000488      0x3a8 Drivers/STM32F4xx_HAL_Driver/Src/stm32f4xx_hal_tim.o
 .debug_aranges
                0x0000000000000830      0x150 Drivers/STM32F4xx_HAL_Driver/Src/stm32f4xx_hal_tim_ex.o
 .debug_aranges
                0x0000000000000980      0x1d0 Drivers/STM32F4xx_HAL_Driver/Src/stm32f4xx_hal_uart.o
 .debug_aranges
                0x0000000000000b50       0x40 Third-Party/FreeRTOS/org/Source/list.o
 .debug_aranges
                0x0000000000000b90      0x130 Third-Party/FreeRTOS/org/Source/queue.o
 .debug_aranges
                0x0000000000000cc0      0x1f8 Third-Party/FreeRTOS/org/Source/tasks.o
 .debug_aranges
                0x0000000000000eb8       0xc8 Third-Party/FreeRTOS/org/Source/timers.o
 .debug_aranges
                0x0000000000000f80       0x88 Third-Party/FreeRTOS/org/Source/portable/GCC/ARM_CM4F/port.o
 .debug_aranges
                0x0000000000001008       0x50 Third-Party/FreeRTOS/org/Source/portable/MemMang/heap_4.o

.debug_ranges   0x0000000000000000      0xf20
 .debug_ranges  0x0000000000000000       0x68 Core/Src/main.o
 .debug_ranges  0x0000000000000068       0x20 Core/Src/stm32f4xx_hal_msp.o
 .debug_ranges  0x0000000000000088       0x20 Core/Src/stm32f4xx_hal_timebase_tim.o
 .debug_ranges  0x00000000000000a8       0x48 Core/Src/stm32f4xx_it.o
 .debug_ranges  0x00000000000000f0       0x10 Core/Src/sysmem.o
 .debug_ranges  0x0000000000000100       0x18 Core/Src/system_stm32f4xx.o
 .debug_ranges  0x0000000000000118       0x20 Core/Startup/startup_stm32f411retx.o
 .debug_ranges  0x0000000000000138       0xe0 Drivers/STM32F4xx_HAL_Driver/Src/stm32f4xx_hal.o
 .debug_ranges  0x0000000000000218      0x108 Drivers/STM32F4xx_HAL_Driver/Src/stm32f4xx_hal_cortex.o
 .debug_ranges  0x0000000000000320       0x48 Drivers/STM32F4xx_HAL_Driver/Src/stm32f4xx_hal_gpio.o
 .debug_ranges  0x0000000000000368       0x78 Drivers/STM32F4xx_HAL_Driver/Src/stm32f4xx_hal_rcc.o
 .debug_ranges  0x00000000000003e0      0x398 Drivers/STM32F4xx_HAL_Driver/Src/stm32f4xx_hal_tim.o
 .debug_ranges  0x0000000000000778      0x140 Drivers/STM32F4xx_HAL_Driver/Src/stm32f4xx_hal_tim_ex.o
 .debug_ranges  0x00000000000008b8      0x1c0 Drivers/STM32F4xx_HAL_Driver/Src/stm32f4xx_hal_uart.o
 .debug_ranges  0x0000000000000a78       0x30 Third-Party/FreeRTOS/org/Source/list.o
 .debug_ranges  0x0000000000000aa8      0x120 Third-Party/FreeRTOS/org/Source/queue.o
 .debug_ranges  0x0000000000000bc8      0x1e8 Third-Party/FreeRTOS/org/Source/tasks.o
 .debug_ranges  0x0000000000000db0       0xb8 Third-Party/FreeRTOS/org/Source/timers.o
 .debug_ranges  0x0000000000000e68       0x78 Third-Party/FreeRTOS/org/Source/portable/GCC/ARM_CM4F/port.o
 .debug_ranges  0x0000000000000ee0       0x40 Third-Party/FreeRTOS/org/Source/portable/MemMang/heap_4.o

.debug_macro    0x0000000000000000    0x17ac4
 .debug_macro   0x0000000000000000      0x3d2 Core/Src/main.o
 .debug_macro   0x00000000000003d2      0xa5a Core/Src/main.o
 .debug_macro   0x0000000000000e2c      0x18a Core/Src/main.o
 .debug_macro   0x0000000000000fb6       0x2e Core/Src/main.o
 .debug_macro   0x0000000000000fe4       0x28 Core/Src/main.o
 .debug_macro   0x000000000000100c       0x22 Core/Src/main.o
 .debug_macro   0x000000000000102e       0x8e Core/Src/main.o
 .debug_macro   0x00000000000010bc       0x51 Core/Src/main.o
 .debug_macro   0x000000000000110d       0xef Core/Src/main.o
 .debug_macro   0x00000000000011fc       0x6a Core/Src/main.o
 .debug_macro   0x0000000000001266      0x1df Core/Src/main.o
 .debug_macro   0x0000000000001445       0x1c Core/Src/main.o
 .debug_macro   0x0000000000001461       0x22 Core/Src/main.o
 .debug_macro   0x0000000000001483       0xdf Core/Src/main.o
 .debug_macro   0x0000000000001562     0x102d Core/Src/main.o
 .debug_macro   0x000000000000258f      0x11f Core/Src/main.o
 .debug_macro   0x00000000000026ae     0xb937 Core/Src/main.o
 .debug_macro   0x000000000000dfe5       0x43 Core/Src/main.o
 .debug_macro   0x000000000000e028     0x3659 Core/Src/main.o
 .debug_macro   0x0000000000011681      0x174 Core/Src/main.o
 .debug_macro   0x00000000000117f5       0x5a Core/Src/main.o
 .debug_macro   0x000000000001184f      0x447 Core/Src/main.o
 .debug_macro   0x0000000000011c96      0x9fe Core/Src/main.o
 .debug_macro   0x0000000000012694      0x15f Core/Src/main.o
 .debug_macro   0x00000000000127f3      0x117 Core/Src/main.o
 .debug_macro   0x000000000001290a      0x11b Core/Src/main.o
 .debug_macro   0x0000000000012a25       0x27 Core/Src/main.o
 .debug_macro   0x0000000000012a4c      0x287 Core/Src/main.o
 .debug_macro   0x0000000000012cd3       0x5f Core/Src/main.o
 .debug_macro   0x0000000000012d32      0x236 Core/Src/main.o
 .debug_macro   0x0000000000012f68      0x132 Core/Src/main.o
 .debug_macro   0x000000000001309a      0x264 Core/Src/main.o
 .debug_macro   0x00000000000132fe       0x2e Core/Src/main.o
 .debug_macro   0x000000000001332c      0x11a Core/Src/main.o
 .debug_macro   0x0000000000013446       0x85 Core/Src/main.o
 .debug_macro   0x00000000000134cb       0x89 Core/Src/main.o
 .debug_macro   0x0000000000013554      0x8a0 Core/Src/main.o
 .debug_macro   0x0000000000013df4       0x47 Core/Src/main.o
 .debug_macro   0x0000000000013e3b      0x287 Core/Src/main.o
 .debug_macro   0x00000000000140c2      0x126 Core/Src/main.o
 .debug_macro   0x00000000000141e8      0x115 Core/Src/main.o
 .debug_macro   0x00000000000142fd      0x15a Core/Src/main.o
 .debug_macro   0x0000000000014457       0xdd Core/Src/main.o
 .debug_macro   0x0000000000014534       0x10 Core/Src/main.o
 .debug_macro   0x0000000000014544       0x1f Core/Src/main.o
 .debug_macro   0x0000000000014563      0x4cc Core/Src/main.o
 .debug_macro   0x0000000000014a2f       0xb5 Core/Src/main.o
 .debug_macro   0x0000000000014ae4       0x8c Core/Src/main.o
 .debug_macro   0x0000000000014b70       0x46 Core/Src/main.o
 .debug_macro   0x0000000000014bb6       0x18 Core/Src/main.o
 .debug_macro   0x0000000000014bce       0x3c Core/Src/main.o
 .debug_macro   0x0000000000014c0a       0x34 Core/Src/main.o
 .debug_macro   0x0000000000014c3e       0x16 Core/Src/main.o
 .debug_macro   0x0000000000014c54       0x35 Core/Src/main.o
 .debug_macro   0x0000000000014c89      0x32a Core/Src/main.o
 .debug_macro   0x0000000000014fb3       0x10 Core/Src/main.o
 .debug_macro   0x0000000000014fc3       0x52 Core/Src/main.o
 .debug_macro   0x0000000000015015       0x1f Core/Src/main.o
 .debug_macro   0x0000000000015034       0x43 Core/Src/main.o
 .debug_macro   0x0000000000015077       0x20 Core/Src/main.o
 .debug_macro   0x0000000000015097      0x1a3 Core/Src/main.o
 .debug_macro   0x000000000001523a       0x10 Core/Src/main.o
 .debug_macro   0x000000000001524a       0x1c Core/Src/main.o
 .debug_macro   0x0000000000015266       0x52 Core/Src/main.o
 .debug_macro   0x00000000000152b8       0x40 Core/Src/main.o
 .debug_macro   0x00000000000152f8       0x10 Core/Src/main.o
 .debug_macro   0x0000000000015308       0x40 Core/Src/main.o
 .debug_macro   0x0000000000015348       0xd7 Core/Src/main.o
 .debug_macro   0x000000000001541f       0x1c Core/Src/main.o
 .debug_macro   0x000000000001543b       0x3d Core/Src/main.o
 .debug_macro   0x0000000000015478       0x16 Core/Src/main.o
 .debug_macro   0x000000000001548e      0x145 Core/Src/main.o
 .debug_macro   0x00000000000155d3       0x16 Core/Src/main.o
 .debug_macro   0x00000000000155e9       0x20 Core/Src/main.o
 .debug_macro   0x0000000000015609      0x1d8 Core/Src/stm32f4xx_hal_msp.o
 .debug_macro   0x00000000000157e1      0x1ce Core/Src/stm32f4xx_hal_timebase_tim.o
 .debug_macro   0x00000000000159af      0x1e2 Core/Src/stm32f4xx_it.o
 .debug_macro   0x0000000000015b91      0x1ae Core/Src/sysmem.o
 .debug_macro   0x0000000000015d3f      0x23b Core/Src/sysmem.o
 .debug_macro   0x0000000000015f7a      0x1d4 Core/Src/system_stm32f4xx.o
 .debug_macro   0x000000000001614e      0x22e Drivers/STM32F4xx_HAL_Driver/Src/stm32f4xx_hal.o
 .debug_macro   0x000000000001637c      0x1ce Drivers/STM32F4xx_HAL_Driver/Src/stm32f4xx_hal_cortex.o
 .debug_macro   0x000000000001654a      0x204 Drivers/STM32F4xx_HAL_Driver/Src/stm32f4xx_hal_gpio.o
 .debug_macro   0x000000000001674e      0x1f2 Drivers/STM32F4xx_HAL_Driver/Src/stm32f4xx_hal_rcc.o
 .debug_macro   0x0000000000016940      0x1cf Drivers/STM32F4xx_HAL_Driver/Src/stm32f4xx_hal_tim.o
 .debug_macro   0x0000000000016b0f      0x1ce Drivers/STM32F4xx_HAL_Driver/Src/stm32f4xx_hal_tim_ex.o
 .debug_macro   0x0000000000016cdd      0x1cf Drivers/STM32F4xx_HAL_Driver/Src/stm32f4xx_hal_uart.o
 .debug_macro   0x0000000000016eac      0x17a Third-Party/FreeRTOS/org/Source/list.o
 .debug_macro   0x0000000000017026      0x209 Third-Party/FreeRTOS/org/Source/queue.o
 .debug_macro   0x000000000001722f       0x80 Third-Party/FreeRTOS/org/Source/queue.o
 .debug_macro   0x00000000000172af      0x27a Third-Party/FreeRTOS/org/Source/tasks.o
 .debug_macro   0x0000000000017529       0x10 Third-Party/FreeRTOS/org/Source/tasks.o
 .debug_macro   0x0000000000017539      0x1bd Third-Party/FreeRTOS/org/Source/timers.o
 .debug_macro   0x00000000000176f6       0x97 Third-Party/FreeRTOS/org/Source/timers.o
 .debug_macro   0x000000000001778d      0x196 Third-Party/FreeRTOS/org/Source/portable/GCC/ARM_CM4F/port.o
 .debug_macro   0x0000000000017923      0x1a1 Third-Party/FreeRTOS/org/Source/portable/MemMang/heap_4.o

.debug_line     0x0000000000000000     0xc9b8
 .debug_line    0x0000000000000000      0xb98 Core/Src/main.o
 .debug_line    0x0000000000000b98      0x6cc Core/Src/stm32f4xx_hal_msp.o
 .debug_line    0x0000000000001264      0x6d1 Core/Src/stm32f4xx_hal_timebase_tim.o
 .debug_line    0x0000000000001935      0x731 Core/Src/stm32f4xx_it.o
 .debug_line    0x0000000000002066      0x531 Core/Src/sysmem.o
 .debug_line    0x0000000000002597      0x6b8 Core/Src/system_stm32f4xx.o
 .debug_line    0x0000000000002c4f       0x85 Core/Startup/startup_stm32f411retx.o
 .debug_line    0x0000000000002cd4      0x8a2 Drivers/STM32F4xx_HAL_Driver/Src/stm32f4xx_hal.o
 .debug_line    0x0000000000003576      0x9c6 Drivers/STM32F4xx_HAL_Driver/Src/stm32f4xx_hal_cortex.o
 .debug_line    0x0000000000003f3c      0x845 Drivers/STM32F4xx_HAL_Driver/Src/stm32f4xx_hal_gpio.o
 .debug_line    0x0000000000004781      0x8fa Drivers/STM32F4xx_HAL_Driver/Src/stm32f4xx_hal_rcc.o
 .debug_line    0x000000000000507b     0x175f Drivers/STM32F4xx_HAL_Driver/Src/stm32f4xx_hal_tim.o
 .debug_line    0x00000000000067da      0xcad Drivers/STM32F4xx_HAL_Driver/Src/stm32f4xx_hal_tim_ex.o
 .debug_line    0x0000000000007487      0xfb0 Drivers/STM32F4xx_HAL_Driver/Src/stm32f4xx_hal_uart.o
 .debug_line    0x0000000000008437      0x71e Third-Party/FreeRTOS/org/Source/list.o
 .debug_line    0x0000000000008b55     0x106b Third-Party/FreeRTOS/org/Source/queue.o
 .debug_line    0x0000000000009bc0     0x13c0 Third-Party/FreeRTOS/org/Source/tasks.o
 .debug_line    0x000000000000af80      0xa5e Third-Party/FreeRTOS/org/Source/timers.o
 .debug_line    0x000000000000b9de      0x7d4 Third-Party/FreeRTOS/org/Source/portable/GCC/ARM_CM4F/port.o
 .debug_line    0x000000000000c1b2      0x806 Third-Party/FreeRTOS/org/Source/portable/MemMang/heap_4.o

.debug_str      0x0000000000000000    0x940cc
 .debug_str     0x0000000000000000    0x8d8a3 Core/Src/main.o
                                      0x8dc85 (size before relaxing)
 .debug_str     0x000000000008d8a3       0x56 Core/Src/stm32f4xx_hal_msp.o
                                      0x8566c (size before relaxing)
 .debug_str     0x000000000008d8f9       0xaa Core/Src/stm32f4xx_hal_timebase_tim.o
                                      0x85a6f (size before relaxing)
 .debug_str     0x000000000008d9a3       0xb7 Core/Src/stm32f4xx_it.o
                                      0x85579 (size before relaxing)
 .debug_str     0x000000000008da5a      0x351 Core/Src/sysmem.o
                                       0x7b10 (size before relaxing)
 .debug_str     0x000000000008ddab       0xc4 Core/Src/system_stm32f4xx.o
                                      0x85251 (size before relaxing)
 .debug_str     0x000000000008de6f       0x36 Core/Startup/startup_stm32f411retx.o
                                         0x92 (size before relaxing)
 .debug_str     0x000000000008dea5      0x542 Drivers/STM32F4xx_HAL_Driver/Src/stm32f4xx_hal.o
                                      0x85bc6 (size before relaxing)
 .debug_str     0x000000000008e3e7      0x38c Drivers/STM32F4xx_HAL_Driver/Src/stm32f4xx_hal_cortex.o
                                      0x859a3 (size before relaxing)
 .debug_str     0x000000000008e773      0x1ec Drivers/STM32F4xx_HAL_Driver/Src/stm32f4xx_hal_gpio.o
                                      0x85490 (size before relaxing)
 .debug_str     0x000000000008e95f      0x24f Drivers/STM32F4xx_HAL_Driver/Src/stm32f4xx_hal_rcc.o
                                      0x8563e (size before relaxing)
 .debug_str     0x000000000008ebae      0xd6f Drivers/STM32F4xx_HAL_Driver/Src/stm32f4xx_hal_tim.o
                                      0x8634b (size before relaxing)
 .debug_str     0x000000000008f91d      0x4ec Drivers/STM32F4xx_HAL_Driver/Src/stm32f4xx_hal_tim_ex.o
                                      0x85b4b (size before relaxing)
 .debug_str     0x000000000008fe09      0x516 Drivers/STM32F4xx_HAL_Driver/Src/stm32f4xx_hal_uart.o
                                      0x85a8b (size before relaxing)
 .debug_str     0x000000000009031f      0x23e Third-Party/FreeRTOS/org/Source/list.o
                                       0xa763 (size before relaxing)
 .debug_str     0x000000000009055d     0x1008 Third-Party/FreeRTOS/org/Source/queue.o
                                       0xbd95 (size before relaxing)
 .debug_str     0x0000000000091565     0x1c9d Third-Party/FreeRTOS/org/Source/tasks.o
                                       0xcbed (size before relaxing)
 .debug_str     0x0000000000093202      0x47f Third-Party/FreeRTOS/org/Source/timers.o
                                       0xc101 (size before relaxing)
 .debug_str     0x0000000000093681      0x802 Third-Party/FreeRTOS/org/Source/portable/GCC/ARM_CM4F/port.o
                                       0x8476 (size before relaxing)
 .debug_str     0x0000000000093e83      0x249 Third-Party/FreeRTOS/org/Source/portable/MemMang/heap_4.o
                                       0xae86 (size before relaxing)

.comment        0x0000000000000000       0x7b
 .comment       0x0000000000000000       0x7b Core/Src/main.o
                                         0x7c (size before relaxing)
 .comment       0x000000000000007b       0x7c Core/Src/stm32f4xx_hal_msp.o
 .comment       0x000000000000007b       0x7c Core/Src/stm32f4xx_hal_timebase_tim.o
 .comment       0x000000000000007b       0x7c Core/Src/stm32f4xx_it.o
 .comment       0x000000000000007b       0x7c Core/Src/sysmem.o
 .comment       0x000000000000007b       0x7c Core/Src/system_stm32f4xx.o
 .comment       0x000000000000007b       0x7c Drivers/STM32F4xx_HAL_Driver/Src/stm32f4xx_hal.o
 .comment       0x000000000000007b       0x7c Drivers/STM32F4xx_HAL_Driver/Src/stm32f4xx_hal_cortex.o
 .comment       0x000000000000007b       0x7c Drivers/STM32F4xx_HAL_Driver/Src/stm32f4xx_hal_gpio.o
 .comment       0x000000000000007b       0x7c Drivers/STM32F4xx_HAL_Driver/Src/stm32f4xx_hal_rcc.o
 .comment       0x000000000000007b       0x7c Drivers/STM32F4xx_HAL_Driver/Src/stm32f4xx_hal_tim.o
 .comment       0x000000000000007b       0x7c Drivers/STM32F4xx_HAL_Driver/Src/stm32f4xx_hal_tim_ex.o
 .comment       0x000000000000007b       0x7c Drivers/STM32F4xx_HAL_Driver/Src/stm32f4xx_hal_uart.o
 .comment       0x000000000000007b       0x7c Third-Party/FreeRTOS/org/Source/list.o
 .comment       0x000000000000007b       0x7c Third-Party/FreeRTOS/org/Source/queue.o
 .comment       0x000000000000007b       0x7c Third-Party/FreeRTOS/org/Source/tasks.o
 .comment       0x000000000000007b       0x7c Third-Party/FreeRTOS/org/Source/timers.o
 .comment       0x000000000000007b       0x7c Third-Party/FreeRTOS/org/Source/portable/GCC/ARM_CM4F/port.o
 .comment       0x000000000000007b       0x7c Third-Party/FreeRTOS/org/Source/portable/MemMang/heap_4.o

.debug_frame    0x0000000000000000     0x46ec
 .debug_frame   0x0000000000000000      0x19c Core/Src/main.o
 .debug_frame   0x000000000000019c       0x80 Core/Src/stm32f4xx_hal_msp.o
 .debug_frame   0x000000000000021c       0x74 Core/Src/stm32f4xx_hal_timebase_tim.o
 .debug_frame   0x0000000000000290       0xe8 Core/Src/stm32f4xx_it.o
 .debug_frame   0x0000000000000378       0x34 Core/Src/sysmem.o
 .debug_frame   0x00000000000003ac       0x58 Core/Src/system_stm32f4xx.o
 .debug_frame   0x0000000000000404      0x374 Drivers/STM32F4xx_HAL_Driver/Src/stm32f4xx_hal.o
 .debug_frame   0x0000000000000778      0x498 Drivers/STM32F4xx_HAL_Driver/Src/stm32f4xx_hal_cortex.o
 .debug_frame   0x0000000000000c10      0x14c Drivers/STM32F4xx_HAL_Driver/Src/stm32f4xx_hal_gpio.o
 .debug_frame   0x0000000000000d5c      0x1f0 Drivers/STM32F4xx_HAL_Driver/Src/stm32f4xx_hal_rcc.o
 .debug_frame   0x0000000000000f4c     0x10e8 Drivers/STM32F4xx_HAL_Driver/Src/stm32f4xx_hal_tim.o
 .debug_frame   0x0000000000002034      0x5c0 Drivers/STM32F4xx_HAL_Driver/Src/stm32f4xx_hal_tim_ex.o
 .debug_frame   0x00000000000025f4      0x844 Drivers/STM32F4xx_HAL_Driver/Src/stm32f4xx_hal_uart.o
 .debug_frame   0x0000000000002e38       0xd8 Third-Party/FreeRTOS/org/Source/list.o
 .debug_frame   0x0000000000002f10      0x530 Third-Party/FreeRTOS/org/Source/queue.o
 .debug_frame   0x0000000000003440      0x8a4 Third-Party/FreeRTOS/org/Source/tasks.o
 .debug_frame   0x0000000000003ce4      0x340 Third-Party/FreeRTOS/org/Source/timers.o
 .debug_frame   0x0000000000004024      0x1d0 Third-Party/FreeRTOS/org/Source/portable/GCC/ARM_CM4F/port.o
 .debug_frame   0x00000000000041f4      0x108 Third-Party/FreeRTOS/org/Source/portable/MemMang/heap_4.o
 .debug_frame   0x00000000000042fc       0x20 /opt/st/stm32cubeide_1.3.0/plugins/com.st.stm32cube.ide.mcu.externaltools.gnu-tools-for-stm32.7-2018-q2-update.linux64_1.0.0.201904181610/tools/bin/../lib/gcc/arm-none-eabi/7.3.1/../../../../arm-none-eabi/lib/thumb/v7e-m/fpv4-sp/hard/libc_nano.a(lib_a-errno.o)
 .debug_frame   0x000000000000431c       0x2c /opt/st/stm32cubeide_1.3.0/plugins/com.st.stm32cube.ide.mcu.externaltools.gnu-tools-for-stm32.7-2018-q2-update.linux64_1.0.0.201904181610/tools/bin/../lib/gcc/arm-none-eabi/7.3.1/../../../../arm-none-eabi/lib/thumb/v7e-m/fpv4-sp/hard/libc_nano.a(lib_a-init.o)
 .debug_frame   0x0000000000004348       0x28 /opt/st/stm32cubeide_1.3.0/plugins/com.st.stm32cube.ide.mcu.externaltools.gnu-tools-for-stm32.7-2018-q2-update.linux64_1.0.0.201904181610/tools/bin/../lib/gcc/arm-none-eabi/7.3.1/../../../../arm-none-eabi/lib/thumb/v7e-m/fpv4-sp/hard/libc_nano.a(lib_a-memcpy-stub.o)
 .debug_frame   0x0000000000004370       0x20 /opt/st/stm32cubeide_1.3.0/plugins/com.st.stm32cube.ide.mcu.externaltools.gnu-tools-for-stm32.7-2018-q2-update.linux64_1.0.0.201904181610/tools/bin/../lib/gcc/arm-none-eabi/7.3.1/../../../../arm-none-eabi/lib/thumb/v7e-m/fpv4-sp/hard/libc_nano.a(lib_a-memset.o)
 .debug_frame   0x0000000000004390       0x6c /opt/st/stm32cubeide_1.3.0/plugins/com.st.stm32cube.ide.mcu.externaltools.gnu-tools-for-stm32.7-2018-q2-update.linux64_1.0.0.201904181610/tools/bin/../lib/gcc/arm-none-eabi/7.3.1/../../../../arm-none-eabi/lib/thumb/v7e-m/fpv4-sp/hard/libc_nano.a(lib_a-sprintf.o)
 .debug_frame   0x00000000000043fc       0x90 /opt/st/stm32cubeide_1.3.0/plugins/com.st.stm32cube.ide.mcu.externaltools.gnu-tools-for-stm32.7-2018-q2-update.linux64_1.0.0.201904181610/tools/bin/../lib/gcc/arm-none-eabi/7.3.1/../../../../arm-none-eabi/lib/thumb/v7e-m/fpv4-sp/hard/libc_nano.a(lib_a-nano-svfprintf.o)
 .debug_frame   0x000000000000448c       0x60 /opt/st/stm32cubeide_1.3.0/plugins/com.st.stm32cube.ide.mcu.externaltools.gnu-tools-for-stm32.7-2018-q2-update.linux64_1.0.0.201904181610/tools/bin/../lib/gcc/arm-none-eabi/7.3.1/../../../../arm-none-eabi/lib/thumb/v7e-m/fpv4-sp/hard/libc_nano.a(lib_a-nano-vfprintf_i.o)
 .debug_frame   0x00000000000044ec       0x28 /opt/st/stm32cubeide_1.3.0/plugins/com.st.stm32cube.ide.mcu.externaltools.gnu-tools-for-stm32.7-2018-q2-update.linux64_1.0.0.201904181610/tools/bin/../lib/gcc/arm-none-eabi/7.3.1/../../../../arm-none-eabi/lib/thumb/v7e-m/fpv4-sp/hard/libc_nano.a(lib_a-memmove.o)
 .debug_frame   0x0000000000004514       0x38 /opt/st/stm32cubeide_1.3.0/plugins/com.st.stm32cube.ide.mcu.externaltools.gnu-tools-for-stm32.7-2018-q2-update.linux64_1.0.0.201904181610/tools/bin/../lib/gcc/arm-none-eabi/7.3.1/../../../../arm-none-eabi/lib/thumb/v7e-m/fpv4-sp/hard/libc_nano.a(lib_a-nano-freer.o)
 .debug_frame   0x000000000000454c       0x2c /opt/st/stm32cubeide_1.3.0/plugins/com.st.stm32cube.ide.mcu.externaltools.gnu-tools-for-stm32.7-2018-q2-update.linux64_1.0.0.201904181610/tools/bin/../lib/gcc/arm-none-eabi/7.3.1/../../../../arm-none-eabi/lib/thumb/v7e-m/fpv4-sp/hard/libc_nano.a(lib_a-nano-mallocr.o)
 .debug_frame   0x0000000000004578       0x3c /opt/st/stm32cubeide_1.3.0/plugins/com.st.stm32cube.ide.mcu.externaltools.gnu-tools-for-stm32.7-2018-q2-update.linux64_1.0.0.201904181610/tools/bin/../lib/gcc/arm-none-eabi/7.3.1/../../../../arm-none-eabi/lib/thumb/v7e-m/fpv4-sp/hard/libc_nano.a(lib_a-nano-reallocr.o)
 .debug_frame   0x00000000000045b4       0x2c /opt/st/stm32cubeide_1.3.0/plugins/com.st.stm32cube.ide.mcu.externaltools.gnu-tools-for-stm32.7-2018-q2-update.linux64_1.0.0.201904181610/tools/bin/../lib/gcc/arm-none-eabi/7.3.1/../../../../arm-none-eabi/lib/thumb/v7e-m/fpv4-sp/hard/libc_nano.a(lib_a-sbrkr.o)