main.c:138:5:main	16	static
main.c:202:6:SystemClock_Config	88	static
main.c:241:13:MX_USART2_UART_Init	8	static
main.c:277:13:MX_GPIO_Init	32	static
main.c:297:6:vTask1_menuDisplay_handler	24	static
main.c:314:6:vTask2_cmdHandling_handler	24	static
main.c:337:6:vTask3_cmdProcessing_handler	72	static
main.c:382:6:vTask4_uartWrite_handler	24	static
main.c:392:6:HAL_UART_RxCpltCallback	32	static,ignoring_inline_asm
main.c:423:6:printmsg	16	static
main.c:429:9:getCommandCode	16	static
main.c:434:6:getArguments	16	static
main.c:439:6:LED_on	8	static
main.c:444:6:LED_off	8	static
main.c:449:6:LED_toggle	16	static
main.c:454:6:LED_toggle_start	32	static
main.c:468:6:LED_toggle_stop	16	static
main.c:474:6:LED_status_read	24	static
main.c:480:6:LED_rtc_read	16	static
main.c:495:6:HAL_TIM_PeriodElapsedCallback	16	static
main.c:512:6:Error_Handler	4	static
